----- SLURM_JOB_ID=4505361
SLURM_JOB_NODELIST=d3233
SLURM_JOB_GPUS=1
SLURM_GPUS=<unset>
SLURM_STEP_GPUS=<unset>
CUDA_VISIBLE_DEVICES=0
SLURM_NTASKS=1
SLURM_CPUS_PER_TASK=4
SHELL=/bin/bash
PATH=/shared/EL9/explorer/cuda/12.8.0/bin:/shared/EL9/explorer/code-server/4.91.1/code-server-4.91.1-linux-amd64/lib/vscode/bin/remote-cli:/home/z.dehghanipour/.conda/envs/ab-crown-v1/bin:/shared/EL9/explorer/anaconda3/2024.06/condabin:/usr/share/Modules/bin:/usr/local/bin:/usr/bin:/usr/local/sbin:/usr/sbin:/home/z.dehghanipour/.local/bin:/home/z.dehghanipour/bin:/home/z.dehghanipour/.local/bin:/home/z.dehghanipour/bin
========== ENV CHECK ==========
/home/z.dehghanipour/.conda/envs/ab-crown-v1/bin/python
Python 3.11.9
PYTHON: /home/z.dehghanipour/.conda/envs/ab-crown-v1/bin/python
torch: 2.3.1
torch.version.cuda: 12.1
cuda available: True
CUDA_VISIBLE_DEVICES: 0
device[0]: NVIDIA A100 80GB PCIe
capability[0]: (8, 0)
matmul ok: 4288.28515625
Sat Feb 21 19:07:08 2026       
+---------------------------------------------------------------------------------------+
| NVIDIA-SMI 545.23.08              Driver Version: 545.23.08    CUDA Version: 12.3     |
|-----------------------------------------+----------------------+----------------------+
| GPU  Name                 Persistence-M | Bus-Id        Disp.A | Volatile Uncorr. ECC |
| Fan  Temp   Perf          Pwr:Usage/Cap |         Memory-Usage | GPU-Util  Compute M. |
|                                         |                      |               MIG M. |
|=========================================+======================+======================|
|   0  NVIDIA A100 80GB PCIe          On  | 00000000:40:00.0 Off |                    0 |
| N/A   56C    P0              92W / 300W |      4MiB / 81920MiB |      0%      Default |
|                                         |                      |             Disabled |
+-----------------------------------------+----------------------+----------------------+
                                                                                         
+---------------------------------------------------------------------------------------+
| Processes:                                                                            |
|  GPU   GI   CI        PID   Type   Process name                            GPU Memory |
|        ID   ID                                                             Usage      |
|=======================================================================================|
|  No running processes found                                                           |
+---------------------------------------------------------------------------------------+
================================
========== QUICK GPU CHECK ==========
Sat Feb 21 19:07:09 2026       
+---------------------------------------------------------------------------------------+
| NVIDIA-SMI 545.23.08              Driver Version: 545.23.08    CUDA Version: 12.3     |
|-----------------------------------------+----------------------+----------------------+
| GPU  Name                 Persistence-M | Bus-Id        Disp.A | Volatile Uncorr. ECC |
| Fan  Temp   Perf          Pwr:Usage/Cap |         Memory-Usage | GPU-Util  Compute M. |
|                                         |                      |               MIG M. |
|=========================================+======================+======================|
|   0  NVIDIA A100 80GB PCIe          On  | 00000000:40:00.0 Off |                    0 |
| N/A   56C    P0              88W / 300W |      4MiB / 81920MiB |      0%      Default |
|                                         |                      |             Disabled |
+-----------------------------------------+----------------------+----------------------+
                                                                                         
+---------------------------------------------------------------------------------------+
| Processes:                                                                            |
|  GPU   GI   CI        PID   Type   Process name                            GPU Memory |
|        ID   ID                                                             Usage      |
|=======================================================================================|
|  No running processes found                                                           |
+---------------------------------------------------------------------------------------+
=====================================
[rank 0/1] host=d3233 CUDA_VISIBLE_DEVICES=0
[rank 0] === Checking instance ID 400 ===
[rank 0] >>> Running ID=400 onnx=onnx/vgg16-7.onnx
Configurations:

general:
  device: cuda
  seed: 100
  conv_mode: patches
  deterministic: false
  double_fp: false
  loss_reduction_func: max
  sparse_alpha: true
  sparse_interm: true
  save_adv_example: false
  verify_onnxruntime_output: false
  eval_adv_example: false
  show_adv_example: false
  precompile_jit: false
  prepare_only: false
  complete_verifier: bab
  enable_incomplete_verification: false
  csv_name: instances.csv
  results_file: results/vggnet16_all_p_2/result_400.rank0.txt
  root_path: ../../vnncomp2023_benchmarks/benchmarks/vggnet16
  deterministic_opt: false
  graph_optimizer: 'Customized("custom_graph_optimizer", "maxpool_to_relu")'
  buffer_has_batchdim: false
  save_output: false
  output_file: out.pkl
  return_optimized_model: false
  output_additional_stats: true
  instance_id: 400
  dataset_output_dir: dataset
  min_stable_neurons_ratio_threshold: 0.0
model:
  name: null
  path: null
  onnx_path: /projects/air/dlverifier/vggnet16_all/onnx/vgg16-7.onnx
  onnx_path_prefix: ''
  cache_onnx_conversion: true
  debug_onnx: false
  onnx_quirks: null
  input_shape: null
  onnx_loader: default_onnx_and_vnnlib_loader
  onnx_optimization_flags: []
  onnx_vnnlib_joint_optimization_flags: none
  check_optimized: false
  flatten_final_output: false
  optimize_graph: null
  with_jacobian: false
data:
  start: 0
  end: 10000
  select_instance: null
  num_outputs: 1000
  mean: 0.0
  std: 1.0
  pkl_path: null
  dataset: null
  data_filter_path: null
  data_idx_file: null
specification:
  type: lp
  robustness_type: verified-acc
  norm: .inf
  epsilon: null
  epsilon_min: 0.0
  vnnlib_path: /projects/air/dlverifier/vggnet16_all/vnnlib/n01817953_African_grey_global_k50176_eps_0.0003.vnnlib
  vnnlib_path_prefix: ''
  rhs_offset: null
solver:
  batch_size: 1
  auto_enlarge_batch_size: false
  min_batch_size_ratio: 0.1
  use_float64_in_last_iteration: false
  early_stop_patience: 10
  start_save_best: 0.5
  bound_prop_method: forward+backward
  init_bound_prop_method: same
  prune_after_crown: false
  optimize_disjuncts_separately: false
  crown:
    batch_size: 16
    max_crown_size: 1000000000
    relu_option: adaptive
  alpha-crown:
    alpha: true
    lr_alpha: 0.1
    iteration: 100
    share_alphas: false
    lr_decay: 0.98
    full_conv_alpha: true
    max_coeff_mul: .inf
    matmul_share_alphas: false
    disable_optimization: []
    max_time: 1.0
  invprop:
    apply_output_constraints_to: []
    tighten_input_bounds: false
    best_of_oc_and_no_oc: false
    directly_optimize: []
    oc_lr: 0.1
    share_gammas: false
  beta-crown:
    lr_alpha: 0.01
    lr_beta: 0.05
    lr_decay: 0.98
    optimizer: adam
    iteration: 10
    beta: true
    beta_warmup: true
    enable_opt_interm_bounds: false
    all_node_split_LP: false
  forward:
    refine: false
    dynamic: true
    max_dim: 100
    reset_threshold: 1.0
  intermediate_refinement:
    enabled: false
    batch_size: 10
    opt_coeffs: false
    opt_bias: false
    lr: 0.05
    layers: [-1]
    max_domains: 1000
  multi_class:
    label_batch_size: 32
    skip_with_refined_bound: true
  mip:
    unstable_neuron_threshold: 0
    parallel_solvers: null
    solver_threads: 1
    refine_neuron_timeout: 15
    refine_neuron_time_percentage: 0.8
    early_stop: true
    adv_warmup: true
    mip_solver: gurobi
    skip_unsafe: false
    topk_filter: 1.0
    sliding_window: -1
    extra_constraint: false
    refine_neuron_timeout_increasement: 0
    timeout_neuron_percentage: 0.3
    remaining_timeout_threshold: 1
    remove_unstable_neurons: true
    lp_solver: false
bab:
  initial_max_domains: 1
  backing_up_max_domain: null
  max_domains: .inf
  decision_thresh: 0
  timeout: 1200.0
  timeout_scale: 1
  max_iterations: -1
  override_timeout: null
  get_upper_bound: false
  pruning_in_iteration: true
  pruning_in_iteration_ratio: 0.2
  sort_targets: false
  batched_domain_list: true
  optimized_interm: ''
  interm_transfer: true
  recompute_interm: false
  sort_domain_interval: -1
  vanilla_crown: false
  tree_traversal: depth_first
  cut:
    enabled: false
    cuts_path: /tmp/abcrown_cuts
    implication: false
    bab_cut: false
    lp_cut: false
    method: null
    lr: 0.01
    lr_decay: 1.0
    iteration: 100
    bab_iteration: -1
    early_stop_patience: -1
    lr_beta: 0.02
    number_cuts: 50
    topk_cuts_in_filter: 1000
    batch_size_primal: 100
    max_num: 1000000000
    patches_cut: false
    cplex_cuts: false
    cplex_cuts_wait: 0
    cplex_cuts_revpickup: true
    cut_reference_bounds: true
    fix_intermediate_bounds: false
    _tmp_cuts: null
    fixed_cuts: false
    add_implied_cuts: false
    add_input_cuts: false
    biccos:
      enabled: false
      constraint_strengthening: true
      recursively_strengthening: false
      drop_ratio: 0.5
      verified_bonus: 0.3
      max_infer_iter: 20
      heuristic: neuron_influence_score
      save_biccos_cuts: false
      multi_tree_branching:
        enabled: false
        restore_best_tree: false
        keep_n_best_domains: 1
        k_splits: 1
        iterations: 1
  branching:
    method: sb
    candidates: 3
    reduceop: min
    enable_intermediate_bound_opt: false
    branching_input_and_activation: false
    branching_input_and_activation_order: [input, relu]
    branching_input_iterations: 30
    branching_relu_iterations: 50
    gnn_path: ''
    neural_heuristic:
      model_path: ''
    rl:
      experiment: general
      eval: false
      extras: []
      logging:
        color: true
        debug: true
        file: rl-experiment.log
      pnet:
        gH: 64
        tH: 64
        nheads: 64
        nlayers: 64
        useDynamicGraph: true
        bidirectional: false
        GAT: true
      training:
        gamma: 0.99
        lr: 0.001
        batchSize: 8
        loop: 8
        totalEpochs: 10
        updatePolicyFrequency: 10
        updateTargetFrequency: 10
        buffer: buffer.pkl
        preparedBuffer: 'False'
        TestingPreparedBuffer: false
        scriptTraining: false
        policynet: policy-checkpoint.pt
        targetnet: target-checkpoint.pt
        datasetShuffle: true
        targetedData: all
        splitRatio: 0.8
        maxInstances: -1
        trainingMode: full
        reward:
          norm: null
          bonus: 10.0
          penalty: -1.0
      egreedy:
        epsilon: 0.1
        epsilonDecay: 0.1
        minEpsilon: 0.1
        ePath: epsilon.pt
        enabled: true
      expert:
        useExpertUntilEpisode: 0.1
        enabled: true
        learnToImitateExpertEpochs: 10
    nonlinear_split:
      method: shortcut
      branching_point_method: uniform
      num_branches: 2
      filter: false
      filter_beta: false
      filter_clamp: false
      filter_batch_size: 10000
      filter_iterations: 25
      relu_only: false
      loose_tanh_threshold: null
      dynamic_bbps: false
      dynamic_options: [uniform, three_left, three_right]
      branching_point_node: ''
      branching_point_db: []
    input_split:
      enable_clip_domains: false
      split_hint: null
      reorder_bab: false
      enable: true
      enhanced_bound_prop_method: alpha-crown
      enhanced_branching_method: naive
      enhanced_bound_patience: 100000000.0
      attack_patience: 100000000.0
      adv_check: 0
      split_partitions: 2
      sb_margin_weight: 1.0
      sb_sum: false
      sb_primary_spec: null
      bf_backup_thresh: -1
      bf_rhs_offset: 0
      bf_iters: 1000000000.0
      bf_batch_size: 100000
      bf_zero_crossing_score: false
      touch_zero_score: 0
      ibp_enhancement: false
      catch_assertion: false
      compare_with_old_bounds: false
      update_rhs_with_attack: false
      sb_coeff_thresh: 0.001
      sort_index: null
      sort_descending: true
      show_progress: false
      presplit_domains: null
      skip_getting_worst_domain: false
  attack:
    enabled: false
    beam_candidates: 8
    beam_depth: 7
    max_dive_fix_ratio: 0.8
    min_local_free_ratio: 0.2
    mip_start_iteration: 5
    mip_timeout: 30.0
    adv_pool_threshold: null
    refined_mip_attacker: false
    refined_batch_size: null
attack:
  pgd_order: input_bab
  pgd_steps: 100
  pgd_restarts: 30
  pgd_batch_size: 100000000
  pgd_early_stop: true
  pgd_lr_decay: 0.99
  pgd_alpha: auto
  pgd_alpha_scale: false
  pgd_loss_mode: null
  pgd_restart_when_stuck: false
  enable_mip_attack: false
  adv_saver: default_adv_saver
  adv_verifier: default_adv_verifier
  early_stop_condition: default_early_stop_condition
  adv_example_finalizer: default_adv_example_finalizer
  pgd_loss: default_pgd_loss
  cex_path: ./test_cex.txt
  attack_mode: PGD
  attack_tolerance: 0.0
  attack_func: attack_with_general_specs
  gama_lambda: 10.0
  gama_decay: 0.9
  check_clean: true
  input_split:
    pgd_steps: 100
    pgd_restarts: 30
    pgd_alpha: auto
  input_split_enhanced:
    pgd_steps: 200
    pgd_restarts: 500000
    pgd_alpha: auto
  input_split_check_adv:
    enabled: auto
    pgd_steps: 5
    pgd_restarts: 5
    pgd_alpha: auto
    max_num_domains: 10
debug:
  sanity_check: Full+Graph
  view_model: false
  lp_test: null
  rescale_vnnlib_ptb: null
  test_optimized_bounds: false
  test_optimized_bounds_after_n_iterations: 0
  print_verbose_decisions: false

Experiments at Sat Feb 21 19:07:33 2026 on d3233
Internal results will be saved to results/vggnet16_all_p_2/result_400.rank0.txt.

[ZRL] %%%%%%%%%%%%%%%%%%%%%%%%%%%%%%%%%%% idx: 0, vnnlib ID: 0 %%%%%%%%%%%%%%%%%%%%%%%%%%%%%%%%%%%
Using onnx /projects/air/dlverifier/vggnet16_all/onnx/vgg16-7.onnx
Using vnnlib /projects/air/dlverifier/vggnet16_all/vnnlib/n01817953_African_grey_global_k50176_eps_0.0003.vnnlib
150528 inputs and 1000 outputs in vnnlib
Loading cached onnx model from /projects/air/dlverifier/vggnet16_all/onnx/vgg16-7.onnx.cached
Cannot read cached onnx file. Regenerating...
Loading onnx /projects/air/dlverifier/vggnet16_all/onnx/vgg16-7.onnx with quirks {}
Finished onnx model loading in 43.0918 seconds
Number of perturbed inputs: 150528
WARNING: prioritizing attack due to too many perturbed pixels on VGG
Setting arguments.Config["attack"]["pgd_order"] to "before"
Setting bound_prop_method to crown
Attack parameters: initialization=uniform, steps=100, restarts=30, alpha=7.500499486923218e-05, initialization=uniform, GAMA=False
Model output of first 5 examples:
 tensor([[-1.63377076e-01,  1.62236679e+00, -1.21836722e+00, -2.13769341e+00,
         -1.03802419e+00,  3.56830060e-01,  2.49481991e-01, -1.30528748e+00,
         -7.68105924e-01, -2.19756317e+00, -1.49012017e+00, -6.85147882e-01,
         -7.17474043e-01, -1.34524345e+00, -5.75867653e-01, -1.63287640e-01,
         -1.29080844e+00, -1.51503325e+00, -9.60110545e-01, -1.12933934e+00,
         -1.75547755e+00, -7.24370122e-01, -2.95242757e-01, -1.00499475e+00,
         -1.00279212e+00, -1.20341098e+00, -6.34112120e-01, -1.27671099e+00,
         -9.33344424e-01,  1.28449485e-01, -1.79242837e+00,  2.39958704e-01,
         -1.13481176e+00, -1.60488546e+00, -1.79187226e+00, -9.80215251e-01,
          4.23730046e-01, -1.24400592e+00, -8.07052076e-01, -1.15232563e+00,
          1.20961115e-01, -2.13891530e+00, -2.22097921e+00, -1.14472377e+00,
         -1.38600063e+00, -6.71327651e-01,  3.09608042e-01, -8.12642276e-01,
         -1.22969151e+00, -1.26270604e+00, -2.09445551e-01, -1.42875981e+00,
         -6.64955318e-01, -1.84215531e-01, -8.60713303e-01, -7.45648146e-01,
         -6.77191764e-02, -2.40820003e+00, -6.78738236e-01, -2.48364329e-01,
          1.69831038e-01, -4.21958983e-01, -1.04268324e+00, -1.03827864e-01,
         -5.18970788e-01, -1.60912454e+00, -1.14915836e+00, -8.07387292e-01,
         -1.75726938e+00, -2.05396962e+00,  1.71517804e-01,  3.62851709e-01,
         -5.49147949e-02,  5.60252845e-01,  7.58715212e-01,  7.97537863e-01,
          7.16847658e-01,  1.44946969e+00,  8.42616439e-01,  7.68501401e-01,
         -1.26307398e-01, -2.36767626e+00, -1.01574779e+00, -1.59268129e+00,
         -8.05586576e-01, -1.05562377e+00, -1.70045435e+00,  2.00105458e-01,
          3.10988992e-01, -4.87009250e-02, -3.86044502e-01, -1.10169077e+00,
         -9.57887530e-01,  4.47202563e-01, -2.60509133e-01, -2.19274044e+00,
          1.06968606e+00, -1.43453765e+00, -1.58216250e+00, -1.21762204e+00,
         -8.25398088e-01, -1.24106944e+00, -2.25970888e+00, -4.78146344e-01,
         -1.03655863e+00, -1.79401314e+00, -4.41382319e-01, -1.72006220e-01,
         -2.58516699e-01, -8.99833381e-01, -1.08395088e+00, -2.88419455e-01,
          3.11384320e-01, -1.22162439e-01, -1.78162187e-01, -9.71613050e-01,
         -1.96771562e+00,  3.17999125e-01, -3.04748625e-01, -1.77908969e+00,
         -9.17533934e-01, -1.22041941e+00, -6.76168025e-01, -1.99399376e+00,
         -7.77330518e-01, -1.48876798e+00,  4.20232713e-01, -6.30952299e-01,
         -7.37694263e-01,  5.70869446e-02,  1.23643607e-01, -1.16386139e+00,
          1.65659294e-01, -7.56771743e-01, -8.79011869e-01, -9.05483425e-01,
         -1.38762283e+00, -7.70480812e-01, -9.63097692e-01, -2.55883789e+00,
         -2.51964569e+00, -1.04775691e+00, -1.61280143e+00, -1.50886869e+00,
         -1.80900466e+00, -8.74700129e-01, -2.57204056e+00, -2.25952911e+00,
         -1.17883408e+00, -9.90785658e-01, -2.04492378e+00,  1.53845263e+00,
         -5.90770245e-01,  1.58536053e+00,  6.97697639e-01,  3.66723597e-01,
         -3.41858894e-01,  6.16294920e-01, -3.19606632e-01, -1.30792052e-01,
         -4.92849737e-01,  8.32143575e-02,  8.75255048e-01, -1.03409968e-01,
         -9.78439748e-01, -6.01368397e-03, -8.73176575e-01, -1.04189444e+00,
          2.61773705e-01, -1.34576470e-01, -8.44857931e-01,  3.85003835e-02,
         -9.08585429e-01, -5.33654690e-01, -6.65533900e-01, -1.16097021e+00,
         -1.29572177e+00, -9.22080576e-01,  1.57654583e-01, -7.36733377e-01,
         -7.93716371e-01, -4.98604000e-01,  5.92736542e-01, -1.57321364e-01,
          5.15640318e-01,  2.04068601e-01,  5.90881050e-01,  8.38460863e-01,
         -7.99465954e-01, -1.83551401e-01, -1.77277878e-01,  1.16484916e+00,
          3.52905393e-01, -8.51450637e-02, -6.69851243e-01,  1.10083020e+00,
          2.34927833e-02, -5.51255405e-01, -1.12506998e+00,  1.43893754e+00,
          1.75669909e-01,  1.08886592e-01,  6.65257275e-01,  2.13036060e+00,
          1.31744397e+00, -5.52932203e-01, -9.31556046e-01,  1.02477491e-01,
          2.99427778e-01,  5.03212735e-02, -2.32565641e+00,  8.87218714e-02,
         -6.64780885e-02, -2.58235395e-01, -1.59360483e-01,  1.39806509e-01,
          2.33034462e-01,  3.85052487e-02, -5.24826109e-01,  1.68909967e-01,
         -1.14276797e-01, -4.45983410e-01,  2.74831563e-01,  9.29336667e-01,
          3.85711044e-01, -8.95488262e-01, -6.31831139e-02, -5.31706512e-01,
         -6.29021823e-01,  8.02748263e-01, -1.89442962e-01,  5.06742075e-02,
         -9.52260613e-01,  2.06429660e-02,  3.17173630e-01, -1.22233987e-01,
         -1.98620200e-01,  7.80549705e-01, -2.98190683e-01,  2.08348274e-01,
         -4.13462937e-01, -6.99498475e-01,  4.74763453e-01, -6.96396589e-01,
         -5.43692946e-01,  8.66148651e-01, -7.95819879e-01, -1.55102998e-01,
         -3.67345303e-01,  1.99516252e-01, -6.85280263e-02, -6.49101794e-01,
          6.33287311e-01,  3.37072015e-02,  1.57718730e+00, -1.01492822e+00,
         -7.30277658e-01,  9.40055430e-01,  5.67490220e-01,  1.90412116e+00,
          1.39573181e+00,  4.88818958e-02, -7.31522441e-01,  4.76772726e-01,
         -7.18458369e-02,  1.56428957e+00,  3.41205627e-01,  2.07324475e-02,
         -1.41320753e+00, -1.51023060e-01,  3.99956465e-01,  5.73010087e-01,
         -1.99513361e-01,  6.25844419e-01, -4.65647757e-01, -6.30535185e-01,
         -4.32513505e-01,  8.02219391e-01, -9.38751549e-02,  4.21477944e-01,
          7.72026107e-02,  1.41356289e+00,  1.46714437e+00,  3.01262140e+00,
          2.48946619e+00,  1.06930459e+00, -3.55924845e-01,  5.49115717e-01,
         -4.96728867e-01, -1.21078956e+00, -5.66185296e-01, -6.19327426e-01,
         -5.58886349e-01, -1.94964692e-01, -1.21328342e+00, -4.82025832e-01,
         -3.13437402e-01, -1.02700150e+00, -1.87236047e+00, -8.35075200e-01,
         -1.85391629e+00, -1.15464427e-01, -6.04849577e-01, -4.83372092e-01,
         -8.82552743e-01, -1.62957740e+00, -2.34301761e-03, -5.37194014e-01,
         -3.11331213e-01, -3.34842712e-01,  7.36278057e-01,  2.97365993e-01,
         -3.91147286e-01,  1.59855843e+00,  1.28345895e+00,  7.23645687e-01,
         -6.54964268e-01, -1.63747084e+00,  1.24010913e-01, -2.65753061e-01,
         -6.19010448e-01, -2.03816581e+00, -1.88010073e+00, -1.10039830e+00,
         -1.65034711e+00, -1.63464046e+00, -2.20589113e+00, -9.81025040e-01,
         -1.61455429e+00, -1.92231929e+00, -4.10526901e-01, -4.49760139e-01,
          2.36257386e+00,  5.98327577e-01, -1.08679247e+00, -1.81046307e+00,
         -2.40221310e+00, -3.55823606e-01, -6.30521327e-02, -1.81734192e+00,
         -1.10827577e+00, -4.85257030e-01, -1.58046758e+00, -1.87154162e+00,
         -8.67966890e-01, -1.72027385e+00, -1.70133460e+00, -9.21334863e-01,
         -2.42271590e+00, -2.41314507e+00, -2.47297788e+00, -1.86782801e+00,
         -9.96830881e-01, -1.57511437e+00, -1.36929274e+00, -1.62415695e+00,
         -1.99260771e-01, -7.07128882e-01,  7.13739917e-02,  2.52284169e-01,
         -1.19727147e+00, -4.59179431e-02, -2.33896717e-01, -3.90115082e-01,
         -1.57209480e+00, -4.83912915e-01, -1.17069209e+00, -8.72909367e-01,
         -4.27787155e-01, -1.39450312e+00, -7.52734423e-01, -1.50612330e+00,
         -1.25510001e+00, -1.11426520e+00, -8.34921062e-01, -1.42836773e+00,
         -7.22546279e-01, -4.42250609e-01,  5.42636216e-01, -1.10932279e+00,
         -8.54656026e-02, -5.31819642e-01, -1.84557587e-01, -9.60196316e-01,
         -6.90600634e-01, -5.74478984e-01, -1.08173561e+00, -1.01063502e+00,
         -9.49456692e-01, -1.02573907e+00, -2.03520346e+00, -6.42642677e-01,
         -9.68649626e-01, -1.35379076e+00, -1.48040032e+00, -4.82988387e-01,
         -1.42574537e+00, -1.21498621e+00, -3.86939615e-01,  2.41016006e+00,
          9.72862065e-01,  9.24478233e-01,  1.32096910e+00, -1.97085977e+00,
         -7.31095672e-01,  2.22132519e-01,  5.66863418e-01, -7.79532790e-02,
         -1.84125197e+00,  2.36173058e+00, -9.90205407e-01,  3.45579720e+00,
          5.60363054e-01,  7.70862222e-01,  2.39178801e+00, -7.03550696e-01,
          9.91790652e-01,  1.14257097e+00,  4.02747929e-01,  1.55685532e+00,
          1.15381205e+00,  3.45021874e-01, -6.56171918e-01,  8.88663009e-02,
          6.18697524e-01,  1.48644364e-02,  7.53842652e-01, -5.44923902e-01,
         -4.98286009e-01, -9.98961985e-01, -6.63377464e-01,  1.44635034e+00,
          6.98170006e-01,  9.77282524e-01,  1.27025950e+00,  2.03311920e+00,
         -2.52786368e-01, -1.28249645e+00,  4.69824225e-01,  3.15215707e-01,
          3.03649604e-02,  1.23142123e+00,  4.99773175e-01,  2.50834990e+00,
         -1.14922059e+00, -7.76726365e-01,  2.25326419e+00,  2.90461704e-02,
         -5.77874482e-01, -2.45630398e-01, -1.45583570e+00,  7.60260999e-01,
          1.03867781e+00,  6.23912990e-01, -9.57960606e-01,  3.28294218e-01,
          3.14863473e-01,  2.50433731e+00, -8.74253750e-01,  1.00445378e+00,
         -2.41965365e+00,  6.45065486e-01,  1.11262262e+00,  1.08034931e-01,
          9.78058279e-01,  2.48258781e+00, -1.94327608e-02, -1.73463202e+00,
          7.26922095e-01,  1.18524134e+00,  1.95327449e+00, -1.59176362e+00,
         -1.08462775e+00, -1.09875083e+00,  2.34339043e-01,  1.05760765e+00,
          1.07373846e+00, -9.51211512e-01,  2.26249412e-01, -5.90606928e-01,
          1.72007358e+00,  2.29820192e-01,  4.91306424e-01, -1.26904368e+00,
         -1.90110767e+00,  8.93987656e-01,  1.08135176e+00,  2.08344793e+00,
         -1.24451399e+00,  3.85964423e-01,  1.24177074e+00, -1.41361272e+00,
          3.14603657e-01,  8.21564853e-01,  8.83770704e-01,  1.30752110e+00,
          6.72766685e-01,  6.71703160e-01,  1.21585178e+00,  1.36475646e+00,
         -1.95415366e+00,  1.64207792e+00, -4.57498789e-01,  1.03377283e-01,
          8.72336626e-01,  6.23502731e-01, -1.66174686e+00,  4.05915827e-02,
          1.58726442e+00, -1.37863147e+00, -1.87218904e+00, -8.19428504e-01,
         -6.11426651e-01,  2.95915514e-01, -3.48535776e-01,  1.36736202e+00,
          5.09352922e-01, -2.16783732e-01,  5.53628147e-01, -1.51981831e-01,
          1.26954472e+00,  2.33391330e-01, -1.42175674e+00,  6.78647459e-01,
          5.53644896e-01, -1.64019001e+00,  1.05785155e+00,  1.52283120e+00,
         -4.63976115e-01,  6.60098970e-01,  2.08363008e+00,  1.38844860e+00,
          1.54184139e+00,  8.70996296e-01,  1.40972102e+00, -2.07160330e+00,
         -1.86301839e+00, -1.93637693e+00,  1.33646560e+00,  2.30762577e+00,
         -1.11584115e+00, -2.87055850e-01,  2.15417671e+00, -1.12657279e-01,
         -1.81546301e-01,  1.52757585e+00,  4.42281455e-01, -2.11735678e+00,
          9.11941826e-01,  2.73908401e+00, -7.10472107e-01, -6.53592527e-01,
          2.20197964e+00,  1.06711423e+00, -1.11226225e+00, -5.22739351e-01,
          5.12258863e+00,  1.90041268e+00,  1.30426741e+00,  1.14273560e+00,
         -5.63690245e-01, -1.49886295e-01,  1.73484790e+00,  6.67730987e-01,
          1.82422423e+00,  1.24516070e+00, -2.79273868e-01,  6.80385649e-01,
          1.69682169e+00, -1.90461099e+00,  8.69589448e-01, -1.59947705e+00,
          1.41709137e+00, -1.26713836e+00, -4.94050294e-01, -1.57002434e-01,
         -2.06877613e+00,  1.83083665e+00,  1.27961135e+00,  2.72484899e+00,
          1.46595180e+00,  2.11991191e-01, -1.30648232e+00, -1.32398486e+00,
          6.94213331e-01,  2.73194551e-01, -9.84772503e-01,  4.49548066e-02,
          2.92945123e+00,  1.02333808e+00,  3.87486935e-01,  4.65435028e+00,
         -7.22348809e-01,  6.52273774e-01,  3.15595567e-01, -1.58741677e+00,
          4.34296191e-01, -1.65994704e-01,  2.08075333e+00,  1.76837146e+00,
          1.00961363e+00,  1.69607055e+00,  1.32449925e+00, -2.07053089e+00,
          2.96276629e-01,  1.38853359e+00,  1.23589623e+00,  1.39230978e+00,
          1.66248190e+00, -5.38329482e-01,  2.78373146e+00,  6.34013951e-01,
         -5.35127401e-01,  1.44734427e-01,  1.55614328e+00,  5.99618912e-01,
          1.68185174e-01,  1.77781713e+00,  1.12878633e+00,  4.32139206e+00,
          3.16731620e+00, -5.30811250e-01,  1.19858205e+00, -1.51855312e-03,
         -4.48811769e-01, -1.81501842e+00,  9.28659618e-01,  3.22025716e-01,
         -1.72045493e+00,  3.17856789e-01, -1.91048533e-01, -5.96249998e-02,
          3.09921861e+00,  2.10414127e-01, -1.45350540e+00, -3.07717711e-01,
          2.26810455e+00, -7.25304365e-01,  6.00970924e-01,  7.81378001e-02,
         -1.27244055e+00,  6.66325808e-01,  9.70289350e-01,  7.59174407e-01,
          1.47883749e+00, -1.99105096e+00,  1.10385358e+00,  1.70356125e-01,
          9.73484874e-01, -1.76155686e+00,  2.08014846e+00,  3.42423677e+00,
          7.70434678e-01, -1.13727689e+00, -5.19855440e-01,  2.76737356e+00,
         -1.31682709e-01,  6.46144509e-01, -1.40630394e-01,  4.96925056e-01,
          7.10444301e-02, -1.54372704e+00,  8.10279012e-01, -1.41790187e+00,
          2.78496599e+00, -5.15103638e-01, -9.76714015e-01,  8.20084751e-01,
          9.86450985e-02,  3.91340303e+00, -3.37798804e-01, -1.06063569e+00,
          8.94784212e-01,  1.16230595e+00, -4.82496381e-01, -7.48134136e-01,
         -1.29030597e+00,  3.71710323e-02,  1.04342449e+00, -4.64014083e-01,
          2.67077804e-01,  1.89064884e+00, -8.28057170e-01,  1.14502740e+00,
         -3.45151514e-01, -1.41923323e-01, -1.02467942e+00, -1.39755368e-01,
          2.23200059e+00,  1.15971851e+00, -2.75878739e+00,  3.17979634e-01,
          1.32293820e+00, -3.58491570e-01, -1.32871675e+00, -3.17504220e-02,
          7.60849178e-01,  1.50420713e+00, -4.31340247e-01,  4.74314868e-01,
          1.12809062e+00,  6.08621776e-01,  4.56315100e-01, -4.30873126e-01,
          9.10119176e-01, -1.11231530e+00,  3.26461911e-01,  6.22766376e-01,
         -5.44310808e-01,  1.32837927e+00, -1.15483677e+00,  7.83397198e-01,
          1.00159943e+00,  8.99306059e-01,  4.60573882e-02, -9.79038060e-01,
          5.21949351e-01, -1.83026671e+00, -1.58757702e-01,  2.98706144e-01,
         -7.31913298e-02,  2.83314538e+00,  9.35280383e-01,  1.37065202e-01,
         -1.78499103e+00,  1.23946428e+00, -2.35677290e+00,  1.50345469e+00,
          1.03418946e+00, -4.21671927e-01, -2.16620111e+00,  1.52487946e+00,
         -1.37672797e-01,  8.65748405e-01, -1.00753367e+00,  1.90355015e+00,
          7.51956105e-01, -3.76572698e-01,  5.22450387e-01, -1.36625290e+00,
         -6.42621934e-01,  2.74687552e+00, -3.58970135e-01,  6.25022233e-01,
          3.91191155e-01,  1.67275047e+00,  5.56596577e-01,  7.78718352e-01,
          1.48505938e+00,  1.37725401e+00,  3.04573631e+00, -3.02896738e-01,
          9.42124665e-01,  2.43180513e+00,  9.09188271e-01, -1.51325893e+00,
          5.68300545e-01, -3.68823946e-01, -6.15591049e-01,  6.54113829e-01,
          1.87720490e+00,  1.91831350e+00,  5.93389094e-01,  2.89914906e-01,
          1.40381324e+00,  7.13356376e-01,  1.44041038e+00,  2.64985599e-02,
         -1.34043694e+00,  9.88941044e-02, -9.23560560e-01,  8.49120677e-01,
          1.12654340e+00,  8.09081256e-01, -2.58985251e-01,  1.46021295e+00,
          1.33651841e+00,  6.23126179e-02, -2.94877470e-01, -3.52517754e-01,
         -9.95461941e-01,  3.17265570e-01,  2.85492110e+00, -2.57175088e-01,
          9.63941813e-01,  3.87499362e-01, -3.41561317e-01,  4.35176104e-01,
         -6.81443989e-01,  3.83720422e+00,  3.79338473e-01,  4.36344177e-01,
          7.79970884e-01,  1.83352482e+00,  5.87840509e+00, -6.52604759e-01,
          1.14938593e+00,  2.49683905e+00, -3.72663766e-01,  3.35782814e+00,
          3.97831410e-01, -1.38325477e+00, -8.18167627e-01, -3.15329611e-01,
          5.91887295e-01, -1.87908381e-01, -4.05567914e-01,  1.28040969e-01,
          1.29167482e-01,  9.25066531e-01,  7.92012215e-01,  2.57363391e+00,
          9.78406549e-01,  9.98867452e-01, -1.24805045e+00,  1.78935456e+00,
          3.65154356e-01, -3.49679470e-01,  2.61126590e+00,  2.64089346e+00,
         -1.48349774e+00, -1.17298806e+00,  9.50187087e-01,  6.61247849e-01,
          1.62106228e+00, -1.38661754e+00,  1.26415312e-01,  1.68263912e+00,
          1.70922315e+00, -8.59855056e-01,  7.49589577e-02,  2.40383506e+00,
         -9.60543811e-01, -1.91580045e+00,  2.58526969e+00, -1.97409487e+00,
          5.67127228e-01,  1.18409085e+00, -3.55932355e-01, -2.93316334e-01,
          1.51739740e+00,  1.15842223e+00,  1.43258834e+00,  7.26098120e-01,
          9.40567017e-01,  1.59506381e+00,  2.55084896e+00, -1.03576410e+00,
          7.68842518e-01,  6.42449975e-01,  7.28300035e-01,  3.57708573e+00,
          6.64857268e-01, -1.11438489e+00,  3.91077018e+00,  1.84752584e-01,
         -3.71772075e+00,  1.85435846e-01,  2.52657950e-01,  8.95173371e-01,
         -6.59707487e-01,  1.50793397e+00,  1.12736237e+00, -1.97883916e+00,
         -1.50682700e+00, -1.03529918e+00, -9.74086702e-01, -6.09394848e-01,
          2.33623266e+00,  1.55734110e+00, -4.80787218e-01, -1.30206513e+00,
          1.77679324e+00, -1.38557538e-01, -2.24601030e+00,  7.15253294e-01,
          2.11434841e+00,  1.13987553e+00, -6.08398795e-01,  2.75335336e+00,
          8.21900189e-01,  9.29497540e-01,  1.29747295e+00,  1.22291815e+00,
          1.25992680e+00,  3.33954453e+00, -7.74214137e-03,  1.17284656e+00,
         -1.15446794e+00,  1.76099706e+00, -1.22750843e+00,  1.84885323e-01,
          3.48281813e+00,  6.21901989e-01,  2.75038958e+00, -1.48306251e+00,
          1.82159114e+00,  1.18439472e+00,  7.53856480e-01,  6.73887193e-01,
         -6.94604814e-01, -1.42182863e+00,  1.51692122e-01,  2.24269342e+00,
          7.01317310e+00,  6.61225557e+00,  2.25136280e+00,  4.86384660e-01,
         -3.09607089e-01,  1.27604663e+00,  3.74088794e-01,  2.29310775e+00,
         -1.27083719e+00, -2.24142528e+00, -1.67177784e+00,  9.90996063e-01,
          1.11271620e+00,  7.45822415e-02,  1.05224895e+00, -2.53648013e-01,
          1.18798518e+00,  1.74345827e+00,  1.38099742e+00,  4.62268442e-01,
         -1.77716017e+00,  1.52654183e+00, -1.63282424e-01, -4.42464530e-01,
         -8.08196127e-01,  5.12713075e-01, -2.66566992e-01, -3.87955785e-01,
         -1.09958470e+00, -6.30993485e-01, -6.66463614e-01, -5.85329011e-02,
         -7.39836156e-01, -6.16378903e-01, -1.40344352e-01, -2.98200816e-01,
         -1.17326295e+00, -6.01849258e-01,  1.47959858e-01, -1.08722758e+00,
         -2.97651792e+00, -8.82349312e-01, -2.04964519e+00,  1.43642575e-01,
          6.06538534e-01,  3.56928498e-01,  8.87625575e-01,  1.23278208e-01,
         -1.24395299e+00,  3.26521933e-01,  2.67397195e-01, -8.39219093e-01,
         -1.02688766e+00, -4.85326618e-01, -9.19794798e-01, -1.11444867e+00,
         -7.06704259e-01, -5.04110456e-01, -5.85718691e-01,  1.61322013e-01,
          2.69743443e-01, -3.72410715e-01,  2.00899172e+00, -2.03726023e-01,
          7.75519788e-01,  1.09191000e-01, -1.74267828e+00,  1.79120672e+00,
         -1.99930012e+00, -1.31796265e+00, -4.20876369e-02, -3.24123532e-01,
         -2.55682802e+00, -3.93273920e-01, -9.65613663e-01, -1.93641019e+00,
          6.63408399e-01,  4.55339178e-02,  1.86030924e+00, -8.52321982e-01,
         -1.09209096e+00,  1.05862355e+00, -1.06990314e+00,  8.95130336e-02,
         -1.61714935e+00, -3.54535967e-01, -1.37302864e+00, -9.24577415e-01,
         -4.20827478e-01, -1.85616040e+00, -2.04573393e+00, -1.32851481e+00,
         -9.76860583e-01, -1.99596834e+00,  6.86501488e-02,  1.08079338e+00]],
       device='cuda:0')
Adv example prediction (first 2 examples and 2 restarts):
 tensor([[[-1.73791543e-01,  1.63645339e+00, -1.21004987e+00, -2.10988045e+00,
          -1.02472591e+00,  3.49381506e-01,  2.38336399e-01, -1.28864658e+00,
          -7.58954048e-01, -2.13205814e+00, -1.43586648e+00, -6.27026558e-01,
          -6.75274611e-01, -1.29460061e+00, -5.30564785e-01, -1.19640835e-01,
          -1.24795938e+00, -1.46991909e+00, -9.19182360e-01, -1.09547961e+00,
          -1.69673920e+00, -6.80602074e-01, -2.60930568e-01, -9.70901132e-01,
          -9.36004817e-01, -1.15303159e+00, -5.70620537e-01, -1.25681615e+00,
          -9.33931708e-01,  1.57274827e-01, -1.73791814e+00,  2.74948657e-01,
          -1.09615409e+00, -1.58357298e+00, -1.76663458e+00, -9.45343971e-01,
           4.54094470e-01, -1.22589803e+00, -7.80882716e-01, -1.10089040e+00,
           1.62546828e-01, -2.08681583e+00, -2.17012811e+00, -1.08908117e+00,
          -1.32711172e+00, -6.39475942e-01,  3.53686929e-01, -7.62719095e-01,
          -1.19240499e+00, -1.19391870e+00, -1.55334115e-01, -1.43291509e+00,
          -6.45883143e-01, -1.79248944e-01, -8.34846735e-01, -6.99151397e-01,
          -5.28552197e-02, -2.36698651e+00, -6.41492844e-01, -1.93067700e-01,
           2.09654093e-01, -3.99962962e-01, -1.00757611e+00, -8.00218433e-02,
          -4.81198490e-01, -1.56192470e+00, -1.10245252e+00, -7.69793093e-01,
          -1.71475470e+00, -2.03648067e+00,  2.05734804e-01,  3.83303136e-01,
           2.19561905e-03,  6.29063725e-01,  8.27081263e-01,  8.27212632e-01,
           7.49359071e-01,  1.51404798e+00,  8.39448750e-01,  7.99400091e-01,
          -8.29479918e-02, -2.34740400e+00, -9.50571895e-01, -1.54777825e+00,
          -7.65482247e-01, -1.01520491e+00, -1.66830909e+00,  1.67438805e-01,
           3.19909483e-01, -6.65523261e-02, -3.69851559e-01, -1.06799209e+00,
          -9.07569349e-01,  4.93911356e-01, -1.99472696e-01, -2.14684463e+00,
           1.09507167e+00, -1.40578794e+00, -1.53770971e+00, -1.20842159e+00,
          -7.88350940e-01, -1.24174201e+00, -2.23575258e+00, -4.33990717e-01,
          -9.87735450e-01, -1.76998448e+00, -4.23674583e-01, -1.83346704e-01,
          -2.52665579e-01, -9.14398372e-01, -1.05303860e+00, -2.35868126e-01,
           2.83655912e-01, -8.88749138e-02, -1.52503312e-01, -9.52908516e-01,
          -1.93067575e+00,  3.04779798e-01, -3.30501944e-01, -1.75859630e+00,
          -9.01252270e-01, -1.21314800e+00, -6.96616113e-01, -1.97206831e+00,
          -7.92582452e-01, -1.47633612e+00,  4.39893663e-01, -6.05512619e-01,
          -6.79625988e-01,  7.77521953e-02,  1.48991138e-01, -1.12974238e+00,
           2.08672673e-01, -6.95640147e-01, -8.37512434e-01, -8.39594603e-01,
          -1.35530901e+00, -7.34561563e-01, -9.21535313e-01, -2.51510358e+00,
          -2.49419165e+00, -9.96430755e-01, -1.56169283e+00, -1.48419321e+00,
          -1.77440548e+00, -8.62633526e-01, -2.55693460e+00, -2.20609999e+00,
          -1.15501595e+00, -9.96781409e-01, -2.03234291e+00,  1.50821686e+00,
          -5.74285507e-01,  1.51947069e+00,  6.72794282e-01,  3.48656714e-01,
          -3.54825199e-01,  6.05632842e-01, -3.27446699e-01, -1.51828811e-01,
          -5.07046938e-01,  5.89595325e-02,  8.38365316e-01, -1.13512978e-01,
          -9.70266581e-01, -3.11719030e-02, -8.62187505e-01, -1.04074311e+00,
           2.46798933e-01, -1.46602809e-01, -8.36097121e-01,  2.44103521e-02,
          -9.30416167e-01, -5.32478809e-01, -6.60068035e-01, -1.16102195e+00,
          -1.30483460e+00, -9.07140136e-01,  1.10419437e-01, -7.75233924e-01,
          -8.29180121e-01, -5.16061723e-01,  5.74933231e-01, -1.69582263e-01,
           5.04852831e-01,  1.86191157e-01,  5.90490937e-01,  8.29548061e-01,
          -7.88640022e-01, -1.95069075e-01, -2.23308265e-01,  1.14734721e+00,
           3.19476277e-01, -9.95130390e-02, -6.77687645e-01,  1.09396684e+00,
           6.29333407e-03, -5.66480637e-01, -1.13207674e+00,  1.41230798e+00,
           1.68280676e-01,  9.53763649e-02,  6.32277429e-01,  2.09389067e+00,
           1.28702307e+00, -5.61489701e-01, -9.38441992e-01,  7.96731114e-02,
           2.59214431e-01,  2.53400654e-02, -2.32704377e+00,  4.96825948e-02,
          -8.24712217e-02, -2.56180346e-01, -1.70995265e-01,  1.16170973e-01,
           1.83942184e-01,  3.33814397e-02, -5.40865660e-01,  1.53307676e-01,
          -1.17581338e-01, -4.23582852e-01,  2.52814829e-01,  9.01046932e-01,
           3.90170395e-01, -9.02314425e-01, -7.42633194e-02, -5.37010729e-01,
          -6.41726077e-01,  7.70829558e-01, -1.96663380e-01,  6.20080307e-02,
          -9.35851693e-01,  1.28526231e-02,  2.88940996e-01, -1.11311287e-01,
          -2.26995587e-01,  7.43679464e-01, -3.26044917e-01,  2.04243809e-01,
          -4.11409438e-01, -7.01564372e-01,  4.47480559e-01, -7.15424597e-01,
          -5.39795637e-01,  8.51418972e-01, -8.23793769e-01, -1.59557581e-01,
          -3.46360952e-01,  2.08363250e-01, -6.19392917e-02, -6.61229432e-01,
           6.54633939e-01,  2.99821924e-02,  1.55905378e+00, -1.01967108e+00,
          -7.34662950e-01,  9.12776172e-01,  5.43106139e-01,  1.87863767e+00,
           1.38135672e+00,  5.14505506e-02, -7.25113392e-01,  4.61319357e-01,
          -6.29770532e-02,  1.52830887e+00,  3.12587887e-01,  3.35484743e-04,
          -1.42139959e+00, -7.25157261e-02,  4.35840517e-01,  6.61063671e-01,
          -1.18588835e-01,  6.58340991e-01, -3.90407383e-01, -5.49041986e-01,
          -3.80325526e-01,  8.72832358e-01, -2.16685012e-02,  4.60580379e-01,
           1.54734761e-01,  1.45599830e+00,  1.49596334e+00,  3.01106071e+00,
           2.48546314e+00,  1.09026635e+00, -3.00273180e-01,  6.00084841e-01,
          -4.21626717e-01, -1.14752913e+00, -4.91556972e-01, -5.61202526e-01,
          -5.03223360e-01, -1.35991380e-01, -1.17050588e+00, -4.41709548e-01,
          -3.12533885e-01, -9.83677387e-01, -1.81964219e+00, -7.95853913e-01,
          -1.83115745e+00, -1.08097523e-01, -5.88001490e-01, -4.44028914e-01,
          -8.58597755e-01, -1.62437201e+00,  1.50457434e-02, -4.95404541e-01,
          -2.63004661e-01, -2.89797604e-01,  7.50934064e-01,  3.54691058e-01,
          -3.61859441e-01,  1.62791181e+00,  1.29640985e+00,  7.42261946e-01,
          -6.08353436e-01, -1.59608352e+00,  1.75153852e-01, -2.27001548e-01,
          -5.69312036e-01, -2.00004816e+00, -1.83188736e+00, -1.06423032e+00,
          -1.61067390e+00, -1.60147560e+00, -2.15393424e+00, -9.59144294e-01,
          -1.59038138e+00, -1.90314567e+00, -3.85144383e-01, -3.86648655e-01,
           2.33912134e+00,  5.82073390e-01, -1.04436564e+00, -1.73652387e+00,
          -2.37087393e+00, -2.98672229e-01, -9.52175334e-02, -1.80460894e+00,
          -1.05514967e+00, -4.83772099e-01, -1.52423573e+00, -1.83182144e+00,
          -8.50664556e-01, -1.70487881e+00, -1.69177866e+00, -8.82545412e-01,
          -2.40488720e+00, -2.36364675e+00, -2.43619132e+00, -1.83644664e+00,
          -9.50883865e-01, -1.52944994e+00, -1.35286212e+00, -1.60484242e+00,
          -1.73400015e-01, -6.51702523e-01,  7.73804188e-02,  2.52328753e-01,
          -1.14688063e+00,  5.35907038e-03, -1.99715987e-01, -3.56088102e-01,
          -1.53594542e+00, -4.61053997e-01, -1.13395715e+00, -8.30982208e-01,
          -3.77801538e-01, -1.34261346e+00, -6.92604899e-01, -1.48456192e+00,
          -1.23620665e+00, -1.07777560e+00, -7.91520417e-01, -1.38515234e+00,
          -6.83939934e-01, -3.86331350e-01,  5.73068559e-01, -1.06522155e+00,
          -3.56818959e-02, -4.89142090e-01, -1.38325021e-01, -9.08391356e-01,
          -6.37829125e-01, -5.84407508e-01, -1.08646691e+00, -9.55554187e-01,
          -9.31301177e-01, -9.98579562e-01, -2.01812696e+00, -6.41218901e-01,
          -9.30844307e-01, -1.35116088e+00, -1.47335649e+00, -4.54504341e-01,
          -1.39150512e+00, -1.18259788e+00, -3.95885646e-01,  2.35156083e+00,
           9.42103207e-01,  9.06709611e-01,  1.29934800e+00, -1.94848275e+00,
          -7.22778320e-01,  2.35932276e-01,  5.50277114e-01, -7.03309923e-02,
          -1.82347310e+00,  2.36907005e+00, -9.65492725e-01,  3.33109069e+00,
           5.59769750e-01,  7.77873099e-01,  2.29669571e+00, -7.40830123e-01,
           1.00127625e+00,  1.13165724e+00,  4.11902219e-01,  1.50413549e+00,
           1.14019644e+00,  3.47419918e-01, -6.64181411e-01,  5.32626137e-02,
           6.10651433e-01,  2.40313932e-02,  7.60741889e-01, -5.51691175e-01,
          -4.64315981e-01, -9.77419317e-01, -6.53714955e-01,  1.33320904e+00,
           6.79279923e-01,  9.17600036e-01,  1.20472133e+00,  2.00514483e+00,
          -2.45337963e-01, -1.26137149e+00,  4.68574017e-01,  3.08906376e-01,
           2.22479105e-02,  1.21976483e+00,  4.97665077e-01,  2.41262102e+00,
          -1.12012899e+00, -7.94904768e-01,  2.21253920e+00, -5.77941537e-05,
          -5.83431363e-01, -2.10699603e-01, -1.48503113e+00,  7.15871751e-01,
           9.55403209e-01,  6.25037313e-01, -9.61947560e-01,  3.11483532e-01,
           3.10118169e-01,  2.43674874e+00, -8.90606403e-01,  9.66219425e-01,
          -2.39998174e+00,  6.14197135e-01,  1.11726034e+00,  9.15220603e-02,
           9.32948768e-01,  2.42475176e+00, -5.40595651e-02, -1.74057543e+00,
           7.39742398e-01,  1.16256130e+00,  1.94950533e+00, -1.57334089e+00,
          -1.05935907e+00, -1.10869515e+00,  1.48671597e-01,  1.08155727e+00,
           1.07917297e+00, -9.71149027e-01,  1.96340367e-01, -5.69867849e-01,
           1.72015452e+00,  2.25268692e-01,  5.00903010e-01, -1.23092878e+00,
          -1.88907278e+00,  8.90272915e-01,  1.06977177e+00,  2.06685829e+00,
          -1.21878183e+00,  4.26022679e-01,  1.20224178e+00, -1.39937580e+00,
           2.83360004e-01,  8.25566947e-01,  8.90315652e-01,  1.32088459e+00,
           6.13155246e-01,  6.87203169e-01,  1.22610641e+00,  1.30969012e+00,
          -1.95352519e+00,  1.58813858e+00, -4.89025801e-01,  9.35469270e-02,
           8.32327008e-01,  5.86850286e-01, -1.64938319e+00,  6.50198758e-02,
           1.58903062e+00, -1.40328574e+00, -1.86067522e+00, -8.17581236e-01,
          -6.02801025e-01,  2.87942082e-01, -3.81048083e-01,  1.32630694e+00,
           4.19001460e-01, -1.73154727e-01,  5.26255608e-01, -1.66466370e-01,
           1.17977047e+00,  1.97279766e-01, -1.44486976e+00,  6.40085697e-01,
           5.12613595e-01, -1.64438140e+00,  1.04433870e+00,  1.53029037e+00,
          -4.72487092e-01,  5.53651273e-01,  2.12033391e+00,  1.38497090e+00,
           1.51328969e+00,  8.34418297e-01,  1.40735233e+00, -2.05617690e+00,
          -1.83747661e+00, -1.90221906e+00,  1.29558468e+00,  2.29139829e+00,
          -1.08206820e+00, -3.22445452e-01,  2.13385057e+00, -1.37560278e-01,
          -2.00360149e-01,  1.52524316e+00,  4.29604173e-01, -2.10242224e+00,
           9.44357574e-01,  2.65677977e+00, -7.33129144e-01, -7.13872492e-01,
           2.18001342e+00,  1.08430564e+00, -1.12368727e+00, -5.07078111e-01,
           5.14616108e+00,  1.88856709e+00,  1.27795780e+00,  1.10885406e+00,
          -5.95251679e-01, -1.36787012e-01,  1.79579556e+00,  6.47355378e-01,
           1.76245117e+00,  1.27280366e+00, -2.65969157e-01,  6.45857632e-01,
           1.65393221e+00, -1.89456165e+00,  8.30876231e-01, -1.58652055e+00,
           1.40061748e+00, -1.25793660e+00, -5.12300968e-01, -1.49493873e-01,
          -2.05980086e+00,  1.81581533e+00,  1.21764052e+00,  2.71755886e+00,
           1.48543715e+00,  2.11917415e-01, -1.32591283e+00, -1.30148721e+00,
           6.63909376e-01,  2.54273534e-01, -9.67624485e-01,  2.62522697e-02,
           2.84506989e+00,  9.73627090e-01,  3.82681757e-01,  4.57528448e+00,
          -7.12422848e-01,  6.37844145e-01,  3.22616249e-01, -1.56885350e+00,
           4.31073189e-01, -2.16175884e-01,  2.07325792e+00,  1.77481198e+00,
           9.92042065e-01,  1.59423673e+00,  1.34659362e+00, -2.04626775e+00,
           3.02537441e-01,  1.37222111e+00,  1.17799795e+00,  1.38848674e+00,
           1.61261892e+00, -5.11111498e-01,  2.65721846e+00,  6.42349064e-01,
          -5.37375987e-01,  1.00388788e-01,  1.48847723e+00,  5.42472243e-01,
           1.69836521e-01,  1.68056107e+00,  1.08572495e+00,  4.28410387e+00,
           3.13537645e+00, -5.26301444e-01,  1.19704211e+00, -1.22931059e-02,
          -4.48262870e-01, -1.81163132e+00,  9.43527520e-01,  3.33564639e-01,
          -1.71202290e+00,  3.14965487e-01, -2.23864734e-01, -1.08933777e-01,
           3.12386465e+00,  2.05648065e-01, -1.45384026e+00, -3.05858314e-01,
           2.18224955e+00, -7.08413124e-01,  5.52899539e-01,  4.45582531e-02,
          -1.27610958e+00,  6.20128095e-01,  9.40105617e-01,  7.13101029e-01,
           1.49031413e+00, -1.98168397e+00,  1.09502614e+00,  1.47118047e-01,
           9.89533901e-01, -1.75320065e+00,  2.07858181e+00,  3.43923712e+00,
           7.17134476e-01, -1.13138902e+00, -5.43041527e-01,  2.69131660e+00,
          -1.25412568e-01,  6.69691026e-01, -1.77388400e-01,  4.51294988e-01,
           9.99186784e-02, -1.53494442e+00,  7.99665213e-01, -1.40951931e+00,
           2.81528211e+00, -4.79475170e-01, -9.76297200e-01,  7.81361639e-01,
           8.71033370e-02,  3.83990669e+00, -3.03274930e-01, -1.01751995e+00,
           8.61841261e-01,  1.14727497e+00, -4.78709996e-01, -7.45070517e-01,
          -1.28305173e+00,  5.93595766e-02,  9.77989435e-01, -4.96225208e-01,
           2.26980627e-01,  1.86995113e+00, -7.93301880e-01,  1.12193525e+00,
          -3.70786041e-01, -9.23014805e-02, -1.03869331e+00, -1.45861477e-01,
           2.29181147e+00,  1.07981670e+00, -2.75468326e+00,  2.82634079e-01,
           1.25765061e+00, -3.51898402e-01, -1.32500958e+00,  9.87250358e-04,
           7.16836810e-01,  1.41830826e+00, -4.00585145e-01,  4.53366309e-01,
           1.09016013e+00,  5.85536122e-01,  4.53849554e-01, -4.02025670e-01,
           9.49524939e-01, -1.12478220e+00,  3.27160120e-01,  6.37234926e-01,
          -5.51512241e-01,  1.25360501e+00, -1.16181993e+00,  7.74931192e-01,
           9.68390942e-01,  8.94912481e-01,  4.03836817e-02, -1.00561893e+00,
           5.49011230e-01, -1.80871534e+00, -1.31439537e-01,  2.61596084e-01,
          -8.50014761e-02,  2.71648932e+00,  9.41360712e-01,  1.37148619e-01,
          -1.77860403e+00,  1.20875478e+00, -2.36430645e+00,  1.46619916e+00,
           9.74761248e-01, -4.42655563e-01, -2.15310812e+00,  1.49044681e+00,
          -1.57954499e-01,  8.95107269e-01, -9.89577293e-01,  1.82461190e+00,
           7.44633973e-01, -3.87559056e-01,  5.25455952e-01, -1.39999413e+00,
          -6.70903027e-01,  2.70475531e+00, -3.62659216e-01,  6.30390346e-01,
           4.14957196e-01,  1.68140483e+00,  5.48253477e-01,  7.34329164e-01,
           1.40996373e+00,  1.33393264e+00,  2.92145205e+00, -2.92392343e-01,
           9.43444490e-01,  2.43544722e+00,  9.21613276e-01, -1.50102746e+00,
           5.41137218e-01, -3.71569932e-01, -6.20046496e-01,  6.54822707e-01,
           1.83917081e+00,  1.90277636e+00,  5.70634305e-01,  2.86316127e-01,
           1.38606226e+00,  6.85029864e-01,  1.45060110e+00,  1.91003419e-02,
          -1.35288107e+00,  1.02741018e-01, -9.35031533e-01,  8.57900202e-01,
           1.10086191e+00,  7.81050324e-01, -2.89938241e-01,  1.39152038e+00,
           1.33541811e+00,  4.85541224e-02, -3.16711783e-01, -3.39219987e-01,
          -9.98265862e-01,  3.27341110e-01,  2.86915064e+00, -2.25599468e-01,
           9.64625716e-01,  3.36235076e-01, -3.64149123e-01,  4.16166961e-01,
          -6.71627879e-01,  3.83778667e+00,  3.18962902e-01,  4.45289940e-01,
           7.59236455e-01,  1.75346386e+00,  5.81967735e+00, -6.51779830e-01,
           1.10138476e+00,  2.39237928e+00, -3.79903227e-01,  3.36134958e+00,
           3.96267176e-01, -1.39859390e+00, -7.99548805e-01, -2.88511932e-01,
           5.62834322e-01, -1.79019570e-01, -4.43017513e-01,  1.50419891e-01,
           4.86727431e-02,  8.89635324e-01,  7.92988658e-01,  2.56585455e+00,
           9.68288183e-01,  9.56241488e-01, -1.22208333e+00,  1.84841084e+00,
           3.34187090e-01, -3.37471694e-01,  2.63323641e+00,  2.65687704e+00,
          -1.48534620e+00, -1.13802660e+00,  9.21999037e-01,  6.01863682e-01,
           1.55211401e+00, -1.35849261e+00,  1.32976606e-01,  1.70472836e+00,
           1.68945503e+00, -8.41659784e-01,  2.90054157e-02,  2.33618379e+00,
          -9.81035650e-01, -1.91796589e+00,  2.52371311e+00, -1.94561899e+00,
           5.48776388e-01,  1.16194379e+00, -3.98853838e-01, -2.47776836e-01,
           1.49295104e+00,  1.04607201e+00,  1.33119202e+00,  7.36264765e-01,
           9.33195710e-01,  1.58532989e+00,  2.51281142e+00, -1.00243711e+00,
           7.77706683e-01,  6.07082367e-01,  6.83160245e-01,  3.57992530e+00,
           6.88543677e-01, -1.12252688e+00,  3.89671636e+00,  1.73752040e-01,
          -3.70599127e+00,  1.62323520e-01,  2.46019989e-01,  8.66691828e-01,
          -6.46556079e-01,  1.49079216e+00,  1.11836338e+00, -1.96238279e+00,
          -1.48512483e+00, -1.04376948e+00, -9.74069118e-01, -5.83945036e-01,
           2.28843355e+00,  1.46661484e+00, -4.63324159e-01, -1.28248227e+00,
           1.76653171e+00, -1.33111402e-01, -2.22325778e+00,  7.07166374e-01,
           2.09576869e+00,  1.15181673e+00, -5.93690634e-01,  2.70205951e+00,
           8.42347980e-01,  9.17936981e-01,  1.25875068e+00,  1.19779909e+00,
           1.24610627e+00,  3.27693987e+00, -1.05899321e-02,  1.11628854e+00,
          -1.12300134e+00,  1.73734522e+00, -1.21439552e+00,  1.53527483e-01,
           3.47717929e+00,  5.63682020e-01,  2.73602104e+00, -1.46136260e+00,
           1.80633545e+00,  1.17520618e+00,  7.35930502e-01,  6.44502342e-01,
          -6.86492324e-01, -1.43322504e+00,  1.34930372e-01,  2.19567537e+00,
           7.06082392e+00,  6.60010767e+00,  2.16264296e+00,  4.79342729e-01,
          -2.80000746e-01,  1.25417471e+00,  3.37413520e-01,  2.23398662e+00,
          -1.23130167e+00, -2.20685530e+00, -1.67345309e+00,  9.26950455e-01,
           1.10315275e+00,  4.55015972e-02,  1.00749958e+00, -2.34287679e-01,
           1.21709943e+00,  1.72139847e+00,  1.34783089e+00,  4.06614363e-01,
          -1.81936252e+00,  1.50801086e+00, -1.73156381e-01, -4.97589946e-01,
          -8.60621214e-01,  4.75706190e-01, -3.03991586e-01, -4.43049580e-01,
          -1.13375676e+00, -6.89346373e-01, -7.17254698e-01, -9.58244875e-02,
          -7.70157814e-01, -6.42634988e-01, -1.77642837e-01, -3.27298999e-01,
          -1.17395639e+00, -6.14781439e-01,  1.42506436e-01, -1.08915889e+00,
          -2.98452115e+00, -8.88175011e-01, -1.99531639e+00,  1.30783677e-01,
           5.88918328e-01,  3.47719252e-01,  8.68307531e-01,  1.15148932e-01,
          -1.24874473e+00,  3.20049703e-01,  2.61161625e-01, -8.42722893e-01,
          -1.03083372e+00, -4.93951797e-01, -8.97039533e-01, -1.12722826e+00,
          -7.33489394e-01, -5.64949870e-01, -6.07842445e-01,  1.18822508e-01,
           2.03334019e-01, -4.44196880e-01,  1.98063850e+00, -2.21863061e-01,
           7.61557758e-01,  8.29744935e-02, -1.72650564e+00,  1.79696918e+00,
          -1.97648859e+00, -1.29499185e+00, -7.26830214e-03, -2.82969803e-01,
          -2.52748585e+00, -4.08143073e-01, -9.23622668e-01, -1.90947092e+00,
           6.87392473e-01,  3.38040292e-02,  1.80840600e+00, -8.24171305e-01,
          -1.06164575e+00,  1.08815014e+00, -1.02084422e+00,  8.34259093e-02,
          -1.57426345e+00, -3.10086966e-01, -1.34074378e+00, -8.97027373e-01,
          -4.35398906e-01, -1.85285807e+00, -2.03225136e+00, -1.30066276e+00,
          -9.64111388e-01, -1.99007583e+00,  8.59680474e-02,  1.04119110e+00]]],
       device='cuda:0')
PGD attack margin (first 2 examples and 10 specs):
 tensor([[[1.10344362]]], device='cuda:0')
number of violation:  0
Attack finished in 8.4199 seconds.
PGD attack failed
verified_status unknown
verified_success False
Total VNNLIB file length: 1, max property batch size: 1, total number of batches: 1

Properties batch 0, size 1
Remaining timeout: 1146.0638241767883
Verifying property 0 with 1 instances.
torch allclose failed: norm 8.889588571037166e-06
Model: BoundedModule(
  (/input-1): BoundInput(name=/input-1, inputs=[], perturbed=True)
  (/33): BoundParams(name=/33, inputs=[], perturbed=False)
  (/34): BoundParams(name=/34, inputs=[], perturbed=False)
  (/35): BoundParams(name=/35, inputs=[], perturbed=False)
  (/36): BoundParams(name=/36, inputs=[], perturbed=False)
  (/37): BoundParams(name=/37, inputs=[], perturbed=False)
  (/38): BoundParams(name=/38, inputs=[], perturbed=False)
  (/39): BoundParams(name=/39, inputs=[], perturbed=False)
  (/40): BoundParams(name=/40, inputs=[], perturbed=False)
  (/41): BoundParams(name=/41, inputs=[], perturbed=False)
  (/42): BoundParams(name=/42, inputs=[], perturbed=False)
  (/43): BoundParams(name=/43, inputs=[], perturbed=False)
  (/44): BoundParams(name=/44, inputs=[], perturbed=False)
  (/45): BoundParams(name=/45, inputs=[], perturbed=False)
  (/46): BoundParams(name=/46, inputs=[], perturbed=False)
  (/47): BoundParams(name=/47, inputs=[], perturbed=False)
  (/48): BoundParams(name=/48, inputs=[], perturbed=False)
  (/49): BoundParams(name=/49, inputs=[], perturbed=False)
  (/50): BoundParams(name=/50, inputs=[], perturbed=False)
  (/51): BoundParams(name=/51, inputs=[], perturbed=False)
  (/52): BoundParams(name=/52, inputs=[], perturbed=False)
  (/53): BoundParams(name=/53, inputs=[], perturbed=False)
  (/54): BoundParams(name=/54, inputs=[], perturbed=False)
  (/55): BoundParams(name=/55, inputs=[], perturbed=False)
  (/56): BoundParams(name=/56, inputs=[], perturbed=False)
  (/57): BoundParams(name=/57, inputs=[], perturbed=False)
  (/58): BoundParams(name=/58, inputs=[], perturbed=False)
  (/59): BoundParams(name=/59, inputs=[], perturbed=False)
  (/60): BoundParams(name=/60, inputs=[], perturbed=False)
  (/61): BoundParams(name=/61, inputs=[], perturbed=False)
  (/62): BoundParams(name=/62, inputs=[], perturbed=False)
  (/63): BoundParams(name=/63, inputs=[], perturbed=False)
  (/64): BoundParams(name=/64, inputs=[], perturbed=False)
  (/input): BoundConv(name=/input, inputs=[/input-1, /33, /34], perturbed=True)
  (/66): BoundRelu(name=/66, inputs=[/input], perturbed=True)
  (/input-4): BoundConv(name=/input-4, inputs=[/66, /35, /36], perturbed=True)
  (/68): BoundRelu(name=/68, inputs=[/input-4], perturbed=True)
  (/input-12): BoundConv(name=/input-12, inputs=[/input-8/add_3_4, /37, /38], perturbed=True)
  (/71): BoundRelu(name=/71, inputs=[/input-12], perturbed=True)
  (/input-16): BoundConv(name=/input-16, inputs=[/71, /39, /40], perturbed=True)
  (/73): BoundRelu(name=/73, inputs=[/input-16], perturbed=True)
  (/input-24): BoundConv(name=/input-24, inputs=[/input-20/add_3_4, /41, /42], perturbed=True)
  (/76): BoundRelu(name=/76, inputs=[/input-24], perturbed=True)
  (/input-28): BoundConv(name=/input-28, inputs=[/76, /43, /44], perturbed=True)
  (/78): BoundRelu(name=/78, inputs=[/input-28], perturbed=True)
  (/input-32): BoundConv(name=/input-32, inputs=[/78, /45, /46], perturbed=True)
  (/80): BoundRelu(name=/80, inputs=[/input-32], perturbed=True)
  (/input-40): BoundConv(name=/input-40, inputs=[/input-36/add_3_4, /47, /48], perturbed=True)
  (/83): BoundRelu(name=/83, inputs=[/input-40], perturbed=True)
  (/input-44): BoundConv(name=/input-44, inputs=[/83, /49, /50], perturbed=True)
  (/85): BoundRelu(name=/85, inputs=[/input-44], perturbed=True)
  (/input-48): BoundConv(name=/input-48, inputs=[/85, /51, /52], perturbed=True)
  (/87): BoundRelu(name=/87, inputs=[/input-48], perturbed=True)
  (/input-56): BoundConv(name=/input-56, inputs=[/input-52/add_3_4, /53, /54], perturbed=True)
  (/90): BoundRelu(name=/90, inputs=[/input-56], perturbed=True)
  (/input-60): BoundConv(name=/input-60, inputs=[/90, /55, /56], perturbed=True)
  (/92): BoundRelu(name=/92, inputs=[/input-60], perturbed=True)
  (/input-64): BoundConv(name=/input-64, inputs=[/92, /57, /58], perturbed=True)
  (/94): BoundRelu(name=/94, inputs=[/input-64], perturbed=True)
  (/96): BoundFlatten(name=/96, inputs=[/95/add_3_4], perturbed=True)
  (/input-68): BoundLinear(name=/input-68, inputs=[/96, /59, /60], perturbed=True)
  (/98): BoundRelu(name=/98, inputs=[/input-68], perturbed=True)
  (/99): BoundFlatten(name=/99, inputs=[/98], perturbed=True)
  (/input-72): BoundLinear(name=/input-72, inputs=[/99, /61, /62], perturbed=True)
  (/101): BoundRelu(name=/101, inputs=[/input-72], perturbed=True)
  (/102): BoundFlatten(name=/102, inputs=[/101], perturbed=True)
  (/103): BoundLinear(name=/103, inputs=[/102, /63, /64], perturbed=True)
  (/input-8/conv_1): BoundConv(name=/input-8/conv_1, inputs=[/68, /input-8/conv_1_w], perturbed=True)
  (/input-8/conv_1_relu): BoundRelu(name=/input-8/conv_1_relu, inputs=[/input-8/conv_1], perturbed=True)
  (/input-8/conv_1_w): BoundParams(name=/input-8/conv_1_w, inputs=[], perturbed=False)
  (/input-8/conv_2): BoundConv(name=/input-8/conv_2, inputs=[/68, /input-8/conv_2_w], perturbed=True)
  (/input-8/conv_2_w): BoundParams(name=/input-8/conv_2_w, inputs=[], perturbed=False)
  (/input-8/conv_3): BoundConv(name=/input-8/conv_3, inputs=[/input-8/add_1_2, /input-8/conv_3_w], perturbed=True)
  (/input-8/conv_3_relu): BoundRelu(name=/input-8/conv_3_relu, inputs=[/input-8/conv_3], perturbed=True)
  (/input-8/conv_3_w): BoundParams(name=/input-8/conv_3_w, inputs=[], perturbed=False)
  (/input-8/conv_4): BoundConv(name=/input-8/conv_4, inputs=[/input-8/add_1_2, /input-8/conv_4_w], perturbed=True)
  (/input-8/conv_4_w): BoundParams(name=/input-8/conv_4_w, inputs=[], perturbed=False)
  (/input-8/add_1_2): BoundAdd(name=/input-8/add_1_2, inputs=[/input-8/conv_1_relu, /input-8/conv_2], perturbed=True)
  (/input-8/add_3_4): BoundAdd(name=/input-8/add_3_4, inputs=[/input-8/conv_3_relu, /input-8/conv_4], perturbed=True)
  (/input-20/conv_1): BoundConv(name=/input-20/conv_1, inputs=[/73, /input-20/conv_1_w], perturbed=True)
  (/input-20/conv_1_relu): BoundRelu(name=/input-20/conv_1_relu, inputs=[/input-20/conv_1], perturbed=True)
  (/input-20/conv_1_w): BoundParams(name=/input-20/conv_1_w, inputs=[], perturbed=False)
  (/input-20/conv_2): BoundConv(name=/input-20/conv_2, inputs=[/73, /input-20/conv_2_w], perturbed=True)
  (/input-20/conv_2_w): BoundParams(name=/input-20/conv_2_w, inputs=[], perturbed=False)
  (/input-20/conv_3): BoundConv(name=/input-20/conv_3, inputs=[/input-20/add_1_2, /input-20/conv_3_w], perturbed=True)
  (/input-20/conv_3_relu): BoundRelu(name=/input-20/conv_3_relu, inputs=[/input-20/conv_3], perturbed=True)
  (/input-20/conv_3_w): BoundParams(name=/input-20/conv_3_w, inputs=[], perturbed=False)
  (/input-20/conv_4): BoundConv(name=/input-20/conv_4, inputs=[/input-20/add_1_2, /input-20/conv_4_w], perturbed=True)
  (/input-20/conv_4_w): BoundParams(name=/input-20/conv_4_w, inputs=[], perturbed=False)
  (/input-20/add_1_2): BoundAdd(name=/input-20/add_1_2, inputs=[/input-20/conv_1_relu, /input-20/conv_2], perturbed=True)
  (/input-20/add_3_4): BoundAdd(name=/input-20/add_3_4, inputs=[/input-20/conv_3_relu, /input-20/conv_4], perturbed=True)
  (/input-36/conv_1): BoundConv(name=/input-36/conv_1, inputs=[/80, /input-36/conv_1_w], perturbed=True)
  (/input-36/conv_1_relu): BoundRelu(name=/input-36/conv_1_relu, inputs=[/input-36/conv_1], perturbed=True)
  (/input-36/conv_1_w): BoundParams(name=/input-36/conv_1_w, inputs=[], perturbed=False)
  (/input-36/conv_2): BoundConv(name=/input-36/conv_2, inputs=[/80, /input-36/conv_2_w], perturbed=True)
  (/input-36/conv_2_w): BoundParams(name=/input-36/conv_2_w, inputs=[], perturbed=False)
  (/input-36/conv_3): BoundConv(name=/input-36/conv_3, inputs=[/input-36/add_1_2, /input-36/conv_3_w], perturbed=True)
  (/input-36/conv_3_relu): BoundRelu(name=/input-36/conv_3_relu, inputs=[/input-36/conv_3], perturbed=True)
  (/input-36/conv_3_w): BoundParams(name=/input-36/conv_3_w, inputs=[], perturbed=False)
  (/input-36/conv_4): BoundConv(name=/input-36/conv_4, inputs=[/input-36/add_1_2, /input-36/conv_4_w], perturbed=True)
  (/input-36/conv_4_w): BoundParams(name=/input-36/conv_4_w, inputs=[], perturbed=False)
  (/input-36/add_1_2): BoundAdd(name=/input-36/add_1_2, inputs=[/input-36/conv_1_relu, /input-36/conv_2], perturbed=True)
  (/input-36/add_3_4): BoundAdd(name=/input-36/add_3_4, inputs=[/input-36/conv_3_relu, /input-36/conv_4], perturbed=True)
  (/input-52/conv_1): BoundConv(name=/input-52/conv_1, inputs=[/87, /input-52/conv_1_w], perturbed=True)
  (/input-52/conv_1_relu): BoundRelu(name=/input-52/conv_1_relu, inputs=[/input-52/conv_1], perturbed=True)
  (/input-52/conv_1_w): BoundParams(name=/input-52/conv_1_w, inputs=[], perturbed=False)
  (/input-52/conv_2): BoundConv(name=/input-52/conv_2, inputs=[/87, /input-52/conv_2_w], perturbed=True)
  (/input-52/conv_2_w): BoundParams(name=/input-52/conv_2_w, inputs=[], perturbed=False)
  (/input-52/conv_3): BoundConv(name=/input-52/conv_3, inputs=[/input-52/add_1_2, /input-52/conv_3_w], perturbed=True)
  (/input-52/conv_3_relu): BoundRelu(name=/input-52/conv_3_relu, inputs=[/input-52/conv_3], perturbed=True)
  (/input-52/conv_3_w): BoundParams(name=/input-52/conv_3_w, inputs=[], perturbed=False)
  (/input-52/conv_4): BoundConv(name=/input-52/conv_4, inputs=[/input-52/add_1_2, /input-52/conv_4_w], perturbed=True)
  (/input-52/conv_4_w): BoundParams(name=/input-52/conv_4_w, inputs=[], perturbed=False)
  (/input-52/add_1_2): BoundAdd(name=/input-52/add_1_2, inputs=[/input-52/conv_1_relu, /input-52/conv_2], perturbed=True)
  (/input-52/add_3_4): BoundAdd(name=/input-52/add_3_4, inputs=[/input-52/conv_3_relu, /input-52/conv_4], perturbed=True)
  (/95/conv_1): BoundConv(name=/95/conv_1, inputs=[/94, /95/conv_1_w], perturbed=True)
  (/95/conv_1_relu): BoundRelu(name=/95/conv_1_relu, inputs=[/95/conv_1], perturbed=True)
  (/95/conv_1_w): BoundParams(name=/95/conv_1_w, inputs=[], perturbed=False)
  (/95/conv_2): BoundConv(name=/95/conv_2, inputs=[/94, /95/conv_2_w], perturbed=True)
  (/95/conv_2_w): BoundParams(name=/95/conv_2_w, inputs=[], perturbed=False)
  (/95/conv_3): BoundConv(name=/95/conv_3, inputs=[/95/add_1_2, /95/conv_3_w], perturbed=True)
  (/95/conv_3_relu): BoundRelu(name=/95/conv_3_relu, inputs=[/95/conv_3], perturbed=True)
  (/95/conv_3_w): BoundParams(name=/95/conv_3_w, inputs=[], perturbed=False)
  (/95/conv_4): BoundConv(name=/95/conv_4, inputs=[/95/add_1_2, /95/conv_4_w], perturbed=True)
  (/95/conv_4_w): BoundParams(name=/95/conv_4_w, inputs=[], perturbed=False)
  (/95/add_1_2): BoundAdd(name=/95/add_1_2, inputs=[/95/conv_1_relu, /95/conv_2], perturbed=True)
  (/95/add_3_4): BoundAdd(name=/95/add_3_4, inputs=[/95/conv_3_relu, /95/conv_4], perturbed=True)
)
Model prediction is: tensor([-1.63376242e-01,  1.62236667e+00, -1.21836674e+00, -2.13769293e+00,
        -1.03802419e+00,  3.56830597e-01,  2.49482438e-01, -1.30528760e+00,
        -7.68105805e-01, -2.19756341e+00, -1.49012017e+00, -6.85147882e-01,
        -7.17474282e-01, -1.34524369e+00, -5.75867414e-01, -1.63287550e-01,
        -1.29080844e+00, -1.51503289e+00, -9.60110605e-01, -1.12933969e+00,
        -1.75547767e+00, -7.24370003e-01, -2.95242459e-01, -1.00499463e+00,
        -1.00279236e+00, -1.20341110e+00, -6.34111822e-01, -1.27671099e+00,
        -9.33344364e-01,  1.28449753e-01, -1.79242790e+00,  2.39959016e-01,
        -1.13481128e+00, -1.60488498e+00, -1.79187191e+00, -9.80214894e-01,
         4.23730880e-01, -1.24400556e+00, -8.07051659e-01, -1.15232551e+00,
         1.20961234e-01, -2.13891530e+00, -2.22097945e+00, -1.14472401e+00,
        -1.38600087e+00, -6.71327472e-01,  3.09608191e-01, -8.12642157e-01,
        -1.22969139e+00, -1.26270545e+00, -2.09444612e-01, -1.42875993e+00,
        -6.64955318e-01, -1.84215471e-01, -8.60713124e-01, -7.45647967e-01,
        -6.77192956e-02, -2.40820003e+00, -6.78737760e-01, -2.48364121e-01,
         1.69831097e-01, -4.21959043e-01, -1.04268324e+00, -1.03827998e-01,
        -5.18970311e-01, -1.60912406e+00, -1.14915824e+00, -8.07387173e-01,
        -1.75726914e+00, -2.05396962e+00,  1.71517298e-01,  3.62851650e-01,
        -5.49147204e-02,  5.60252547e-01,  7.58714914e-01,  7.97537148e-01,
         7.16847718e-01,  1.44946933e+00,  8.42616141e-01,  7.68501461e-01,
        -1.26307309e-01, -2.36767626e+00, -1.01574755e+00, -1.59268129e+00,
        -8.05586457e-01, -1.05562377e+00, -1.70045424e+00,  2.00105697e-01,
         3.10989141e-01, -4.87005971e-02, -3.86044174e-01, -1.10169053e+00,
        -9.57887650e-01,  4.47202832e-01, -2.60509431e-01, -2.19274068e+00,
         1.06968629e+00, -1.43453717e+00, -1.58216250e+00, -1.21762180e+00,
        -8.25397670e-01, -1.24106920e+00, -2.25970888e+00, -4.78145868e-01,
        -1.03655863e+00, -1.79401302e+00, -4.41382140e-01, -1.72006264e-01,
        -2.58516848e-01, -8.99833202e-01, -1.08395052e+00, -2.88419455e-01,
         3.11384231e-01, -1.22162186e-01, -1.78162128e-01, -9.71612751e-01,
        -1.96771526e+00,  3.17999363e-01, -3.04748446e-01, -1.77908957e+00,
        -9.17533875e-01, -1.22041953e+00, -6.76168025e-01, -1.99399376e+00,
        -7.77330518e-01, -1.48876834e+00,  4.20232832e-01, -6.30951762e-01,
        -7.37693787e-01,  5.70873320e-02,  1.23643786e-01, -1.16386056e+00,
         1.65660053e-01, -7.56771266e-01, -8.79011571e-01, -9.05482888e-01,
        -1.38762212e+00, -7.70480573e-01, -9.63097751e-01, -2.55883789e+00,
        -2.51964569e+00, -1.04775667e+00, -1.61280107e+00, -1.50886881e+00,
        -1.80900466e+00, -8.74700129e-01, -2.57204032e+00, -2.25952816e+00,
        -1.17883372e+00, -9.90784943e-01, -2.04492331e+00,  1.53845274e+00,
        -5.90770304e-01,  1.58536077e+00,  6.97697580e-01,  3.66723627e-01,
        -3.41859132e-01,  6.16294682e-01, -3.19606543e-01, -1.30792066e-01,
        -4.92849797e-01,  8.32141340e-02,  8.75254691e-01, -1.03409924e-01,
        -9.78440046e-01, -6.01352006e-03, -8.73176873e-01, -1.04189479e+00,
         2.61773646e-01, -1.34576723e-01, -8.44857872e-01,  3.85000929e-02,
        -9.08585608e-01, -5.33654690e-01, -6.65534019e-01, -1.16096997e+00,
        -1.29572177e+00, -9.22080696e-01,  1.57654554e-01, -7.36733437e-01,
        -7.93716311e-01, -4.98603880e-01,  5.92736483e-01, -1.57321095e-01,
         5.15640378e-01,  2.04068631e-01,  5.90880990e-01,  8.38461101e-01,
        -7.99465954e-01, -1.83551088e-01, -1.77277699e-01,  1.16484976e+00,
         3.52905661e-01, -8.51450190e-02, -6.69851184e-01,  1.10082996e+00,
         2.34929100e-02, -5.51255167e-01, -1.12507010e+00,  1.43893778e+00,
         1.75669938e-01,  1.08886585e-01,  6.65257394e-01,  2.13036036e+00,
         1.31744397e+00, -5.52932084e-01, -9.31555808e-01,  1.02477476e-01,
         2.99428105e-01,  5.03211096e-02, -2.32565641e+00,  8.87220502e-02,
        -6.64781481e-02, -2.58235544e-01, -1.59360155e-01,  1.39806300e-01,
         2.33034939e-01,  3.85049358e-02, -5.24826407e-01,  1.68909997e-01,
        -1.14276610e-01, -4.45983559e-01,  2.74831742e-01,  9.29336607e-01,
         3.85711163e-01, -8.95488262e-01, -6.31831139e-02, -5.31706512e-01,
        -6.29021823e-01,  8.02748322e-01, -1.89443529e-01,  5.06738946e-02,
        -9.52261090e-01,  2.06433907e-02,  3.17173928e-01, -1.22233979e-01,
        -1.98620081e-01,  7.80550003e-01, -2.98190713e-01,  2.08348155e-01,
        -4.13462967e-01, -6.99498475e-01,  4.74763393e-01, -6.96396649e-01,
        -5.43692768e-01,  8.66148889e-01, -7.95819938e-01, -1.55103281e-01,
        -3.67345542e-01,  1.99516043e-01, -6.85283318e-02, -6.49102271e-01,
         6.33287489e-01,  3.37068737e-02,  1.57718730e+00, -1.01492822e+00,
        -7.30277717e-01,  9.40055490e-01,  5.67490339e-01,  1.90412128e+00,
         1.39573205e+00,  4.88817766e-02, -7.31522202e-01,  4.76772338e-01,
        -7.18459561e-02,  1.56428993e+00,  3.41205925e-01,  2.07328051e-02,
        -1.41320765e+00, -1.51023060e-01,  3.99956495e-01,  5.73009968e-01,
        -1.99513331e-01,  6.25844479e-01, -4.65647697e-01, -6.30535364e-01,
        -4.32513505e-01,  8.02219629e-01, -9.38751027e-02,  4.21478122e-01,
         7.72027299e-02,  1.41356313e+00,  1.46714449e+00,  3.01262140e+00,
         2.48946619e+00,  1.06930447e+00, -3.55924666e-01,  5.49116254e-01,
        -4.96728569e-01, -1.21078908e+00, -5.66184819e-01, -6.19326949e-01,
        -5.58885813e-01, -1.94964692e-01, -1.21328330e+00, -4.82025445e-01,
        -3.13437074e-01, -1.02700078e+00, -1.87236035e+00, -8.35075438e-01,
        -1.85391653e+00, -1.15464851e-01, -6.04849577e-01, -4.83372420e-01,
        -8.82552803e-01, -1.62957740e+00, -2.34319642e-03, -5.37194192e-01,
        -3.11331332e-01, -3.34842771e-01,  7.36277938e-01,  2.97366112e-01,
        -3.91147375e-01,  1.59855866e+00,  1.28345871e+00,  7.23645389e-01,
        -6.54964268e-01, -1.63747108e+00,  1.24010749e-01, -2.65752912e-01,
        -6.19010568e-01, -2.03816605e+00, -1.88010108e+00, -1.10039854e+00,
        -1.65034735e+00, -1.63464093e+00, -2.20589137e+00, -9.81025040e-01,
        -1.61455429e+00, -1.92231917e+00, -4.10526842e-01, -4.49759960e-01,
         2.36257410e+00,  5.98327100e-01, -1.08679235e+00, -1.81046331e+00,
        -2.40221334e+00, -3.55823070e-01, -6.30521849e-02, -1.81734252e+00,
        -1.10827577e+00, -4.85256433e-01, -1.58046734e+00, -1.87154150e+00,
        -8.67966115e-01, -1.72027397e+00, -1.70133424e+00, -9.21334743e-01,
        -2.42271614e+00, -2.41314507e+00, -2.47297788e+00, -1.86782801e+00,
        -9.96830821e-01, -1.57511437e+00, -1.36929309e+00, -1.62415719e+00,
        -1.99260712e-01, -7.07128704e-01,  7.13743493e-02,  2.52284169e-01,
        -1.19727099e+00, -4.59183007e-02, -2.33896613e-01, -3.90114963e-01,
        -1.57209480e+00, -4.83912736e-01, -1.17069161e+00, -8.72909129e-01,
        -4.27787244e-01, -1.39450288e+00, -7.52734363e-01, -1.50612307e+00,
        -1.25510001e+00, -1.11426508e+00, -8.34921420e-01, -1.42836809e+00,
        -7.22546220e-01, -4.42250550e-01,  5.42636573e-01, -1.10932255e+00,
        -8.54655728e-02, -5.31819344e-01, -1.84557542e-01, -9.60196495e-01,
        -6.90600634e-01, -5.74478805e-01, -1.08173561e+00, -1.01063514e+00,
        -9.49456215e-01, -1.02573860e+00, -2.03520322e+00, -6.42642438e-01,
        -9.68649507e-01, -1.35379100e+00, -1.48040020e+00, -4.82988119e-01,
        -1.42574561e+00, -1.21498609e+00, -3.86939824e-01,  2.41016078e+00,
         9.72862065e-01,  9.24477756e-01,  1.32096875e+00, -1.97085977e+00,
        -7.31095910e-01,  2.22132489e-01,  5.66863239e-01, -7.79534802e-02,
        -1.84125185e+00,  2.36173058e+00, -9.90205169e-01,  3.45579767e+00,
         5.60362875e-01,  7.70862222e-01,  2.39178848e+00, -7.03550696e-01,
         9.91790652e-01,  1.14257097e+00,  4.02747691e-01,  1.55685556e+00,
         1.15381193e+00,  3.45021933e-01, -6.56171858e-01,  8.88663009e-02,
         6.18697584e-01,  1.48642873e-02,  7.53842294e-01, -5.44924438e-01,
        -4.98286009e-01, -9.98962104e-01, -6.63378358e-01,  1.44635046e+00,
         6.98169708e-01,  9.77283597e-01,  1.27025998e+00,  2.03311896e+00,
        -2.52786368e-01, -1.28249657e+00,  4.69824314e-01,  3.15215945e-01,
         3.03647220e-02,  1.23142111e+00,  4.99773175e-01,  2.50835037e+00,
        -1.14922035e+00, -7.76726067e-01,  2.25326395e+00,  2.90460512e-02,
        -5.77874601e-01, -2.45629832e-01, -1.45583546e+00,  7.60260701e-01,
         1.03867817e+00,  6.23912930e-01, -9.57960725e-01,  3.28293830e-01,
         3.14863533e-01,  2.50433803e+00, -8.74253452e-01,  1.00445402e+00,
        -2.41965342e+00,  6.45065188e-01,  1.11262274e+00,  1.08034723e-01,
         9.78058279e-01,  2.48258853e+00, -1.94326118e-02, -1.73463249e+00,
         7.26922095e-01,  1.18524110e+00,  1.95327425e+00, -1.59176397e+00,
        -1.08462727e+00, -1.09875095e+00,  2.34339073e-01,  1.05760741e+00,
         1.07373857e+00, -9.51211751e-01,  2.26249292e-01, -5.90607166e-01,
         1.72007382e+00,  2.29819775e-01,  4.91305918e-01, -1.26904380e+00,
        -1.90110743e+00,  8.93987238e-01,  1.08135116e+00,  2.08344817e+00,
        -1.24451423e+00,  3.85964185e-01,  1.24177039e+00, -1.41361320e+00,
         3.14603299e-01,  8.21564615e-01,  8.83770108e-01,  1.30752099e+00,
         6.72766805e-01,  6.71703458e-01,  1.21585143e+00,  1.36475646e+00,
        -1.95415413e+00,  1.64207840e+00, -4.57498729e-01,  1.03376508e-01,
         8.72336388e-01,  6.23502254e-01, -1.66174746e+00,  4.05911803e-02,
         1.58726418e+00, -1.37863171e+00, -1.87218916e+00, -8.19428742e-01,
        -6.11427128e-01,  2.95915514e-01, -3.48536193e-01,  1.36736143e+00,
         5.09352863e-01, -2.16783807e-01,  5.53628147e-01, -1.51982188e-01,
         1.26954496e+00,  2.33391017e-01, -1.42175651e+00,  6.78647220e-01,
         5.53644538e-01, -1.64018989e+00,  1.05785131e+00,  1.52283096e+00,
        -4.63976413e-01,  6.60099447e-01,  2.08362985e+00,  1.38844872e+00,
         1.54184115e+00,  8.70996177e-01,  1.40972102e+00, -2.07160378e+00,
        -1.86301839e+00, -1.93637717e+00,  1.33646584e+00,  2.30762601e+00,
        -1.11584103e+00, -2.87056416e-01,  2.15417671e+00, -1.12657547e-01,
        -1.81546375e-01,  1.52757502e+00,  4.42281246e-01, -2.11735678e+00,
         9.11941588e-01,  2.73908424e+00, -7.10472524e-01, -6.53592765e-01,
         2.20197964e+00,  1.06711376e+00, -1.11226201e+00, -5.22739649e-01,
         5.12258816e+00,  1.90041316e+00,  1.30426729e+00,  1.14273584e+00,
        -5.63690305e-01, -1.49886474e-01,  1.73484766e+00,  6.67730868e-01,
         1.82422400e+00,  1.24516118e+00, -2.79273689e-01,  6.80385470e-01,
         1.69682145e+00, -1.90461099e+00,  8.69589567e-01, -1.59947741e+00,
         1.41709125e+00, -1.26713860e+00, -4.94049996e-01, -1.57002613e-01,
        -2.06877542e+00,  1.83083618e+00,  1.27961195e+00,  2.72484851e+00,
         1.46595252e+00,  2.11991355e-01, -1.30648243e+00, -1.32398510e+00,
         6.94213450e-01,  2.73194402e-01, -9.84772205e-01,  4.49545830e-02,
         2.92945099e+00,  1.02333784e+00,  3.87487143e-01,  4.65435123e+00,
        -7.22349465e-01,  6.52273595e-01,  3.15595150e-01, -1.58741701e+00,
         4.34296131e-01, -1.65995091e-01,  2.08075285e+00,  1.76837111e+00,
         1.00961351e+00,  1.69607091e+00,  1.32449925e+00, -2.07053089e+00,
         2.96276122e-01,  1.38853312e+00,  1.23589611e+00,  1.39230931e+00,
         1.66248214e+00, -5.38329720e-01,  2.78373218e+00,  6.34014130e-01,
        -5.35127103e-01,  1.44734055e-01,  1.55614352e+00,  5.99618793e-01,
         1.68185115e-01,  1.77781761e+00,  1.12878621e+00,  4.32139158e+00,
         3.16731572e+00, -5.30811131e-01,  1.19858181e+00, -1.51859783e-03,
        -4.48811978e-01, -1.81501853e+00,  9.28659141e-01,  3.22025388e-01,
        -1.72045517e+00,  3.17856491e-01, -1.91048682e-01, -5.96247017e-02,
         3.09921813e+00,  2.10413814e-01, -1.45350564e+00, -3.07717681e-01,
         2.26810455e+00, -7.25304484e-01,  6.00971162e-01,  7.81379640e-02,
        -1.27244055e+00,  6.66325569e-01,  9.70288932e-01,  7.59174585e-01,
         1.47883725e+00, -1.99105108e+00,  1.10385334e+00,  1.70356318e-01,
         9.73484397e-01, -1.76155674e+00,  2.08014798e+00,  3.42423654e+00,
         7.70435035e-01, -1.13727713e+00, -5.19855142e-01,  2.76737380e+00,
        -1.31682634e-01,  6.46144569e-01, -1.40630066e-01,  4.96925294e-01,
         7.10447058e-02, -1.54372728e+00,  8.10278833e-01, -1.41790223e+00,
         2.78496599e+00, -5.15104055e-01, -9.76714313e-01,  8.20084691e-01,
         9.86455530e-02,  3.91340327e+00, -3.37799042e-01, -1.06063545e+00,
         8.94784451e-01,  1.16230559e+00, -4.82496798e-01, -7.48134196e-01,
        -1.29030573e+00,  3.71703617e-02,  1.04342473e+00, -4.64014143e-01,
         2.67077982e-01,  1.89064872e+00, -8.28057349e-01,  1.14502728e+00,
        -3.45151722e-01, -1.41923517e-01, -1.02467978e+00, -1.39755666e-01,
         2.23200011e+00,  1.15971875e+00, -2.75878763e+00,  3.17979872e-01,
         1.32293844e+00, -3.58491063e-01, -1.32871675e+00, -3.17508988e-02,
         7.60848939e-01,  1.50420737e+00, -4.31340516e-01,  4.74314958e-01,
         1.12809050e+00,  6.08621776e-01,  4.56314951e-01, -4.30873036e-01,
         9.10119116e-01, -1.11231518e+00,  3.26462030e-01,  6.22766078e-01,
        -5.44311106e-01,  1.32837951e+00, -1.15483689e+00,  7.83397079e-01,
         1.00159979e+00,  8.99306059e-01,  4.60573584e-02, -9.79037881e-01,
         5.21949649e-01, -1.83026671e+00, -1.58757627e-01,  2.98705906e-01,
        -7.31919110e-02,  2.83314538e+00,  9.35280144e-01,  1.37065291e-01,
        -1.78499079e+00,  1.23946428e+00, -2.35677338e+00,  1.50345492e+00,
         1.03419018e+00, -4.21672046e-01, -2.16620159e+00,  1.52487957e+00,
        -1.37673005e-01,  8.65748167e-01, -1.00753367e+00,  1.90355051e+00,
         7.51955688e-01, -3.76572609e-01,  5.22450805e-01, -1.36625326e+00,
        -6.42622113e-01,  2.74687600e+00, -3.58970374e-01,  6.25022411e-01,
         3.91191185e-01,  1.67275012e+00,  5.56596458e-01,  7.78718352e-01,
         1.48505962e+00,  1.37725401e+00,  3.04573655e+00, -3.02897215e-01,
         9.42125022e-01,  2.43180513e+00,  9.09187675e-01, -1.51325941e+00,
         5.68300843e-01, -3.68823946e-01, -6.15591526e-01,  6.54113412e-01,
         1.87720454e+00,  1.91831362e+00,  5.93388677e-01,  2.89914548e-01,
         1.40381336e+00,  7.13356137e-01,  1.44040990e+00,  2.64983810e-02,
        -1.34043694e+00,  9.88941342e-02, -9.23560381e-01,  8.49120677e-01,
         1.12654316e+00,  8.09080958e-01, -2.58985132e-01,  1.46021342e+00,
         1.33651817e+00,  6.23126328e-02, -2.94877648e-01, -3.52517843e-01,
        -9.95461702e-01,  3.17265749e-01,  2.85492110e+00, -2.57175595e-01,
         9.63941455e-01,  3.87499541e-01, -3.41561854e-01,  4.35175866e-01,
        -6.81444049e-01,  3.83720446e+00,  3.79338413e-01,  4.36343998e-01,
         7.79970884e-01,  1.83352554e+00,  5.87840557e+00, -6.52604878e-01,
         1.14938629e+00,  2.49683952e+00, -3.72664005e-01,  3.35782862e+00,
         3.97831321e-01, -1.38325405e+00, -8.18167448e-01, -3.15329880e-01,
         5.91887116e-01, -1.87908173e-01, -4.05568033e-01,  1.28040761e-01,
         1.29167348e-01,  9.25066829e-01,  7.92012036e-01,  2.57363319e+00,
         9.78406668e-01,  9.98867452e-01, -1.24805021e+00,  1.78935385e+00,
         3.65154088e-01, -3.49679857e-01,  2.61126542e+00,  2.64089346e+00,
        -1.48349750e+00, -1.17298794e+00,  9.50186968e-01,  6.61247432e-01,
         1.62106240e+00, -1.38661718e+00,  1.26415029e-01,  1.68263817e+00,
         1.70922279e+00, -8.59855115e-01,  7.49589279e-02,  2.40383506e+00,
        -9.60543573e-01, -1.91580033e+00,  2.58526993e+00, -1.97409511e+00,
         5.67126751e-01,  1.18409061e+00, -3.55932206e-01, -2.93316633e-01,
         1.51739752e+00,  1.15842235e+00,  1.43258893e+00,  7.26098120e-01,
         9.40566599e-01,  1.59506357e+00,  2.55084872e+00, -1.03576410e+00,
         7.68841863e-01,  6.42449558e-01,  7.28299856e-01,  3.57708573e+00,
         6.64857268e-01, -1.11438489e+00,  3.91076922e+00,  1.84752494e-01,
        -3.71772099e+00,  1.85435817e-01,  2.52657354e-01,  8.95172834e-01,
        -6.59707427e-01,  1.50793397e+00,  1.12736213e+00, -1.97883952e+00,
        -1.50682724e+00, -1.03529918e+00, -9.74087059e-01, -6.09395325e-01,
         2.33623314e+00,  1.55734098e+00, -4.80787337e-01, -1.30206513e+00,
         1.77679300e+00, -1.38557807e-01, -2.24601007e+00,  7.15253174e-01,
         2.11434841e+00,  1.13987553e+00, -6.08399212e-01,  2.75335383e+00,
         8.21900010e-01,  9.29496884e-01,  1.29747272e+00,  1.22291851e+00,
         1.25992668e+00,  3.33954453e+00, -7.74200354e-03,  1.17284739e+00,
        -1.15446806e+00,  1.76099658e+00, -1.22750890e+00,  1.84885159e-01,
         3.48281813e+00,  6.21901512e-01,  2.75038958e+00, -1.48306251e+00,
         1.82159054e+00,  1.18439436e+00,  7.53856659e-01,  6.73887074e-01,
        -6.94604635e-01, -1.42182887e+00,  1.51692286e-01,  2.24269390e+00,
         7.01317263e+00,  6.61225557e+00,  2.25136352e+00,  4.86384600e-01,
        -3.09607416e-01,  1.27604651e+00,  3.74088407e-01,  2.29310799e+00,
        -1.27083695e+00, -2.24142528e+00, -1.67177761e+00,  9.90996480e-01,
         1.11271644e+00,  7.45824650e-02,  1.05224895e+00, -2.53648013e-01,
         1.18798470e+00,  1.74345863e+00,  1.38099730e+00,  4.62268770e-01,
        -1.77716017e+00,  1.52654195e+00, -1.63282514e-01, -4.42464858e-01,
        -8.08196187e-01,  5.12713432e-01, -2.66567171e-01, -3.87955695e-01,
        -1.09958482e+00, -6.30993366e-01, -6.66463375e-01, -5.85330799e-02,
        -7.39835799e-01, -6.16378725e-01, -1.40344381e-01, -2.98200369e-01,
        -1.17326283e+00, -6.01848960e-01,  1.47959724e-01, -1.08722711e+00,
        -2.97651768e+00, -8.82349133e-01, -2.04964519e+00,  1.43642694e-01,
         6.06538951e-01,  3.56928766e-01,  8.87625277e-01,  1.23278268e-01,
        -1.24395299e+00,  3.26522201e-01,  2.67397314e-01, -8.39218915e-01,
        -1.02688730e+00, -4.85326588e-01, -9.19795275e-01, -1.11444890e+00,
        -7.06704676e-01, -5.04110396e-01, -5.85719049e-01,  1.61321849e-01,
         2.69743562e-01, -3.72410566e-01,  2.00899124e+00, -2.03726530e-01,
         7.75519431e-01,  1.09190866e-01, -1.74267840e+00,  1.79120708e+00,
        -1.99929965e+00, -1.31796217e+00, -4.20873985e-02, -3.24122667e-01,
        -2.55682802e+00, -3.93273830e-01, -9.65613842e-01, -1.93640995e+00,
         6.63408399e-01,  4.55338880e-02,  1.86030972e+00, -8.52321625e-01,
        -1.09209096e+00,  1.05862367e+00, -1.06990266e+00,  8.95131528e-02,
        -1.61714923e+00, -3.54536086e-01, -1.37302899e+00, -9.24577475e-01,
        -4.20827389e-01, -1.85616040e+00, -2.04573321e+00, -1.32851481e+00,
        -9.76860642e-01, -1.99596834e+00,  6.86504543e-02,  1.08079326e+00],
       device='cuda:0')
Clean RHS: tensor([[1.20289803]], device='cuda:0')
Split layers:
Nonlinear functions:
   BoundRelu(name=/66, inputs=[/input], perturbed=True)
   BoundRelu(name=/68, inputs=[/input-4], perturbed=True)
   BoundRelu(name=/71, inputs=[/input-12], perturbed=True)
   BoundRelu(name=/73, inputs=[/input-16], perturbed=True)
   BoundRelu(name=/76, inputs=[/input-24], perturbed=True)
   BoundRelu(name=/78, inputs=[/input-28], perturbed=True)
   BoundRelu(name=/80, inputs=[/input-32], perturbed=True)
   BoundRelu(name=/83, inputs=[/input-40], perturbed=True)
   BoundRelu(name=/85, inputs=[/input-44], perturbed=True)
   BoundRelu(name=/87, inputs=[/input-48], perturbed=True)
   BoundRelu(name=/90, inputs=[/input-56], perturbed=True)
   BoundRelu(name=/92, inputs=[/input-60], perturbed=True)
   BoundRelu(name=/94, inputs=[/input-64], perturbed=True)
   BoundRelu(name=/98, inputs=[/input-68], perturbed=True)
   BoundRelu(name=/101, inputs=[/input-72], perturbed=True)
   BoundRelu(name=/input-8/conv_1_relu, inputs=[/input-8/conv_1], perturbed=True)
   BoundRelu(name=/input-8/conv_3_relu, inputs=[/input-8/conv_3], perturbed=True)
   BoundRelu(name=/input-20/conv_1_relu, inputs=[/input-20/conv_1], perturbed=True)
   BoundRelu(name=/input-20/conv_3_relu, inputs=[/input-20/conv_3], perturbed=True)
   BoundRelu(name=/input-36/conv_1_relu, inputs=[/input-36/conv_1], perturbed=True)
   BoundRelu(name=/input-36/conv_3_relu, inputs=[/input-36/conv_3], perturbed=True)
   BoundRelu(name=/input-52/conv_1_relu, inputs=[/input-52/conv_1], perturbed=True)
   BoundRelu(name=/input-52/conv_3_relu, inputs=[/input-52/conv_3], perturbed=True)
   BoundRelu(name=/95/conv_1_relu, inputs=[/95/conv_1], perturbed=True)
   BoundRelu(name=/95/conv_3_relu, inputs=[/95/conv_3], perturbed=True)
Batched CROWN: node BoundConv(name=/input-4, inputs=[/66, /35, /36], perturbed=True), unstable size 40214
Batched CROWN: node BoundConv(name=/input-8/conv_1, inputs=[/68, /input-8/conv_1_w], perturbed=True), unstable size 57342
Batched CROWN: node BoundConv(name=/input-8/conv_3, inputs=[/input-8/add_1_2, /input-8/conv_3_w], perturbed=True), unstable size 14804
Batched CROWN: node BoundConv(name=/input-12, inputs=[/input-8/add_3_4, /37, /38], perturbed=True), unstable size 303511
Batched CROWN: node BoundConv(name=/input-16, inputs=[/71, /39, /40], perturbed=True), unstable size 1514703
Batched CROWN: node BoundConv(name=/input-20/conv_1, inputs=[/73, /input-20/conv_1_w], perturbed=True), unstable size 23035
Batched CROWN: node BoundConv(name=/input-20/conv_3, inputs=[/input-20/add_1_2, /input-20/conv_3_w], perturbed=True), unstable size 13801
Batched CROWN: node BoundConv(name=/input-24, inputs=[/input-20/add_3_4, /41, /42], perturbed=True), unstable size 468224
Batched CROWN: node BoundConv(name=/input-28, inputs=[/76, /43, /44], perturbed=True), unstable size 788983
Batched CROWN: node BoundConv(name=/input-32, inputs=[/78, /45, /46], perturbed=True), unstable size 113792
Batched CROWN: node BoundConv(name=/input-36/conv_1, inputs=[/80, /input-36/conv_1_w], perturbed=True), unstable size 27040
Batched CROWN: node BoundConv(name=/input-36/conv_3, inputs=[/input-36/add_1_2, /input-36/conv_3_w], perturbed=True), unstable size 20465
Batched CROWN: node BoundConv(name=/input-40, inputs=[/input-36/add_3_4, /47, /48], perturbed=True), unstable size 336348
Batched CROWN: node BoundConv(name=/input-44, inputs=[/83, /49, /50], perturbed=True), unstable size 194484
Batched CROWN: node BoundConv(name=/input-48, inputs=[/85, /51, /52], perturbed=True), unstable size 246340
Batched CROWN: node BoundConv(name=/input-52/conv_1, inputs=[/87, /input-52/conv_1_w], perturbed=True), unstable size 3356
Batched CROWN: node BoundConv(name=/input-52/conv_3, inputs=[/input-52/add_1_2, /input-52/conv_3_w], perturbed=True), unstable size 2721
Batched CROWN: node BoundConv(name=/input-56, inputs=[/input-52/add_3_4, /53, /54], perturbed=True), unstable size 78902
Batched CROWN: node BoundConv(name=/input-60, inputs=[/90, /55, /56], perturbed=True), unstable size 98894
Batched CROWN: node BoundConv(name=/input-64, inputs=[/92, /57, /58], perturbed=True), unstable size 92678
Batched CROWN: node BoundConv(name=/95/conv_1, inputs=[/94, /95/conv_1_w], perturbed=True), unstable size 26602
Batched CROWN: node BoundConv(name=/95/conv_3, inputs=[/95/add_1_2, /95/conv_3_w], perturbed=True), unstable size 15122
Batched CROWN: node BoundLinear(name=/input-68, inputs=[/96, /59, /60], perturbed=True), unstable size 4096
Batched CROWN: node BoundLinear(name=/input-72, inputs=[/99, /61, /62], perturbed=True), unstable size 4096
initial crown bounds: tensor([[-25055.62695312]], device='cuda:0')
Number of class (without rhs): 1 ; Worst class: (+ rhs) -25055.626953125
Iteration 1
Adv attack time: 1.5377s
Batch size: 1
Current pickout batch: 1, total pickout batch: 1
Batched CROWN: node BoundConv(name=/input-4, inputs=[/66, /35, /36], perturbed=True), unstable size 40214
Batched CROWN: node BoundConv(name=/input-8/conv_1, inputs=[/68, /input-8/conv_1_w], perturbed=True), unstable size 57342
Batched CROWN: node BoundConv(name=/input-8/conv_3, inputs=[/input-8/add_1_2, /input-8/conv_3_w], perturbed=True), unstable size 14804
Batched CROWN: node BoundConv(name=/input-12, inputs=[/input-8/add_3_4, /37, /38], perturbed=True), unstable size 303511
Batched CROWN: node BoundConv(name=/input-16, inputs=[/71, /39, /40], perturbed=True), unstable size 1514702
Batched CROWN: node BoundConv(name=/input-20/conv_1, inputs=[/73, /input-20/conv_1_w], perturbed=True), unstable size 23035
Batched CROWN: node BoundConv(name=/input-20/conv_3, inputs=[/input-20/add_1_2, /input-20/conv_3_w], perturbed=True), unstable size 13801
Batched CROWN: node BoundConv(name=/input-24, inputs=[/input-20/add_3_4, /41, /42], perturbed=True), unstable size 468224
Batched CROWN: node BoundConv(name=/input-28, inputs=[/76, /43, /44], perturbed=True), unstable size 788983
Batched CROWN: node BoundConv(name=/input-32, inputs=[/78, /45, /46], perturbed=True), unstable size 113791
Batched CROWN: node BoundConv(name=/input-36/conv_1, inputs=[/80, /input-36/conv_1_w], perturbed=True), unstable size 27041
Batched CROWN: node BoundConv(name=/input-36/conv_3, inputs=[/input-36/add_1_2, /input-36/conv_3_w], perturbed=True), unstable size 20465
Batched CROWN: node BoundConv(name=/input-40, inputs=[/input-36/add_3_4, /47, /48], perturbed=True), unstable size 336349
Batched CROWN: node BoundConv(name=/input-44, inputs=[/83, /49, /50], perturbed=True), unstable size 194480
Batched CROWN: node BoundConv(name=/input-48, inputs=[/85, /51, /52], perturbed=True), unstable size 246366
Batched CROWN: node BoundConv(name=/input-52/conv_1, inputs=[/87, /input-52/conv_1_w], perturbed=True), unstable size 3355
Batched CROWN: node BoundConv(name=/input-52/conv_3, inputs=[/input-52/add_1_2, /input-52/conv_3_w], perturbed=True), unstable size 2720
Batched CROWN: node BoundConv(name=/input-56, inputs=[/input-52/add_3_4, /53, /54], perturbed=True), unstable size 78901
Batched CROWN: node BoundConv(name=/input-60, inputs=[/90, /55, /56], perturbed=True), unstable size 98895
Batched CROWN: node BoundConv(name=/input-64, inputs=[/92, /57, /58], perturbed=True), unstable size 92678
Batched CROWN: node BoundConv(name=/95/conv_1, inputs=[/94, /95/conv_1_w], perturbed=True), unstable size 26601
Batched CROWN: node BoundConv(name=/95/conv_3, inputs=[/95/add_1_2, /95/conv_3_w], perturbed=True), unstable size 15122
