----- SLURM_JOB_ID=4508840
SLURM_JOB_NODELIST=d3233
SLURM_JOB_GPUS=1
SLURM_GPUS=<unset>
SLURM_STEP_GPUS=<unset>
CUDA_VISIBLE_DEVICES=0
SLURM_NTASKS=1
SLURM_CPUS_PER_TASK=4
SHELL=/bin/bash
PATH=/shared/EL9/explorer/cuda/12.8.0/bin:/shared/EL9/explorer/code-server/4.91.1/code-server-4.91.1-linux-amd64/lib/vscode/bin/remote-cli:/home/z.dehghanipour/.conda/envs/ab-crown-v1/bin:/shared/EL9/explorer/anaconda3/2024.06/condabin:/usr/share/Modules/bin:/usr/local/bin:/usr/bin:/usr/local/sbin:/usr/sbin:/home/z.dehghanipour/.local/bin:/home/z.dehghanipour/bin:/home/z.dehghanipour/.local/bin:/home/z.dehghanipour/bin
========== ENV CHECK ==========
/home/z.dehghanipour/.conda/envs/ab-crown-v1/bin/python
Python 3.11.9
PYTHON: /home/z.dehghanipour/.conda/envs/ab-crown-v1/bin/python
torch: 2.3.1
torch.version.cuda: 12.1
cuda available: True
CUDA_VISIBLE_DEVICES: 0
device[0]: NVIDIA A100 80GB PCIe
capability[0]: (8, 0)
matmul ok: -13857.2626953125
Sat Feb 21 23:01:53 2026       
+---------------------------------------------------------------------------------------+
| NVIDIA-SMI 545.23.08              Driver Version: 545.23.08    CUDA Version: 12.3     |
|-----------------------------------------+----------------------+----------------------+
| GPU  Name                 Persistence-M | Bus-Id        Disp.A | Volatile Uncorr. ECC |
| Fan  Temp   Perf          Pwr:Usage/Cap |         Memory-Usage | GPU-Util  Compute M. |
|                                         |                      |               MIG M. |
|=========================================+======================+======================|
|   0  NVIDIA A100 80GB PCIe          On  | 00000000:40:00.0 Off |                    0 |
| N/A   40C    P0              75W / 300W |      4MiB / 81920MiB |      7%      Default |
|                                         |                      |             Disabled |
+-----------------------------------------+----------------------+----------------------+
                                                                                         
+---------------------------------------------------------------------------------------+
| Processes:                                                                            |
|  GPU   GI   CI        PID   Type   Process name                            GPU Memory |
|        ID   ID                                                             Usage      |
|=======================================================================================|
|  No running processes found                                                           |
+---------------------------------------------------------------------------------------+
================================
========== QUICK GPU CHECK ==========
Sat Feb 21 23:01:53 2026       
+---------------------------------------------------------------------------------------+
| NVIDIA-SMI 545.23.08              Driver Version: 545.23.08    CUDA Version: 12.3     |
|-----------------------------------------+----------------------+----------------------+
| GPU  Name                 Persistence-M | Bus-Id        Disp.A | Volatile Uncorr. ECC |
| Fan  Temp   Perf          Pwr:Usage/Cap |         Memory-Usage | GPU-Util  Compute M. |
|                                         |                      |               MIG M. |
|=========================================+======================+======================|
|   0  NVIDIA A100 80GB PCIe          On  | 00000000:40:00.0 Off |                    0 |
| N/A   40C    P0              75W / 300W |      4MiB / 81920MiB |      0%      Default |
|                                         |                      |             Disabled |
+-----------------------------------------+----------------------+----------------------+
                                                                                         
+---------------------------------------------------------------------------------------+
| Processes:                                                                            |
|  GPU   GI   CI        PID   Type   Process name                            GPU Memory |
|        ID   ID                                                             Usage      |
|=======================================================================================|
|  No running processes found                                                           |
+---------------------------------------------------------------------------------------+
=====================================
[rank 0/1] host=d3233 CUDA_VISIBLE_DEVICES=0
[rank 0] === Checking instance ID 150 ===
[rank 0] >>> Running ID=150 onnx=onnx/vgg16-7.onnx
Configurations:

general:
  device: cuda
  seed: 100
  conv_mode: patches
  deterministic: false
  double_fp: false
  loss_reduction_func: max
  sparse_alpha: true
  sparse_interm: true
  save_adv_example: false
  verify_onnxruntime_output: false
  eval_adv_example: false
  show_adv_example: false
  precompile_jit: false
  prepare_only: false
  complete_verifier: bab
  enable_incomplete_verification: false
  csv_name: instances.csv
  results_file: results/vggnet16_all_p_1/result_150.rank0.txt
  root_path: ../../vnncomp2023_benchmarks/benchmarks/vggnet16
  deterministic_opt: false
  graph_optimizer: 'Customized("custom_graph_optimizer", "maxpool_to_relu")'
  buffer_has_batchdim: false
  save_output: false
  output_file: out.pkl
  return_optimized_model: false
  output_additional_stats: true
  instance_id: 150
  dataset_output_dir: dataset
  min_stable_neurons_ratio_threshold: 0.0
model:
  name: null
  path: null
  onnx_path: /projects/air/dlverifier/vggnet16_all/onnx/vgg16-7.onnx
  onnx_path_prefix: ''
  cache_onnx_conversion: true
  debug_onnx: false
  onnx_quirks: null
  input_shape: null
  onnx_loader: default_onnx_and_vnnlib_loader
  onnx_optimization_flags: []
  onnx_vnnlib_joint_optimization_flags: none
  check_optimized: false
  flatten_final_output: false
  optimize_graph: null
  with_jacobian: false
data:
  start: 0
  end: 10000
  select_instance: null
  num_outputs: 1000
  mean: 0.0
  std: 1.0
  pkl_path: null
  dataset: null
  data_filter_path: null
  data_idx_file: null
specification:
  type: lp
  robustness_type: verified-acc
  norm: .inf
  epsilon: null
  epsilon_min: 0.0
  vnnlib_path: /projects/air/dlverifier/vggnet16_all/vnnlib/n01644373_tree_frog_fix_nonmask_seg0_k50176_eps_0.0003.vnnlib
  vnnlib_path_prefix: ''
  rhs_offset: null
solver:
  batch_size: 1
  auto_enlarge_batch_size: false
  min_batch_size_ratio: 0.1
  use_float64_in_last_iteration: false
  early_stop_patience: 10
  start_save_best: 0.5
  bound_prop_method: forward+backward
  init_bound_prop_method: same
  prune_after_crown: false
  optimize_disjuncts_separately: false
  crown:
    batch_size: 16
    max_crown_size: 1000000000
    relu_option: adaptive
  alpha-crown:
    alpha: true
    lr_alpha: 0.1
    iteration: 100
    share_alphas: false
    lr_decay: 0.98
    full_conv_alpha: true
    max_coeff_mul: .inf
    matmul_share_alphas: false
    disable_optimization: []
    max_time: 1.0
  invprop:
    apply_output_constraints_to: []
    tighten_input_bounds: false
    best_of_oc_and_no_oc: false
    directly_optimize: []
    oc_lr: 0.1
    share_gammas: false
  beta-crown:
    lr_alpha: 0.01
    lr_beta: 0.05
    lr_decay: 0.98
    optimizer: adam
    iteration: 10
    beta: true
    beta_warmup: true
    enable_opt_interm_bounds: false
    all_node_split_LP: false
  forward:
    refine: false
    dynamic: true
    max_dim: 100
    reset_threshold: 1.0
  intermediate_refinement:
    enabled: false
    batch_size: 10
    opt_coeffs: false
    opt_bias: false
    lr: 0.05
    layers: [-1]
    max_domains: 1000
  multi_class:
    label_batch_size: 32
    skip_with_refined_bound: true
  mip:
    unstable_neuron_threshold: 0
    parallel_solvers: null
    solver_threads: 1
    refine_neuron_timeout: 15
    refine_neuron_time_percentage: 0.8
    early_stop: true
    adv_warmup: true
    mip_solver: gurobi
    skip_unsafe: false
    topk_filter: 1.0
    sliding_window: -1
    extra_constraint: false
    refine_neuron_timeout_increasement: 0
    timeout_neuron_percentage: 0.3
    remaining_timeout_threshold: 1
    remove_unstable_neurons: true
    lp_solver: false
bab:
  initial_max_domains: 1
  backing_up_max_domain: null
  max_domains: .inf
  decision_thresh: 0
  timeout: 1200.0
  timeout_scale: 1
  max_iterations: -1
  override_timeout: null
  get_upper_bound: false
  pruning_in_iteration: true
  pruning_in_iteration_ratio: 0.2
  sort_targets: false
  batched_domain_list: true
  optimized_interm: ''
  interm_transfer: true
  recompute_interm: false
  sort_domain_interval: -1
  vanilla_crown: false
  tree_traversal: depth_first
  cut:
    enabled: false
    cuts_path: /tmp/abcrown_cuts
    implication: false
    bab_cut: false
    lp_cut: false
    method: null
    lr: 0.01
    lr_decay: 1.0
    iteration: 100
    bab_iteration: -1
    early_stop_patience: -1
    lr_beta: 0.02
    number_cuts: 50
    topk_cuts_in_filter: 1000
    batch_size_primal: 100
    max_num: 1000000000
    patches_cut: false
    cplex_cuts: false
    cplex_cuts_wait: 0
    cplex_cuts_revpickup: true
    cut_reference_bounds: true
    fix_intermediate_bounds: false
    _tmp_cuts: null
    fixed_cuts: false
    add_implied_cuts: false
    add_input_cuts: false
    biccos:
      enabled: false
      constraint_strengthening: true
      recursively_strengthening: false
      drop_ratio: 0.5
      verified_bonus: 0.3
      max_infer_iter: 20
      heuristic: neuron_influence_score
      save_biccos_cuts: false
      multi_tree_branching:
        enabled: false
        restore_best_tree: false
        keep_n_best_domains: 1
        k_splits: 1
        iterations: 1
  branching:
    method: sb
    candidates: 3
    reduceop: min
    enable_intermediate_bound_opt: false
    branching_input_and_activation: false
    branching_input_and_activation_order: [input, relu]
    branching_input_iterations: 30
    branching_relu_iterations: 50
    gnn_path: ''
    neural_heuristic:
      model_path: ''
    rl:
      experiment: general
      eval: false
      extras: []
      logging:
        color: true
        debug: true
        file: rl-experiment.log
      pnet:
        gH: 64
        tH: 64
        nheads: 64
        nlayers: 64
        useDynamicGraph: true
        bidirectional: false
        GAT: true
      training:
        gamma: 0.99
        lr: 0.001
        batchSize: 8
        loop: 8
        totalEpochs: 10
        updatePolicyFrequency: 10
        updateTargetFrequency: 10
        buffer: buffer.pkl
        preparedBuffer: 'False'
        TestingPreparedBuffer: false
        scriptTraining: false
        policynet: policy-checkpoint.pt
        targetnet: target-checkpoint.pt
        datasetShuffle: true
        targetedData: all
        splitRatio: 0.8
        maxInstances: -1
        trainingMode: full
        reward:
          norm: null
          bonus: 10.0
          penalty: -1.0
      egreedy:
        epsilon: 0.1
        epsilonDecay: 0.1
        minEpsilon: 0.1
        ePath: epsilon.pt
        enabled: true
      expert:
        useExpertUntilEpisode: 0.1
        enabled: true
        learnToImitateExpertEpochs: 10
    nonlinear_split:
      method: shortcut
      branching_point_method: uniform
      num_branches: 2
      filter: false
      filter_beta: false
      filter_clamp: false
      filter_batch_size: 10000
      filter_iterations: 25
      relu_only: false
      loose_tanh_threshold: null
      dynamic_bbps: false
      dynamic_options: [uniform, three_left, three_right]
      branching_point_node: ''
      branching_point_db: []
    input_split:
      enable_clip_domains: false
      split_hint: null
      reorder_bab: false
      enable: true
      enhanced_bound_prop_method: alpha-crown
      enhanced_branching_method: naive
      enhanced_bound_patience: 100000000.0
      attack_patience: 100000000.0
      adv_check: 0
      split_partitions: 2
      sb_margin_weight: 1.0
      sb_sum: false
      sb_primary_spec: null
      bf_backup_thresh: -1
      bf_rhs_offset: 0
      bf_iters: 1000000000.0
      bf_batch_size: 100000
      bf_zero_crossing_score: false
      touch_zero_score: 0
      ibp_enhancement: false
      catch_assertion: false
      compare_with_old_bounds: false
      update_rhs_with_attack: false
      sb_coeff_thresh: 0.001
      sort_index: null
      sort_descending: true
      show_progress: false
      presplit_domains: null
      skip_getting_worst_domain: false
  attack:
    enabled: false
    beam_candidates: 8
    beam_depth: 7
    max_dive_fix_ratio: 0.8
    min_local_free_ratio: 0.2
    mip_start_iteration: 5
    mip_timeout: 30.0
    adv_pool_threshold: null
    refined_mip_attacker: false
    refined_batch_size: null
attack:
  pgd_order: input_bab
  pgd_steps: 100
  pgd_restarts: 30
  pgd_batch_size: 100000000
  pgd_early_stop: true
  pgd_lr_decay: 0.99
  pgd_alpha: auto
  pgd_alpha_scale: false
  pgd_loss_mode: null
  pgd_restart_when_stuck: false
  enable_mip_attack: false
  adv_saver: default_adv_saver
  adv_verifier: default_adv_verifier
  early_stop_condition: default_early_stop_condition
  adv_example_finalizer: default_adv_example_finalizer
  pgd_loss: default_pgd_loss
  cex_path: ./test_cex.txt
  attack_mode: PGD
  attack_tolerance: 0.0
  attack_func: attack_with_general_specs
  gama_lambda: 10.0
  gama_decay: 0.9
  check_clean: true
  input_split:
    pgd_steps: 100
    pgd_restarts: 30
    pgd_alpha: auto
  input_split_enhanced:
    pgd_steps: 200
    pgd_restarts: 500000
    pgd_alpha: auto
  input_split_check_adv:
    enabled: auto
    pgd_steps: 5
    pgd_restarts: 5
    pgd_alpha: auto
    max_num_domains: 10
debug:
  sanity_check: Full+Graph
  view_model: false
  lp_test: null
  rescale_vnnlib_ptb: null
  test_optimized_bounds: false
  test_optimized_bounds_after_n_iterations: 0
  print_verbose_decisions: false

Experiments at Sat Feb 21 23:02:19 2026 on d3233
Internal results will be saved to results/vggnet16_all_p_1/result_150.rank0.txt.

[ZRL] %%%%%%%%%%%%%%%%%%%%%%%%%%%%%%%%%%% idx: 0, vnnlib ID: 0 %%%%%%%%%%%%%%%%%%%%%%%%%%%%%%%%%%%
Using onnx /projects/air/dlverifier/vggnet16_all/onnx/vgg16-7.onnx
Using vnnlib /projects/air/dlverifier/vggnet16_all/vnnlib/n01644373_tree_frog_fix_nonmask_seg0_k50176_eps_0.0003.vnnlib
Precompiled vnnlib file found at /projects/air/dlverifier/vggnet16_all/vnnlib/n01644373_tree_frog_fix_nonmask_seg0_k50176_eps_0.0003.vnnlib.compiled
Loading cached onnx model from /projects/air/dlverifier/vggnet16_all/onnx/vgg16-7.onnx.cached
Cannot read cached onnx file. Regenerating...
Loading onnx /projects/air/dlverifier/vggnet16_all/onnx/vgg16-7.onnx with quirks {}
Finished onnx model loading in 45.6218 seconds
Number of perturbed inputs: 142803
WARNING: prioritizing attack due to too many perturbed pixels on VGG
Setting arguments.Config["attack"]["pgd_order"] to "before"
Setting bound_prop_method to crown
Attack parameters: initialization=uniform, steps=100, restarts=30, alpha=7.500126957893372e-05, initialization=uniform, GAMA=False
Model output of first 5 examples:
 tensor([[-2.78454304e-01,  1.40304542e+00, -8.37417245e-01, -4.27649558e-01,
         -9.36603248e-01,  6.48826122e-01, -3.52776170e-01, -1.65940833e+00,
         -1.69482279e+00, -1.08881843e+00, -1.04975458e-02,  3.92355531e-01,
         -9.70460474e-03,  8.51378776e-04,  5.48796117e-01,  4.04367149e-01,
         -3.56844157e-01, -1.17526710e+00, -3.93044949e-01, -4.91253473e-02,
         -2.06429407e-01,  5.25690973e-01,  6.26857042e-01, -6.29828036e-01,
          6.06153429e-01, -1.25791758e-01,  1.57513142e+00,  4.06992912e-01,
         -7.08131135e-01,  1.12969208e+00, -1.40768242e+00,  1.94990277e+00,
          3.88482779e-01, -1.29905939e+00, -1.12404740e+00, -1.15188801e+00,
          2.77593344e-01, -1.77712822e+00,  1.57849944e+00, -6.27879918e-01,
          1.74931324e+00,  1.22296050e-01,  2.27275923e-01,  4.17646691e-02,
          1.10553098e+00, -5.16176403e-01,  1.96164668e+00,  6.71165586e-01,
         -1.33213770e+00, -6.64044857e-01, -3.93221498e-01, -2.06442595e+00,
          1.09223664e+00,  7.94475853e-01, -3.69736671e-01,  7.23198894e-03,
         -1.91323102e-01, -1.15699875e+00,  3.84142473e-02,  8.30251634e-01,
          7.09844232e-01, -2.64680266e-01, -5.16572654e-01,  4.57665741e-01,
          9.44584012e-01, -2.75616318e-01,  3.28235924e-01, -3.51523191e-01,
         -1.09656051e-01, -3.76905948e-01,  2.10487342e+00,  1.30439138e+00,
          1.28762925e+00,  3.04007244e+00,  1.67311656e+00,  2.89831424e+00,
          1.21980679e+00,  3.29682374e+00,  3.00974917e+00,  2.25070357e+00,
          4.04872596e-01, -1.31976378e+00, -1.57213926e-01, -8.70141208e-01,
         -3.13585252e-01, -6.01558208e-01, -1.11453545e+00,  5.62077165e-01,
         -2.25935206e-02, -8.86311173e-01, -5.06702006e-01, -1.46772671e+00,
          7.78978944e-01, -2.18991086e-01,  7.44893074e-01, -3.29936296e-01,
          6.19195282e-01, -1.18108034e+00,  1.03381366e-01, -1.10786021e+00,
          3.32273915e-02, -1.50407839e+00, -2.10155535e+00,  5.73172331e-01,
         -4.50128853e-01, -1.49080360e+00, -1.16541862e+00, -1.07548952e+00,
         -1.77508402e+00, -1.76159883e+00,  1.11373879e-01,  3.96894574e+00,
         -2.01263547e-01,  9.56813872e-01,  9.96151865e-01, -1.44061482e+00,
         -4.01308924e-01,  1.10109061e-01, -1.01568520e+00, -9.70556557e-01,
         -5.98898530e-01, -1.50687099e+00, -1.48328173e+00, -1.98505926e+00,
         -1.42366230e+00, -1.15408492e+00,  1.75872266e+00, -2.93343097e-01,
          1.21311390e+00,  3.76969390e-03, -7.27276623e-01, -8.36112618e-01,
          1.91072017e-01, -3.32804710e-01, -1.93787351e-01, -7.24567771e-01,
         -1.14783120e+00, -3.00909013e-01,  1.47024229e-01, -1.44548035e+00,
         -1.92493546e+00,  6.72117844e-02, -8.39499712e-01, -7.92447269e-01,
         -8.22711706e-01, -4.43233520e-01, -4.39598054e-01,  7.56134212e-01,
          1.73514932e-01,  5.62533677e-01, -2.13227463e+00,  7.31641054e-01,
         -4.78345394e-01,  5.43137074e-01,  1.23125158e-01, -2.89742172e-01,
         -5.18273950e-01, -1.53813101e-02, -2.46416211e-01, -1.08545303e+00,
         -9.36036944e-01, -2.61187524e-01,  4.02603388e-01, -7.58614540e-01,
         -2.91937202e-01, -6.30650878e-01, -3.31044018e-01, -6.03169680e-01,
         -9.26682577e-02, -6.05132639e-01, -2.64731765e-01, -3.35188806e-01,
         -1.43962848e+00, -4.02498282e-02, -5.31112611e-01, -5.26278436e-01,
         -1.34874201e+00, -5.15757918e-01, -1.69659674e-01, -1.01785398e+00,
         -1.23737895e+00,  5.84493577e-02,  2.38072157e-01, -1.72336563e-01,
         -2.06785470e-01, -4.97648388e-01, -1.45894699e-02,  7.32709706e-01,
          9.66885388e-02, -2.05726460e-01,  3.14307541e-01,  3.13164949e-01,
         -3.23070735e-01,  7.87820891e-02, -3.11023951e-01,  9.16027546e-01,
         -1.85958028e-01, -8.55172336e-01, -9.85658169e-01,  6.04903460e-01,
         -1.39161050e-01, -5.59004009e-01,  2.09990889e-04,  6.47191584e-01,
         -3.44000071e-01, -9.29293334e-01, -9.35757041e-01, -8.03791046e-01,
         -7.90566385e-01, -7.15423167e-01, -1.12463713e+00, -5.33263803e-01,
         -9.84124690e-02, -1.08230352e+00, -7.99070477e-01, -8.65383923e-01,
         -6.05597854e-01, -3.13764364e-01, -7.71033406e-01, -7.80404449e-01,
         -9.88051593e-01, -2.05008104e-01, -3.46564591e-01,  2.76254028e-01,
         -4.32776287e-02, -1.15877485e+00, -9.40475881e-01, -7.68849015e-01,
         -4.84670997e-01,  7.30870664e-01, -3.62142116e-01, -7.65184388e-02,
         -9.77903366e-01, -6.42081678e-01, -7.13402689e-01, -1.92235291e-01,
         -5.83150387e-01,  1.02551132e-02, -1.00922143e+00, -2.47243375e-01,
         -6.49489701e-01, -5.36720693e-01, -6.23552762e-02, -1.48396254e+00,
         -1.05266821e+00,  2.01783344e-01, -9.65915263e-01, -5.18057764e-01,
         -7.63703585e-02, -2.15743050e-01, -3.03198606e-01, -1.41696179e+00,
          4.95206177e-01, -6.17233962e-02,  9.65645730e-01, -1.50745070e+00,
         -8.63062322e-01,  1.21720202e-01,  4.76265669e-01,  5.80358624e-01,
          3.59500080e-01, -3.30692798e-01, -9.68554378e-01, -4.34567779e-01,
         -6.31954908e-01,  4.20403659e-01, -3.75817299e-01, -7.04415739e-01,
         -1.21920812e+00,  8.89401257e-01,  1.06811535e+00,  2.68343300e-01,
          1.08929884e+00,  4.89570975e-01, -5.08992821e-02,  1.94263414e-01,
          4.24569324e-02,  3.93974602e-01,  3.42106745e-02,  1.18155551e+00,
          4.69589680e-01,  1.85831404e+00,  1.86936355e+00,  2.22499514e+00,
          2.00255418e+00,  8.94557476e-01, -6.53355896e-01,  5.85318327e-01,
         -4.83517259e-01, -2.49108344e-01, -7.85167873e-01, -4.26825583e-01,
         -7.65952051e-01,  1.89283475e-01, -7.89528847e-01, -6.34522021e-01,
         -1.17908940e-01, -4.32911426e-01, -7.12808490e-01, -1.37807161e-01,
          3.95397246e-02,  1.84739065e+00,  1.61621332e+00,  1.45802975e+00,
          6.76266611e-01, -8.90138030e-01,  6.66866124e-01,  1.70179451e+00,
          1.97598124e+00, -2.09127635e-01,  1.91921580e+00,  2.06208372e+00,
          9.78053033e-01,  2.75509143e+00,  2.29324913e+00,  1.77126622e+00,
          1.80276763e+00,  5.72761476e-01,  3.48554611e+00,  1.86232710e+00,
          1.69217801e+00, -1.24632406e+00, -5.63567400e-01, -1.29099965e+00,
         -7.30096757e-01, -1.46513879e+00, -1.01824796e+00, -4.26757067e-01,
         -1.96476769e+00, -1.68775129e+00,  4.95967656e-01,  9.07250285e-01,
          1.89749467e+00, -4.57939804e-01, -7.37311304e-01,  4.26832169e-01,
         -1.75686324e+00, -4.77837734e-02, -5.66699147e-01, -1.97585583e+00,
         -1.46145606e+00, -1.07752025e+00, -1.47796535e+00, -1.51955295e+00,
         -1.40520239e+00, -1.60371184e+00, -2.32787657e+00, -7.54710793e-01,
         -2.68198395e+00, -1.51650274e+00, -1.38021278e+00, -9.32763755e-01,
         -1.46200764e+00, -9.22700703e-01, -1.60087883e+00, -1.64942575e+00,
          1.86147600e-01,  1.89304337e-01,  3.41705292e-01,  3.60601783e-01,
         -7.55064547e-01,  8.50327194e-01,  2.45817438e-01, -4.13083822e-01,
         -1.27817929e+00, -4.34256755e-02, -7.69702420e-02,  1.25615910e-01,
          4.19521689e-01, -1.87266558e-01,  2.66184002e-01, -9.52816665e-01,
         -4.74003255e-01, -1.97071642e-01, -6.53777570e-02, -6.35206938e-01,
         -4.42174971e-01,  6.47863984e-01,  1.77227452e-01, -5.15136302e-01,
          6.84929550e-01, -4.57543373e-01,  1.27930075e-01,  6.30317852e-02,
         -2.30270430e-01, -9.39820409e-01, -1.55007720e+00, -8.51888120e-01,
         -1.50846660e+00,  3.13928097e-01, -9.50734913e-01, -1.03791863e-01,
          2.65787423e-01, -2.45647144e+00, -8.91360044e-01,  6.73707426e-01,
         -2.14307380e+00, -1.04467988e+00, -1.02684543e-01,  3.31319064e-01,
         -6.23410285e-01, -1.06226373e+00,  7.47596696e-02, -3.30669969e-01,
         -3.23874265e-01,  1.46215713e+00, -1.21847498e+00, -8.16180170e-01,
         -1.99919975e+00,  3.26507235e+00, -1.14271975e+00,  6.02692962e-01,
          2.42404997e-01,  1.06643271e+00,  4.85424101e-01, -2.47844267e+00,
          1.55788076e+00,  2.49826372e-01,  3.14149332e+00,  1.84275866e+00,
          2.77735204e-01,  3.19231033e-01,  2.60209888e-01, -1.00986505e+00,
         -9.73395109e-01, -5.88938773e-01,  1.93977189e+00, -6.82015121e-01,
         -5.45128524e-01, -4.31038439e-02, -6.76619232e-01, -4.70673740e-01,
          7.97681808e-01,  4.92914878e-02,  1.21934760e+00,  1.19446957e+00,
         -1.24518085e+00, -5.00004947e-01,  1.76779354e+00,  4.67738032e-01,
         -3.38576794e-01,  1.29800534e+00, -4.89412755e-01,  1.75361180e+00,
         -9.36017752e-01, -9.39022720e-01,  3.10777426e+00, -7.10232496e-01,
         -4.38937604e-01, -9.81047511e-01, -7.55628169e-01,  1.72766781e+00,
          9.56957787e-02,  4.62914258e-02, -1.98031163e+00,  1.25940561e-01,
          3.34512174e-01,  8.62819910e-01, -5.36523223e-01,  1.74017966e-01,
         -1.56122148e+00,  2.57967934e-02,  2.58315587e+00, -5.58404386e-01,
          1.17207539e+00,  1.70016909e+00, -8.50581765e-01, -2.67633867e+00,
         -4.77744550e-01,  4.11461562e-01,  1.35405755e+00, -1.31630325e+00,
         -1.34003508e+00,  1.51645637e+00, -5.56145430e-01,  6.66624486e-01,
         -2.17324400e+00, -2.57445753e-01, -1.17265023e-01, -1.20778501e+00,
          2.13998914e+00,  1.38908422e+00,  9.80252922e-01, -1.42426050e+00,
         -1.11312973e+00,  1.39090180e+00,  1.56099424e-01,  2.30940986e+00,
          2.88482070e-01,  5.23311794e-01,  1.06293988e+00, -4.66281444e-01,
          2.79931635e-01,  8.29604387e-01,  1.23405671e+00,  8.02260712e-02,
          3.36677343e-01, -2.06208140e-01, -8.96754563e-01,  2.70046473e+00,
         -2.64361620e+00,  1.52504742e-01, -1.05122006e+00,  5.74007869e-01,
          1.97422713e-01,  6.59951717e-02, -1.50621641e+00,  1.75588536e+00,
          1.12157881e+00, -3.32238317e+00, -9.81621265e-01, -1.39989555e+00,
          1.12904561e+00, -6.13857269e-01, -6.88569903e-01, -5.91169178e-01,
         -1.56143260e+00,  3.65445554e-01, -3.02090347e-01, -4.93524760e-01,
         -7.76826084e-01, -4.53150645e-03, -1.65144348e+00, -4.06756729e-01,
         -5.83768249e-01, -7.55558908e-01, -1.75717622e-01,  1.10844505e+00,
         -3.45453650e-01, -6.17138207e-01,  2.35751104e+00,  8.81596565e-01,
         -4.12044734e-01,  3.86154175e-01,  2.70760369e+00, -1.74407911e+00,
         -1.83175147e+00, -8.52660179e-01, -6.60943627e-01,  2.31359625e+00,
          3.93527031e-01, -1.24021697e+00,  1.93156648e+00, -4.78445798e-01,
         -1.27838552e+00,  9.95992839e-01, -2.39655495e-01, -2.25202107e+00,
          5.64260542e-01,  2.72000718e+00, -9.89241719e-01, -3.48221213e-01,
          5.13067544e-01,  1.75025809e+00,  1.55770659e-01, -1.46322775e+00,
          5.23803759e+00,  3.09473783e-01,  8.82402539e-01,  3.12402874e-01,
         -1.54746258e+00, -8.29848170e-01,  1.47631824e+00,  1.55723608e+00,
         -5.97829819e-01, -9.51194763e-02, -1.04947853e+00,  6.43174410e-01,
         -1.53216064e-01, -2.15583706e+00, -3.38459074e-01, -1.06459224e+00,
          9.40854609e-01, -1.59125209e+00,  6.68482482e-01, -1.53111434e+00,
         -2.15656447e+00,  1.03839123e+00, -4.50958937e-01, -2.78868377e-01,
         -5.83862364e-01, -1.11824238e+00, -3.03610945e+00,  3.37548018e-01,
          1.77203023e+00,  8.98700118e-01, -7.65370548e-01,  2.03301811e+00,
          1.15766418e+00,  3.17364514e-01,  1.07910550e+00,  3.86637831e+00,
          7.48879671e-01,  8.47338855e-01, -1.80904806e-01, -1.59248126e+00,
          2.34215665e+00,  3.10334325e-01,  6.23992503e-01,  2.13044167e+00,
          2.54393148e+00,  7.55027086e-02,  1.30681539e+00, -2.22111416e+00,
          2.07497931e+00,  2.22763300e+00,  8.79835546e-01, -4.91621226e-01,
          9.46174741e-01, -1.73360026e+00,  4.91519958e-01,  7.03598410e-02,
         -1.35750711e+00,  2.69476801e-01, -4.67899054e-01,  1.01359224e+00,
          2.28441477e+00, -1.86886251e-01,  2.35656786e+00,  2.76373243e+00,
          1.81112111e+00, -1.69073075e-01,  1.56827152e+00,  3.13773894e+00,
         -1.11891556e+00, -1.64958572e+00,  2.27304053e+00,  5.77760562e-02,
         -1.72053695e+00,  1.63250983e+00, -2.25007720e-02,  5.61502993e-01,
          4.34640789e+00,  1.60252714e+00, -2.34870005e+00,  6.34989917e-01,
          1.66679227e+00, -1.18294016e-01, -1.26045346e+00, -9.22355235e-01,
         -8.95733356e-01,  2.55025327e-01, -1.21802890e+00, -2.08332598e-01,
          2.83808398e+00, -1.95969546e+00, -3.93635273e-01,  9.07971263e-01,
          1.75725603e+00, -1.74104762e+00,  2.16043949e+00,  3.69499135e+00,
         -1.09412444e+00,  1.00402221e-01, -1.21546912e+00,  5.98398373e-02,
         -9.66097236e-01,  1.81250036e+00, -1.13854177e-01, -2.66465563e-02,
         -1.18923977e-01, -2.10309768e+00,  1.98272264e+00, -6.39007390e-01,
          2.56798506e+00, -7.23989725e-01,  2.59484440e-01,  2.29008980e-02,
         -1.22925949e+00,  2.12356186e+00, -3.88478875e-01, -1.57775450e+00,
         -1.20215404e+00,  1.38942099e+00,  6.54301465e-01, -3.64064932e-01,
         -5.41287005e-01,  2.56279922e+00,  6.07888959e-02,  3.28886509e-01,
          1.79431927e+00,  1.42696941e+00, -7.26534069e-01,  1.14020073e+00,
         -1.45924747e-01,  1.38673651e+00,  2.44529024e-01, -2.56287646e+00,
          2.78849530e+00, -5.55591956e-02, -3.72445750e+00,  2.53530681e-01,
          9.87501442e-01,  8.06839883e-01, -1.56084657e+00,  1.06918049e+00,
          1.35659623e+00, -8.16370249e-01, -1.33615899e+00,  6.01538122e-01,
          2.39626980e+00,  9.45804238e-01,  5.35077214e-01, -1.58745682e+00,
          1.12279260e+00, -1.64451206e+00, -1.39211106e+00,  1.03537261e+00,
          6.47785246e-01,  9.46636915e-01,  2.63309300e-01,  1.05117512e+00,
          1.33398354e+00,  1.01029694e+00,  1.11059701e+00, -6.94176972e-01,
         -2.35099256e-01, -2.05772567e+00,  4.58793938e-02,  4.99844961e-02,
          5.82606256e-01,  3.87659252e-01,  2.23381352e+00, -1.15780719e-01,
         -1.92731035e+00,  6.44984126e-01, -2.97334403e-01, -5.01143277e-01,
         -3.76431420e-02,  2.16407970e-01, -1.75252378e+00,  2.47490454e+00,
          1.28088638e-01,  1.32840836e+00, -1.24689889e+00,  5.88191301e-02,
         -1.66872084e-01, -1.19080625e-01,  1.34797290e-01, -1.83893788e+00,
         -3.52743208e-01,  1.72655571e+00, -3.79405618e-01,  9.39507186e-02,
          2.20356989e+00,  1.03739250e+00,  1.49530506e+00,  8.77245188e-01,
          1.36626303e+00,  1.72576499e+00, -1.72128826e-01, -8.99238467e-01,
          6.64279461e-01,  3.60890961e+00,  1.66417503e+00, -1.14026344e+00,
         -2.06997871e-01, -1.19057035e+00, -1.81249186e-01,  7.46575475e-01,
          1.95288026e+00,  2.30527902e+00, -2.37074471e+00,  1.77604783e+00,
          1.14893746e+00, -2.04740211e-01,  9.52912807e-01,  1.50349212e+00,
         -1.25383198e+00,  2.02964187e+00, -1.07258499e+00,  2.13111496e+00,
          2.33834195e+00,  7.98533618e-01, -1.13250959e+00, -1.23762941e+00,
          4.48101878e-01,  1.50474751e+00,  1.00599313e+00, -1.10830820e+00,
         -6.45315886e-01,  2.51475364e-01,  3.03223944e+00,  2.24364686e+00,
          2.99801993e+00,  4.60867673e-01, -4.94157284e-01,  2.42920250e-01,
         -1.98428893e+00,  3.08670092e+00, -6.36575341e-01,  3.52568040e-03,
          1.50894845e+00,  1.55924037e-01,  3.36433601e+00,  8.12387049e-01,
          8.43362570e-01, -3.44043791e-01,  2.09315109e+00,  2.20582461e+00,
         -1.15125608e+00, -1.82810664e+00, -4.42248642e-01,  2.04729110e-01,
          1.78546298e+00, -2.50315517e-01, -3.47849101e-01,  9.08152401e-01,
         -1.93061018e+00, -3.24728370e-01,  1.16361058e+00,  2.17824054e+00,
          1.32981312e+00,  1.83810031e+00, -1.71305269e-01,  1.37789083e+00,
          7.38618612e-01, -7.74463475e-01,  2.42471766e+00, -4.54298735e-01,
         -1.62727070e+00, -1.07275939e+00, -6.72545612e-01,  2.71399319e-02,
          1.32244322e-02, -1.33651960e+00,  1.79865813e+00,  4.78874654e-01,
          2.66982007e+00, -1.89290380e+00, -7.62743115e-01,  7.83144951e-01,
         -1.89204848e+00, -3.94546509e-01,  8.26250196e-01, -1.33197331e+00,
         -3.06131065e-01, -2.62287676e-01,  3.78508240e-01, -6.61196172e-01,
          1.51097739e+00, -8.10961902e-01, -8.67349923e-01, -4.63263839e-01,
          3.81706929e+00,  2.59459043e+00,  1.71344399e+00, -1.13000667e+00,
          1.35157716e+00, -6.14094973e-01, -4.66984689e-01,  3.88485646e+00,
          1.29525089e+00, -1.64658117e+00,  9.45631146e-01,  1.58954060e+00,
         -2.85008144e+00, -9.50894117e-01, -7.28895247e-01, -4.47487719e-02,
         -9.54553246e-01,  1.09772956e+00, -6.47600442e-02, -1.75243366e+00,
         -1.31231189e+00, -2.55316186e+00, -1.79534578e+00, -2.99659222e-01,
          1.19760668e+00, -5.42944491e-01, -6.33941948e-01, -1.50623210e-02,
          1.28765559e+00, -1.02719879e+00, -2.08345079e+00,  3.95047039e-01,
          8.35405707e-01,  6.32183254e-01, -7.76729405e-01,  4.00509447e-01,
         -9.13368315e-02, -2.79858448e-02,  9.42721903e-01,  9.64949727e-01,
         -1.64729044e-01,  3.06151271e+00, -1.89818829e-01, -6.64222538e-01,
         -8.57823491e-01,  1.25709623e-01, -8.37027729e-01,  1.57229692e-01,
          3.98828363e+00,  1.46867037e+00,  2.00377536e+00, -4.18668777e-01,
          1.32720268e+00,  1.71595049e+00,  8.52003872e-01,  4.14879888e-01,
         -4.32215869e-01,  3.42984758e-02,  1.54921758e+00,  3.45329940e-01,
          7.12754488e+00,  3.99184489e+00,  1.75873578e+00, -4.87126380e-01,
          3.32774907e-01,  2.06032276e-01,  7.73004174e-01,  2.40703535e+00,
         -1.26828873e+00, -1.85963559e+00, -4.46841717e-02, -2.88107061e+00,
          6.69084311e-01, -1.26498103e+00,  1.47272293e-02,  5.50179422e-01,
          9.78845239e-01,  1.72886956e+00, -6.03771508e-01, -6.77271724e-01,
         -2.50802279e+00,  1.03195488e+00, -9.94172752e-01, -1.55095756e+00,
         -1.64927030e+00, -2.35127717e-01, -9.05136704e-01, -1.59768832e+00,
         -9.20548558e-01, -2.62235665e+00, -1.64357948e+00, -8.14379573e-01,
         -1.63586891e+00, -1.43700981e+00, -7.74150968e-01, -1.27993986e-01,
         -6.12301588e-01, -3.92224818e-01, -2.02110067e-01, -8.75841603e-02,
         -2.64193344e+00, -3.80857795e-01, -1.61330473e+00, -1.48807025e+00,
          1.03894699e+00,  9.89029169e-01, -4.88215126e-02, -3.22298884e-01,
          2.96028219e-02, -3.07583958e-01, -1.54861107e-01, -1.33365154e+00,
         -7.05767334e-01,  1.75107092e-01, -1.28989124e+00, -1.49500751e+00,
         -1.48085713e+00, -1.53481007e+00, -1.16544700e+00, -1.45755768e+00,
         -1.67331016e+00, -2.09905338e+00,  8.77888501e-01, -4.28643525e-01,
          4.40978676e-01, -7.34088868e-02, -1.68885720e+00,  1.81583476e+00,
         -1.26157391e+00, -1.69027936e+00,  1.52493274e+00, -2.46071517e-01,
         -1.25623953e+00,  1.42295018e-01, -2.44693607e-01, -2.00505090e+00,
          2.05246761e-01, -2.31814414e-01, -1.06841218e+00, -1.28861165e+00,
         -7.04104364e-01,  2.31526449e-01, -7.87669957e-01, -1.51023388e-01,
         -2.95098245e-01,  8.18975687e-01, -8.10732067e-01, -1.34792519e+00,
         -1.91359341e+00, -2.22044277e+00, -1.85316348e+00, -1.09079599e+00,
         -1.00829363e+00, -2.13493443e+00,  1.78494513e-01,  9.84068036e-01]],
       device='cuda:0')
Adv example prediction (first 2 examples and 2 restarts):
 tensor([[[-2.68811107e-01,  1.38463354e+00, -8.49597931e-01, -4.19146121e-01,
          -9.40921903e-01,  6.78604543e-01, -3.74873906e-01, -1.68226779e+00,
          -1.70812988e+00, -1.11485052e+00,  2.92986073e-03,  3.43180269e-01,
          -4.76609021e-02, -4.83367294e-02,  5.18631935e-01,  3.70114982e-01,
          -3.77226055e-01, -1.20719683e+00, -4.36922520e-01, -8.84746686e-02,
          -2.11652800e-01,  5.29573917e-01,  5.93353450e-01, -6.69695675e-01,
           5.77571452e-01, -1.25011131e-01,  1.57918823e+00,  4.06308770e-01,
          -6.96813643e-01,  1.12085581e+00, -1.42608154e+00,  1.88466072e+00,
           4.02884305e-01, -1.27606308e+00, -1.10807288e+00, -1.15248930e+00,
           2.63634712e-01, -1.78278255e+00,  1.58290684e+00, -6.69604659e-01,
           1.66137540e+00,  1.28012076e-01,  2.18440130e-01,  5.47348782e-02,
           1.08465266e+00, -5.11041343e-01,  1.87955773e+00,  6.45589173e-01,
          -1.36013103e+00, -6.67730749e-01, -4.11485493e-01, -2.02531290e+00,
           1.08128321e+00,  7.80952752e-01, -3.79562140e-01, -5.78636751e-02,
          -2.04066738e-01, -1.15047359e+00,  2.30415314e-02,  8.12958360e-01,
           6.71497285e-01, -2.96135038e-01, -5.09462416e-01,  4.84241545e-01,
           9.29903507e-01, -2.50287861e-01,  3.40598524e-01, -3.71559858e-01,
          -7.74706006e-02, -3.66522372e-01,  2.07288146e+00,  1.29299843e+00,
           1.26816237e+00,  3.02796006e+00,  1.62734103e+00,  2.85997844e+00,
           1.17665446e+00,  3.22674775e+00,  2.99593091e+00,  2.20756650e+00,
           4.33966458e-01, -1.30514371e+00, -1.70566052e-01, -8.43424261e-01,
          -3.47545683e-01, -6.35836363e-01, -1.10916698e+00,  5.33997059e-01,
          -4.90645394e-02, -9.21613157e-01, -5.46428263e-01, -1.46856463e+00,
           7.46221602e-01, -2.72243291e-01,  6.75808847e-01, -3.28950167e-01,
           5.74456215e-01, -1.21082962e+00,  1.37064949e-01, -1.09331286e+00,
           1.35241542e-02, -1.45858443e+00, -2.08207464e+00,  5.97617149e-01,
          -4.51724172e-01, -1.49619925e+00, -1.16002667e+00, -1.09839535e+00,
          -1.76955128e+00, -1.73459792e+00,  1.31604910e-01,  3.98090506e+00,
          -1.92748860e-01,  9.60569501e-01,  9.84000742e-01, -1.42495930e+00,
          -3.73661041e-01,  1.42933965e-01, -1.03463256e+00, -9.74410951e-01,
          -6.00968957e-01, -1.49882233e+00, -1.46005905e+00, -1.97940862e+00,
          -1.43744576e+00, -1.16695642e+00,  1.77488494e+00, -3.21615130e-01,
           1.22362626e+00,  3.00305150e-03, -7.40434825e-01, -8.41727614e-01,
           1.64972499e-01, -3.38747501e-01, -2.36226872e-01, -6.91529751e-01,
          -1.15981936e+00, -3.13248634e-01,  1.11704513e-01, -1.44357586e+00,
          -1.90467787e+00,  4.48084362e-02, -7.97480702e-01, -7.94114649e-01,
          -8.24785769e-01, -4.40751165e-01, -4.05136436e-01,  7.93731153e-01,
           2.00480253e-01,  6.03176713e-01, -2.11036682e+00,  7.19990134e-01,
          -4.40066695e-01,  5.50243676e-01,  1.41127467e-01, -2.86106348e-01,
          -5.08510351e-01,  2.38975044e-05, -2.23378032e-01, -1.07369530e+00,
          -9.00894403e-01, -2.61158168e-01,  3.85491908e-01, -7.40406632e-01,
          -2.74143696e-01, -6.12556756e-01, -3.12885463e-01, -5.66421151e-01,
          -7.11300448e-02, -5.80660224e-01, -2.53487140e-01, -3.41123134e-01,
          -1.43097699e+00, -3.31627168e-02, -5.17091036e-01, -4.81112301e-01,
          -1.33152294e+00, -4.96043175e-01, -1.76161408e-01, -1.01540267e+00,
          -1.22173607e+00,  8.57726559e-02,  2.35662088e-01, -1.50438398e-01,
          -2.07508057e-01, -4.84273702e-01, -6.70349225e-03,  7.28879452e-01,
           1.42562181e-01, -1.83820024e-01,  3.64994437e-01,  3.18186581e-01,
          -3.14760476e-01,  9.14798602e-02, -2.68968880e-01,  8.89243722e-01,
          -1.86135173e-01, -8.35245788e-01, -9.69731510e-01,  6.01897001e-01,
          -1.22286171e-01, -5.73238850e-01,  1.34141184e-02,  6.16013706e-01,
          -3.55542183e-01, -9.22794640e-01, -9.00570810e-01, -7.82582521e-01,
          -7.88170040e-01, -7.10072935e-01, -1.08705914e+00, -5.22121429e-01,
          -8.85037631e-02, -1.09096122e+00, -7.85489440e-01, -8.70009482e-01,
          -5.66655815e-01, -3.16122055e-01, -7.68823326e-01, -7.78171062e-01,
          -9.44353759e-01, -1.80485442e-01, -3.20715040e-01,  2.79304981e-01,
          -4.16204706e-02, -1.14100814e+00, -9.15492177e-01, -7.64640272e-01,
          -4.45875913e-01,  7.28548586e-01, -3.58240008e-01, -6.50964379e-02,
          -9.85668898e-01, -6.26595497e-01, -7.15609133e-01, -1.90479338e-01,
          -5.79480052e-01, -1.24691948e-02, -1.01730406e+00, -2.45336682e-01,
          -6.46773219e-01, -5.31007469e-01, -6.97114468e-02, -1.46653545e+00,
          -1.02001452e+00,  1.90158084e-01, -9.41340089e-01, -5.09804130e-01,
          -7.54508302e-02, -2.08108440e-01, -3.01728457e-01, -1.41786909e+00,
           5.38121462e-01, -5.41170090e-02,  9.57201302e-01, -1.47236764e+00,
          -8.42680752e-01,  1.27904266e-01,  4.81296241e-01,  5.86342990e-01,
           3.80380094e-01, -3.03109765e-01, -9.26070035e-01, -4.40112531e-01,
          -6.19555593e-01,  4.15985346e-01, -3.63376558e-01, -6.81123614e-01,
          -1.18538654e+00,  8.98871958e-01,  1.07409275e+00,  2.73484021e-01,
           1.09866512e+00,  4.99866396e-01, -3.19769382e-02,  2.06529140e-01,
           5.52631691e-02,  4.02797371e-01,  5.25769219e-02,  1.18742490e+00,
           4.78446692e-01,  1.83745301e+00,  1.84477758e+00,  2.22793555e+00,
           1.98697484e+00,  8.96714032e-01, -6.55185223e-01,  5.74718654e-01,
          -4.64717358e-01, -2.51370519e-01, -7.72328556e-01, -3.99446815e-01,
          -7.54857361e-01,  2.19056636e-01, -7.69944072e-01, -6.55516088e-01,
          -1.08638614e-01, -4.25326020e-01, -7.07347214e-01, -1.24007434e-01,
           1.67182069e-02,  1.79219615e+00,  1.60580516e+00,  1.42272818e+00,
           6.26640201e-01, -9.24870849e-01,  6.21219754e-01,  1.67673039e+00,
           1.90776610e+00, -2.42957935e-01,  1.89689910e+00,  2.00999713e+00,
           9.31121886e-01,  2.68137479e+00,  2.24787688e+00,  1.69304621e+00,
           1.74661267e+00,  5.27379394e-01,  3.44006038e+00,  1.82726407e+00,
           1.65323174e+00, -1.28106785e+00, -5.80598652e-01, -1.29788256e+00,
          -7.64384031e-01, -1.47871017e+00, -1.04365194e+00, -4.25053060e-01,
          -1.97038281e+00, -1.67467892e+00,  4.94848400e-01,  9.20417428e-01,
           1.91671181e+00, -4.89961386e-01, -7.32934594e-01,  4.52974945e-01,
          -1.75206101e+00, -3.20600085e-02, -5.74265003e-01, -1.94855142e+00,
          -1.47076702e+00, -1.05690980e+00, -1.45984983e+00, -1.50628364e+00,
          -1.41794622e+00, -1.58005548e+00, -2.32196474e+00, -7.43512332e-01,
          -2.68158555e+00, -1.49602771e+00, -1.35683823e+00, -8.81330132e-01,
          -1.43040359e+00, -8.93968523e-01, -1.57498503e+00, -1.65128922e+00,
           1.93264037e-01,  1.98636934e-01,  3.58403414e-01,  3.80070686e-01,
          -7.39274085e-01,  8.39175045e-01,  2.53955126e-01, -4.19908822e-01,
          -1.25265110e+00, -4.10592817e-02, -6.23276159e-02,  1.18876398e-01,
           4.37075019e-01, -1.69025540e-01,  2.53088504e-01, -9.12759781e-01,
          -4.63912815e-01, -1.82945728e-01, -7.25746751e-02, -6.43595815e-01,
          -4.22508746e-01,  6.44776404e-01,  1.71243995e-01, -5.16141951e-01,
           6.75903618e-01, -4.60799724e-01,  1.10169150e-01,  5.74405640e-02,
          -2.10660368e-01, -9.03423429e-01, -1.51299667e+00, -8.66022944e-01,
          -1.51821065e+00,  3.21679592e-01, -9.34222221e-01, -1.25390887e-01,
           2.83783108e-01, -2.46104622e+00, -8.98389459e-01,  6.83384955e-01,
          -2.15778232e+00, -1.07917535e+00, -8.70120376e-02,  3.48996401e-01,
          -6.14381433e-01, -1.07731521e+00,  8.62044320e-02, -3.08195859e-01,
          -3.16917866e-01,  1.46360302e+00, -1.21449769e+00, -8.36246908e-01,
          -1.97333908e+00,  3.25291705e+00, -1.16552174e+00,  6.10210121e-01,
           2.06279010e-01,  1.09331882e+00,  4.65111047e-01, -2.48003340e+00,
           1.56091559e+00,  2.38355219e-01,  3.16664028e+00,  1.84288454e+00,
           2.91405618e-01,  3.09726834e-01,  2.72717714e-01, -1.00357890e+00,
          -1.00154209e+00, -6.14698291e-01,  1.94810998e+00, -6.59865260e-01,
          -5.59130073e-01, -5.61869889e-02, -7.00178981e-01, -4.57653910e-01,
           8.41514230e-01,  5.33520840e-02,  1.23663652e+00,  1.18270421e+00,
          -1.25512266e+00, -4.86760646e-01,  1.78688657e+00,  4.80271876e-01,
          -3.69002134e-01,  1.29492259e+00, -4.84772414e-01,  1.75100946e+00,
          -9.19488728e-01, -9.07275140e-01,  3.13680077e+00, -7.06831157e-01,
          -4.63950217e-01, -9.75922465e-01, -7.41654575e-01,  1.78366947e+00,
           9.22622383e-02,  4.71718311e-02, -1.98022389e+00,  7.52176046e-02,
           3.59571576e-01,  8.51038575e-01, -5.31799793e-01,  1.80265829e-01,
          -1.56240439e+00,  6.26078323e-02,  2.60113525e+00, -5.68786919e-01,
           1.16877186e+00,  1.72693002e+00, -8.62115383e-01, -2.68019867e+00,
          -5.01267672e-01,  4.27183539e-01,  1.34733939e+00, -1.31040812e+00,
          -1.32644701e+00,  1.54740429e+00, -5.40203154e-01,  6.04658604e-01,
          -2.16138601e+00, -2.35298812e-01, -1.24343328e-01, -1.22483397e+00,
           2.12054729e+00,  1.37964904e+00,  9.65036035e-01, -1.40462625e+00,
          -1.08507442e+00,  1.35208762e+00,  1.76965758e-01,  2.29042315e+00,
           3.06892663e-01,  4.79459018e-01,  1.09607804e+00, -4.36880499e-01,
           2.63111949e-01,  8.50110829e-01,  1.25645208e+00,  6.73067719e-02,
           3.28855246e-01, -2.04034284e-01, -9.22165394e-01,  2.73633647e+00,
          -2.62172747e+00,  1.72253892e-01, -1.01947880e+00,  6.05492949e-01,
           1.80529237e-01,  6.06719740e-02, -1.50763881e+00,  1.75466466e+00,
           1.08047199e+00, -3.31972766e+00, -9.50412273e-01, -1.39114821e+00,
           1.14640868e+00, -5.86971104e-01, -6.66267335e-01, -6.23528183e-01,
          -1.53661382e+00,  3.67441863e-01, -3.18134844e-01, -4.92176324e-01,
          -7.69571602e-01,  3.96893546e-03, -1.63662696e+00, -3.97913158e-01,
          -5.43919206e-01, -7.50092447e-01, -1.83983982e-01,  1.08764040e+00,
          -3.60847801e-01, -5.93343675e-01,  2.30293250e+00,  8.79359841e-01,
          -3.99613261e-01,  3.70893598e-01,  2.71289325e+00, -1.73878813e+00,
          -1.82017791e+00, -8.40071201e-01, -6.79799974e-01,  2.27819490e+00,
           4.56085682e-01, -1.21309280e+00,  1.95383596e+00, -4.73719597e-01,
          -1.28260136e+00,  9.54969108e-01, -2.26371571e-01, -2.26052523e+00,
           5.53769112e-01,  2.72118020e+00, -9.74933028e-01, -3.12774539e-01,
           5.02436459e-01,  1.75065708e+00,  1.53970465e-01, -1.47011209e+00,
           5.22463036e+00,  3.05243641e-01,  9.20428336e-01,  3.14277261e-01,
          -1.56577897e+00, -8.32059383e-01,  1.42106664e+00,  1.55278897e+00,
          -5.99433601e-01, -1.22012451e-01, -1.02089548e+00,  6.55485332e-01,
          -1.39670491e-01, -2.16191554e+00, -3.27771366e-01, -1.06991541e+00,
           9.27642763e-01, -1.58530772e+00,  6.67525172e-01, -1.53494155e+00,
          -2.13441944e+00,  1.06491649e+00, -4.36381131e-01, -3.05599451e-01,
          -6.26090944e-01, -1.17357457e+00, -3.03506017e+00,  3.63920718e-01,
           1.80084836e+00,  9.31779623e-01, -7.45540977e-01,  2.05107594e+00,
           1.13386869e+00,  3.26839924e-01,  1.11683166e+00,  3.88112783e+00,
           7.36213803e-01,  8.57970357e-01, -1.53660595e-01, -1.59190309e+00,
           2.39464760e+00,  3.16181272e-01,  5.98615289e-01,  2.09524632e+00,
           2.55309868e+00,  1.22066863e-01,  1.31707370e+00, -2.21917200e+00,
           2.07338476e+00,  2.17869425e+00,  8.86608839e-01, -5.14783978e-01,
           9.40271378e-01, -1.76965392e+00,  5.22884965e-01,  6.16971105e-02,
          -1.33547795e+00,  2.70509988e-01, -4.67334300e-01,  1.03407276e+00,
           2.28462410e+00, -1.74453586e-01,  2.36985326e+00,  2.72769451e+00,
           1.77939391e+00, -1.76432103e-01,  1.50700843e+00,  3.17926550e+00,
          -1.13062680e+00, -1.63248396e+00,  2.26419044e+00,  5.64070269e-02,
          -1.71659636e+00,  1.64231765e+00, -2.06917897e-02,  5.98510623e-01,
           4.29517078e+00,  1.61586916e+00, -2.33216667e+00,  6.67601109e-01,
           1.68427491e+00, -1.57803491e-01, -1.23149073e+00, -8.91902983e-01,
          -9.02308345e-01,  3.04296106e-01, -1.22585475e+00, -2.17574000e-01,
           2.82610941e+00, -1.94175935e+00, -3.86506975e-01,  9.19918358e-01,
           1.74083924e+00, -1.71400225e+00,  2.15099621e+00,  3.61918187e+00,
          -1.10079837e+00,  1.33632824e-01, -1.21834898e+00,  6.77062422e-02,
          -9.72634077e-01,  1.82928061e+00, -1.04803957e-01, -3.26982141e-02,
          -1.33606836e-01, -2.12149191e+00,  1.98310685e+00, -6.01199269e-01,
           2.51782656e+00, -7.16939807e-01,  2.57365137e-01,  1.89743377e-02,
          -1.22617722e+00,  2.07958794e+00, -3.83986235e-01, -1.57319558e+00,
          -1.20333612e+00,  1.37805343e+00,  6.53408349e-01, -3.41851890e-01,
          -5.02001643e-01,  2.57241917e+00,  8.31315517e-02,  3.18438023e-01,
           1.84251773e+00,  1.39588010e+00, -7.24263608e-01,  1.18929780e+00,
          -9.55667347e-02,  1.36097801e+00,  2.84700781e-01, -2.55656648e+00,
           2.74915433e+00, -3.24262679e-03, -3.68380141e+00,  2.71569997e-01,
           9.86316562e-01,  8.17473352e-01, -1.54164124e+00,  1.05188370e+00,
           1.36946762e+00, -7.86199510e-01, -1.32453704e+00,  6.62527382e-01,
           2.37415981e+00,  9.54575837e-01,  5.51304817e-01, -1.60133052e+00,
           1.07676291e+00, -1.64148676e+00, -1.40675879e+00,  1.01415265e+00,
           6.81211948e-01,  9.20522869e-01,  2.49821946e-01,  1.04359496e+00,
           1.35953641e+00,  1.00793159e+00,  1.13315690e+00, -6.39703691e-01,
          -2.74774075e-01, -2.05798483e+00,  4.35056314e-02,  4.70613949e-02,
           5.86872339e-01,  3.50960672e-01,  2.20097566e+00, -9.72466469e-02,
          -1.87975264e+00,  6.28184855e-01, -2.60303319e-01, -5.14891267e-01,
          -3.71882096e-02,  2.59155095e-01, -1.75301421e+00,  2.50647306e+00,
           9.43386853e-02,  1.32740390e+00, -1.26989353e+00,  4.87892255e-02,
          -1.64896429e-01, -1.36143878e-01,  1.18137561e-01, -1.81254828e+00,
          -3.21251780e-01,  1.75199890e+00, -3.94109249e-01,  7.76112750e-02,
           2.24693298e+00,  1.01701105e+00,  1.46672893e+00,  8.95657122e-01,
           1.35957992e+00,  1.72422194e+00, -1.68041259e-01, -9.31723893e-01,
           6.45974696e-01,  3.58534813e+00,  1.62438095e+00, -1.14870989e+00,
          -2.35415637e-01, -1.20768237e+00, -1.52279809e-01,  7.14970231e-01,
           1.94005096e+00,  2.29633403e+00, -2.38037586e+00,  1.80766690e+00,
           1.15169525e+00, -1.95547715e-01,  9.50285196e-01,  1.50996423e+00,
          -1.27506244e+00,  2.03712893e+00, -1.08015954e+00,  2.14142585e+00,
           2.38060975e+00,  7.69200861e-01, -1.12988174e+00, -1.20082796e+00,
           4.59455490e-01,  1.53435445e+00,  9.93563056e-01, -1.11736155e+00,
          -6.10149264e-01,  2.40044460e-01,  3.00145531e+00,  2.25848770e+00,
           2.98324943e+00,  4.15742904e-01, -4.97443706e-01,  2.60387659e-01,
          -1.99650693e+00,  3.07823825e+00, -6.30004406e-01, -1.52122620e-02,
           1.51581907e+00,  1.65331528e-01,  3.33839011e+00,  8.26035917e-01,
           8.33023608e-01, -3.31085026e-01,  2.11778069e+00,  2.15386677e+00,
          -1.14411116e+00, -1.80316675e+00, -4.33929056e-01,  2.02428430e-01,
           1.77896821e+00, -2.61984169e-01, -3.46054643e-01,  9.03511226e-01,
          -1.93059433e+00, -3.41161102e-01,  1.16363633e+00,  2.14547920e+00,
           1.34727621e+00,  1.88124013e+00, -1.52310759e-01,  1.30883694e+00,
           7.35365808e-01, -7.78645396e-01,  2.39901233e+00, -4.89361942e-01,
          -1.62382138e+00, -1.03473282e+00, -6.50030255e-01,  4.23522890e-02,
           3.31520066e-02, -1.33356297e+00,  1.79476917e+00,  4.40256387e-01,
           2.61934924e+00, -1.91181540e+00, -7.50265002e-01,  8.06493044e-01,
          -1.88825643e+00, -3.63474429e-01,  8.16349983e-01, -1.32382023e+00,
          -3.14476758e-01, -2.89014906e-01,  4.11394954e-01, -6.81196153e-01,
           1.51541436e+00, -7.74583101e-01, -8.32297146e-01, -4.71098721e-01,
           3.79799032e+00,  2.56342793e+00,  1.72881973e+00, -1.12807453e+00,
           1.31457567e+00, -6.36738658e-01, -4.86314178e-01,  3.83390474e+00,
           1.26851714e+00, -1.64340651e+00,  9.28172827e-01,  1.59968209e+00,
          -2.79291987e+00, -9.16318297e-01, -7.50594616e-01, -6.65030777e-02,
          -9.32329357e-01,  1.09714758e+00, -6.30486533e-02, -1.74558258e+00,
          -1.30940175e+00, -2.52383709e+00, -1.80437422e+00, -3.10571432e-01,
           1.17610264e+00, -5.17302930e-01, -6.37209713e-01,  1.83850043e-02,
           1.29667568e+00, -1.02867293e+00, -2.07746124e+00,  4.24870402e-01,
           8.24897110e-01,  6.43089950e-01, -7.65833735e-01,  3.72800589e-01,
          -1.00877538e-01, -2.13325955e-02,  9.24752355e-01,  9.56380963e-01,
          -1.72359169e-01,  3.09805560e+00, -2.14810699e-01, -6.34612441e-01,
          -8.56342018e-01,  1.23667113e-01, -8.44887376e-01,  1.82283908e-01,
           3.97092509e+00,  1.45067954e+00,  2.00442123e+00, -4.11523074e-01,
           1.31689811e+00,  1.69423866e+00,  8.20521533e-01,  4.07788366e-01,
          -4.31621075e-01,  8.28256756e-02,  1.58673954e+00,  3.45819831e-01,
           7.01632547e+00,  3.92375135e+00,  1.80864215e+00, -5.28160036e-01,
           2.90330857e-01,  1.89979687e-01,  7.65886486e-01,  2.41022825e+00,
          -1.26798880e+00, -1.84427643e+00,  8.11635982e-03, -2.88121462e+00,
           6.81921601e-01, -1.22543788e+00,  2.50763725e-02,  5.31889558e-01,
           9.38701630e-01,  1.74391484e+00, -5.94996333e-01, -6.66890204e-01,
          -2.51028752e+00,  1.04343534e+00, -9.69601452e-01, -1.55826771e+00,
          -1.67439318e+00, -2.52644837e-01, -8.82794976e-01, -1.59982193e+00,
          -9.07641411e-01, -2.63374758e+00, -1.64134026e+00, -8.17446947e-01,
          -1.61926377e+00, -1.45698452e+00, -7.71068096e-01, -1.48137063e-01,
          -5.86564064e-01, -4.00977880e-01, -1.99800342e-01, -1.02535777e-01,
          -2.62956977e+00, -3.98186713e-01, -1.60286260e+00, -1.51489353e+00,
           1.01591885e+00,  9.70763683e-01, -8.28230977e-02, -3.36701214e-01,
           1.91765539e-02, -3.29383403e-01, -1.72239691e-01, -1.34635866e+00,
          -7.01119900e-01,  1.53896257e-01, -1.30960310e+00, -1.47918379e+00,
          -1.49820089e+00, -1.53549302e+00, -1.16299462e+00, -1.47116852e+00,
          -1.65885377e+00, -2.09284806e+00,  8.31261456e-01, -4.42969382e-01,
           4.10598785e-01, -5.59249744e-02, -1.67386067e+00,  1.76127100e+00,
          -1.22883689e+00, -1.68028581e+00,  1.55371428e+00, -2.48273253e-01,
          -1.22432423e+00,  1.45124704e-01, -2.15764374e-01, -1.97079301e+00,
           2.10217401e-01, -2.52659202e-01, -1.09269881e+00, -1.30266619e+00,
          -7.19782889e-01,  2.00022608e-01, -8.04290116e-01, -1.65364057e-01,
          -3.04571211e-01,  7.91270673e-01, -8.27157438e-01, -1.34099925e+00,
          -1.91287041e+00, -2.17861867e+00, -1.83566701e+00, -1.08015168e+00,
          -9.80762899e-01, -2.14024615e+00,  1.69840008e-01,  9.47702169e-01]]],
       device='cuda:0')
PGD attack margin (first 2 examples and 10 specs):
 tensor([[[1.48177648]]], device='cuda:0')
number of violation:  0
Attack finished in 8.2364 seconds.
PGD attack failed
verified_status unknown
verified_success False
Total VNNLIB file length: 1, max property batch size: 1, total number of batches: 1

Properties batch 0, size 1
Remaining timeout: 1145.4663236141205
Verifying property 0 with 1 instances.
torch allclose failed: norm 8.889588571037166e-06
Model: BoundedModule(
  (/input-1): BoundInput(name=/input-1, inputs=[], perturbed=True)
  (/33): BoundParams(name=/33, inputs=[], perturbed=False)
  (/34): BoundParams(name=/34, inputs=[], perturbed=False)
  (/35): BoundParams(name=/35, inputs=[], perturbed=False)
  (/36): BoundParams(name=/36, inputs=[], perturbed=False)
  (/37): BoundParams(name=/37, inputs=[], perturbed=False)
  (/38): BoundParams(name=/38, inputs=[], perturbed=False)
  (/39): BoundParams(name=/39, inputs=[], perturbed=False)
  (/40): BoundParams(name=/40, inputs=[], perturbed=False)
  (/41): BoundParams(name=/41, inputs=[], perturbed=False)
  (/42): BoundParams(name=/42, inputs=[], perturbed=False)
  (/43): BoundParams(name=/43, inputs=[], perturbed=False)
  (/44): BoundParams(name=/44, inputs=[], perturbed=False)
  (/45): BoundParams(name=/45, inputs=[], perturbed=False)
  (/46): BoundParams(name=/46, inputs=[], perturbed=False)
  (/47): BoundParams(name=/47, inputs=[], perturbed=False)
  (/48): BoundParams(name=/48, inputs=[], perturbed=False)
  (/49): BoundParams(name=/49, inputs=[], perturbed=False)
  (/50): BoundParams(name=/50, inputs=[], perturbed=False)
  (/51): BoundParams(name=/51, inputs=[], perturbed=False)
  (/52): BoundParams(name=/52, inputs=[], perturbed=False)
  (/53): BoundParams(name=/53, inputs=[], perturbed=False)
  (/54): BoundParams(name=/54, inputs=[], perturbed=False)
  (/55): BoundParams(name=/55, inputs=[], perturbed=False)
  (/56): BoundParams(name=/56, inputs=[], perturbed=False)
  (/57): BoundParams(name=/57, inputs=[], perturbed=False)
  (/58): BoundParams(name=/58, inputs=[], perturbed=False)
  (/59): BoundParams(name=/59, inputs=[], perturbed=False)
  (/60): BoundParams(name=/60, inputs=[], perturbed=False)
  (/61): BoundParams(name=/61, inputs=[], perturbed=False)
  (/62): BoundParams(name=/62, inputs=[], perturbed=False)
  (/63): BoundParams(name=/63, inputs=[], perturbed=False)
  (/64): BoundParams(name=/64, inputs=[], perturbed=False)
  (/input): BoundConv(name=/input, inputs=[/input-1, /33, /34], perturbed=True)
  (/66): BoundRelu(name=/66, inputs=[/input], perturbed=True)
  (/input-4): BoundConv(name=/input-4, inputs=[/66, /35, /36], perturbed=True)
  (/68): BoundRelu(name=/68, inputs=[/input-4], perturbed=True)
  (/input-12): BoundConv(name=/input-12, inputs=[/input-8/add_3_4, /37, /38], perturbed=True)
  (/71): BoundRelu(name=/71, inputs=[/input-12], perturbed=True)
  (/input-16): BoundConv(name=/input-16, inputs=[/71, /39, /40], perturbed=True)
  (/73): BoundRelu(name=/73, inputs=[/input-16], perturbed=True)
  (/input-24): BoundConv(name=/input-24, inputs=[/input-20/add_3_4, /41, /42], perturbed=True)
  (/76): BoundRelu(name=/76, inputs=[/input-24], perturbed=True)
  (/input-28): BoundConv(name=/input-28, inputs=[/76, /43, /44], perturbed=True)
  (/78): BoundRelu(name=/78, inputs=[/input-28], perturbed=True)
  (/input-32): BoundConv(name=/input-32, inputs=[/78, /45, /46], perturbed=True)
  (/80): BoundRelu(name=/80, inputs=[/input-32], perturbed=True)
  (/input-40): BoundConv(name=/input-40, inputs=[/input-36/add_3_4, /47, /48], perturbed=True)
  (/83): BoundRelu(name=/83, inputs=[/input-40], perturbed=True)
  (/input-44): BoundConv(name=/input-44, inputs=[/83, /49, /50], perturbed=True)
  (/85): BoundRelu(name=/85, inputs=[/input-44], perturbed=True)
  (/input-48): BoundConv(name=/input-48, inputs=[/85, /51, /52], perturbed=True)
  (/87): BoundRelu(name=/87, inputs=[/input-48], perturbed=True)
  (/input-56): BoundConv(name=/input-56, inputs=[/input-52/add_3_4, /53, /54], perturbed=True)
  (/90): BoundRelu(name=/90, inputs=[/input-56], perturbed=True)
  (/input-60): BoundConv(name=/input-60, inputs=[/90, /55, /56], perturbed=True)
  (/92): BoundRelu(name=/92, inputs=[/input-60], perturbed=True)
  (/input-64): BoundConv(name=/input-64, inputs=[/92, /57, /58], perturbed=True)
  (/94): BoundRelu(name=/94, inputs=[/input-64], perturbed=True)
  (/96): BoundFlatten(name=/96, inputs=[/95/add_3_4], perturbed=True)
  (/input-68): BoundLinear(name=/input-68, inputs=[/96, /59, /60], perturbed=True)
  (/98): BoundRelu(name=/98, inputs=[/input-68], perturbed=True)
  (/99): BoundFlatten(name=/99, inputs=[/98], perturbed=True)
  (/input-72): BoundLinear(name=/input-72, inputs=[/99, /61, /62], perturbed=True)
  (/101): BoundRelu(name=/101, inputs=[/input-72], perturbed=True)
  (/102): BoundFlatten(name=/102, inputs=[/101], perturbed=True)
  (/103): BoundLinear(name=/103, inputs=[/102, /63, /64], perturbed=True)
  (/input-8/conv_1): BoundConv(name=/input-8/conv_1, inputs=[/68, /input-8/conv_1_w], perturbed=True)
  (/input-8/conv_1_relu): BoundRelu(name=/input-8/conv_1_relu, inputs=[/input-8/conv_1], perturbed=True)
  (/input-8/conv_1_w): BoundParams(name=/input-8/conv_1_w, inputs=[], perturbed=False)
  (/input-8/conv_2): BoundConv(name=/input-8/conv_2, inputs=[/68, /input-8/conv_2_w], perturbed=True)
  (/input-8/conv_2_w): BoundParams(name=/input-8/conv_2_w, inputs=[], perturbed=False)
  (/input-8/conv_3): BoundConv(name=/input-8/conv_3, inputs=[/input-8/add_1_2, /input-8/conv_3_w], perturbed=True)
  (/input-8/conv_3_relu): BoundRelu(name=/input-8/conv_3_relu, inputs=[/input-8/conv_3], perturbed=True)
  (/input-8/conv_3_w): BoundParams(name=/input-8/conv_3_w, inputs=[], perturbed=False)
  (/input-8/conv_4): BoundConv(name=/input-8/conv_4, inputs=[/input-8/add_1_2, /input-8/conv_4_w], perturbed=True)
  (/input-8/conv_4_w): BoundParams(name=/input-8/conv_4_w, inputs=[], perturbed=False)
  (/input-8/add_1_2): BoundAdd(name=/input-8/add_1_2, inputs=[/input-8/conv_1_relu, /input-8/conv_2], perturbed=True)
  (/input-8/add_3_4): BoundAdd(name=/input-8/add_3_4, inputs=[/input-8/conv_3_relu, /input-8/conv_4], perturbed=True)
  (/input-20/conv_1): BoundConv(name=/input-20/conv_1, inputs=[/73, /input-20/conv_1_w], perturbed=True)
  (/input-20/conv_1_relu): BoundRelu(name=/input-20/conv_1_relu, inputs=[/input-20/conv_1], perturbed=True)
  (/input-20/conv_1_w): BoundParams(name=/input-20/conv_1_w, inputs=[], perturbed=False)
  (/input-20/conv_2): BoundConv(name=/input-20/conv_2, inputs=[/73, /input-20/conv_2_w], perturbed=True)
  (/input-20/conv_2_w): BoundParams(name=/input-20/conv_2_w, inputs=[], perturbed=False)
  (/input-20/conv_3): BoundConv(name=/input-20/conv_3, inputs=[/input-20/add_1_2, /input-20/conv_3_w], perturbed=True)
  (/input-20/conv_3_relu): BoundRelu(name=/input-20/conv_3_relu, inputs=[/input-20/conv_3], perturbed=True)
  (/input-20/conv_3_w): BoundParams(name=/input-20/conv_3_w, inputs=[], perturbed=False)
  (/input-20/conv_4): BoundConv(name=/input-20/conv_4, inputs=[/input-20/add_1_2, /input-20/conv_4_w], perturbed=True)
  (/input-20/conv_4_w): BoundParams(name=/input-20/conv_4_w, inputs=[], perturbed=False)
  (/input-20/add_1_2): BoundAdd(name=/input-20/add_1_2, inputs=[/input-20/conv_1_relu, /input-20/conv_2], perturbed=True)
  (/input-20/add_3_4): BoundAdd(name=/input-20/add_3_4, inputs=[/input-20/conv_3_relu, /input-20/conv_4], perturbed=True)
  (/input-36/conv_1): BoundConv(name=/input-36/conv_1, inputs=[/80, /input-36/conv_1_w], perturbed=True)
  (/input-36/conv_1_relu): BoundRelu(name=/input-36/conv_1_relu, inputs=[/input-36/conv_1], perturbed=True)
  (/input-36/conv_1_w): BoundParams(name=/input-36/conv_1_w, inputs=[], perturbed=False)
  (/input-36/conv_2): BoundConv(name=/input-36/conv_2, inputs=[/80, /input-36/conv_2_w], perturbed=True)
  (/input-36/conv_2_w): BoundParams(name=/input-36/conv_2_w, inputs=[], perturbed=False)
  (/input-36/conv_3): BoundConv(name=/input-36/conv_3, inputs=[/input-36/add_1_2, /input-36/conv_3_w], perturbed=True)
  (/input-36/conv_3_relu): BoundRelu(name=/input-36/conv_3_relu, inputs=[/input-36/conv_3], perturbed=True)
  (/input-36/conv_3_w): BoundParams(name=/input-36/conv_3_w, inputs=[], perturbed=False)
  (/input-36/conv_4): BoundConv(name=/input-36/conv_4, inputs=[/input-36/add_1_2, /input-36/conv_4_w], perturbed=True)
  (/input-36/conv_4_w): BoundParams(name=/input-36/conv_4_w, inputs=[], perturbed=False)
  (/input-36/add_1_2): BoundAdd(name=/input-36/add_1_2, inputs=[/input-36/conv_1_relu, /input-36/conv_2], perturbed=True)
  (/input-36/add_3_4): BoundAdd(name=/input-36/add_3_4, inputs=[/input-36/conv_3_relu, /input-36/conv_4], perturbed=True)
  (/input-52/conv_1): BoundConv(name=/input-52/conv_1, inputs=[/87, /input-52/conv_1_w], perturbed=True)
  (/input-52/conv_1_relu): BoundRelu(name=/input-52/conv_1_relu, inputs=[/input-52/conv_1], perturbed=True)
  (/input-52/conv_1_w): BoundParams(name=/input-52/conv_1_w, inputs=[], perturbed=False)
  (/input-52/conv_2): BoundConv(name=/input-52/conv_2, inputs=[/87, /input-52/conv_2_w], perturbed=True)
  (/input-52/conv_2_w): BoundParams(name=/input-52/conv_2_w, inputs=[], perturbed=False)
  (/input-52/conv_3): BoundConv(name=/input-52/conv_3, inputs=[/input-52/add_1_2, /input-52/conv_3_w], perturbed=True)
  (/input-52/conv_3_relu): BoundRelu(name=/input-52/conv_3_relu, inputs=[/input-52/conv_3], perturbed=True)
  (/input-52/conv_3_w): BoundParams(name=/input-52/conv_3_w, inputs=[], perturbed=False)
  (/input-52/conv_4): BoundConv(name=/input-52/conv_4, inputs=[/input-52/add_1_2, /input-52/conv_4_w], perturbed=True)
  (/input-52/conv_4_w): BoundParams(name=/input-52/conv_4_w, inputs=[], perturbed=False)
  (/input-52/add_1_2): BoundAdd(name=/input-52/add_1_2, inputs=[/input-52/conv_1_relu, /input-52/conv_2], perturbed=True)
  (/input-52/add_3_4): BoundAdd(name=/input-52/add_3_4, inputs=[/input-52/conv_3_relu, /input-52/conv_4], perturbed=True)
  (/95/conv_1): BoundConv(name=/95/conv_1, inputs=[/94, /95/conv_1_w], perturbed=True)
  (/95/conv_1_relu): BoundRelu(name=/95/conv_1_relu, inputs=[/95/conv_1], perturbed=True)
  (/95/conv_1_w): BoundParams(name=/95/conv_1_w, inputs=[], perturbed=False)
  (/95/conv_2): BoundConv(name=/95/conv_2, inputs=[/94, /95/conv_2_w], perturbed=True)
  (/95/conv_2_w): BoundParams(name=/95/conv_2_w, inputs=[], perturbed=False)
  (/95/conv_3): BoundConv(name=/95/conv_3, inputs=[/95/add_1_2, /95/conv_3_w], perturbed=True)
  (/95/conv_3_relu): BoundRelu(name=/95/conv_3_relu, inputs=[/95/conv_3], perturbed=True)
  (/95/conv_3_w): BoundParams(name=/95/conv_3_w, inputs=[], perturbed=False)
  (/95/conv_4): BoundConv(name=/95/conv_4, inputs=[/95/add_1_2, /95/conv_4_w], perturbed=True)
  (/95/conv_4_w): BoundParams(name=/95/conv_4_w, inputs=[], perturbed=False)
  (/95/add_1_2): BoundAdd(name=/95/add_1_2, inputs=[/95/conv_1_relu, /95/conv_2], perturbed=True)
  (/95/add_3_4): BoundAdd(name=/95/add_3_4, inputs=[/95/conv_3_relu, /95/conv_4], perturbed=True)
)
Model prediction is: tensor([-2.78454244e-01,  1.40304542e+00, -8.37417066e-01, -4.27649111e-01,
        -9.36603069e-01,  6.48826301e-01, -3.52776110e-01, -1.65940869e+00,
        -1.69482303e+00, -1.08881855e+00, -1.04975160e-02,  3.92355293e-01,
        -9.70481336e-03,  8.51363875e-04,  5.48796117e-01,  4.04367059e-01,
        -3.56844306e-01, -1.17526710e+00, -3.93045068e-01, -4.91255410e-02,
        -2.06429377e-01,  5.25690854e-01,  6.26856863e-01, -6.29828274e-01,
         6.06153548e-01, -1.25791773e-01,  1.57513154e+00,  4.06993032e-01,
        -7.08131194e-01,  1.12969196e+00, -1.40768254e+00,  1.94990242e+00,
         3.88482809e-01, -1.29905927e+00, -1.12404716e+00, -1.15188789e+00,
         2.77593106e-01, -1.77712858e+00,  1.57849967e+00, -6.27879858e-01,
         1.74931312e+00,  1.22296304e-01,  2.27275968e-01,  4.17648181e-02,
         1.10553098e+00, -5.16176283e-01,  1.96164691e+00,  6.71165645e-01,
        -1.33213794e+00, -6.64044797e-01, -3.93221587e-01, -2.06442595e+00,
         1.09223664e+00,  7.94476092e-01, -3.69736582e-01,  7.23198894e-03,
        -1.91323102e-01, -1.15699875e+00,  3.84142101e-02,  8.30251873e-01,
         7.09844410e-01, -2.64680564e-01, -5.16572654e-01,  4.57665801e-01,
         9.44584310e-01, -2.75615841e-01,  3.28236103e-01, -3.51523101e-01,
        -1.09655619e-01, -3.76905650e-01,  2.10487366e+00,  1.30439150e+00,
         1.28762901e+00,  3.04007268e+00,  1.67311633e+00,  2.89831424e+00,
         1.21980679e+00,  3.29682374e+00,  3.00974965e+00,  2.25070357e+00,
         4.04872388e-01, -1.31976366e+00, -1.57214180e-01, -8.70141447e-01,
        -3.13585490e-01, -6.01558447e-01, -1.11453545e+00,  5.62077105e-01,
        -2.25936696e-02, -8.86311352e-01, -5.06702244e-01, -1.46772695e+00,
         7.78978705e-01, -2.18991533e-01,  7.44892836e-01, -3.29936415e-01,
         6.19194865e-01, -1.18108082e+00,  1.03381008e-01, -1.10786045e+00,
         3.32272351e-02, -1.50407827e+00, -2.10155535e+00,  5.73172450e-01,
        -4.50128794e-01, -1.49080348e+00, -1.16541862e+00, -1.07548952e+00,
        -1.77508378e+00, -1.76159859e+00,  1.11374177e-01,  3.96894670e+00,
        -2.01263547e-01,  9.56813991e-01,  9.96151924e-01, -1.44061482e+00,
        -4.01308745e-01,  1.10109210e-01, -1.01568532e+00, -9.70556498e-01,
        -5.98898649e-01, -1.50687110e+00, -1.48328173e+00, -1.98505926e+00,
        -1.42366242e+00, -1.15408516e+00,  1.75872302e+00, -2.93343276e-01,
         1.21311367e+00,  3.76950018e-03, -7.27276802e-01, -8.36112976e-01,
         1.91071764e-01, -3.32804978e-01, -1.93787813e-01, -7.24567652e-01,
        -1.14783144e+00, -3.00909370e-01,  1.47023931e-01, -1.44548035e+00,
        -1.92493570e+00,  6.72115758e-02, -8.39499593e-01, -7.92447209e-01,
        -8.22711945e-01, -4.43233848e-01, -4.39597875e-01,  7.56134570e-01,
         1.73514962e-01,  5.62533975e-01, -2.13227463e+00,  7.31640816e-01,
        -4.78345305e-01,  5.43137014e-01,  1.23125516e-01, -2.89742231e-01,
        -5.18274069e-01, -1.53812803e-02, -2.46416420e-01, -1.08545327e+00,
        -9.36036706e-01, -2.61187494e-01,  4.02603269e-01, -7.58614421e-01,
        -2.91937172e-01, -6.30650878e-01, -3.31044197e-01, -6.03169918e-01,
        -9.26681682e-02, -6.05132759e-01, -2.64731735e-01, -3.35189074e-01,
        -1.43962860e+00, -4.02500965e-02, -5.31112432e-01, -5.26278198e-01,
        -1.34874201e+00, -5.15757799e-01, -1.69659749e-01, -1.01785398e+00,
        -1.23737907e+00,  5.84495962e-02,  2.38072246e-01, -1.72336370e-01,
        -2.06785500e-01, -4.97648329e-01, -1.45895518e-02,  7.32709706e-01,
         9.66886282e-02, -2.05726370e-01,  3.14307749e-01,  3.13165009e-01,
        -3.23070705e-01,  7.87821040e-02, -3.11023951e-01,  9.16027308e-01,
        -1.85957968e-01, -8.55172276e-01, -9.85658228e-01,  6.04903460e-01,
        -1.39160886e-01, -5.59004009e-01,  2.10199505e-04,  6.47191584e-01,
        -3.44000012e-01, -9.29293454e-01, -9.35756922e-01, -8.03791046e-01,
        -7.90566623e-01, -7.15423048e-01, -1.12463713e+00, -5.33263803e-01,
        -9.84125733e-02, -1.08230352e+00, -7.99070418e-01, -8.65384281e-01,
        -6.05597913e-01, -3.13764542e-01, -7.71033466e-01, -7.80404449e-01,
        -9.88051593e-01, -2.05007836e-01, -3.46564502e-01,  2.76254088e-01,
        -4.32776213e-02, -1.15877497e+00, -9.40475881e-01, -7.68849134e-01,
        -4.84670758e-01,  7.30870843e-01, -3.62142056e-01, -7.65183195e-02,
        -9.77903366e-01, -6.42081618e-01, -7.13402808e-01, -1.92235306e-01,
        -5.83150625e-01,  1.02548301e-02, -1.00922167e+00, -2.47243464e-01,
        -6.49489939e-01, -5.36720812e-01, -6.23553656e-02, -1.48396254e+00,
        -1.05266809e+00,  2.01783255e-01, -9.65915322e-01, -5.18057704e-01,
        -7.63702691e-02, -2.15742841e-01, -3.03198397e-01, -1.41696203e+00,
         4.95206475e-01, -6.17234632e-02,  9.65645790e-01, -1.50745058e+00,
        -8.63062084e-01,  1.21720351e-01,  4.76265967e-01,  5.80358863e-01,
         3.59500378e-01, -3.30692351e-01, -9.68554437e-01, -4.34567839e-01,
        -6.31955028e-01,  4.20403719e-01, -3.75817150e-01, -7.04415619e-01,
        -1.21920824e+00,  8.89401734e-01,  1.06811571e+00,  2.68343568e-01,
         1.08929908e+00,  4.89571095e-01, -5.08992374e-02,  1.94263354e-01,
         4.24571484e-02,  3.93974662e-01,  3.42106894e-02,  1.18155575e+00,
         4.69589978e-01,  1.85831416e+00,  1.86936355e+00,  2.22499537e+00,
         2.00255442e+00,  8.94557714e-01, -6.53355658e-01,  5.85318744e-01,
        -4.83517200e-01, -2.49108195e-01, -7.85167754e-01, -4.26825285e-01,
        -7.65952051e-01,  1.89283729e-01, -7.89528608e-01, -6.34522140e-01,
        -1.17908746e-01, -4.32911247e-01, -7.12808371e-01, -1.37806997e-01,
         3.95396054e-02,  1.84739065e+00,  1.61621332e+00,  1.45802975e+00,
         6.76266491e-01, -8.90138149e-01,  6.66865885e-01,  1.70179474e+00,
         1.97598100e+00, -2.09127739e-01,  1.91921616e+00,  2.06208372e+00,
         9.78053153e-01,  2.75509143e+00,  2.29324913e+00,  1.77126610e+00,
         1.80276763e+00,  5.72761357e-01,  3.48554659e+00,  1.86232698e+00,
         1.69217777e+00, -1.24632430e+00, -5.63567340e-01, -1.29099977e+00,
        -7.30096817e-01, -1.46513903e+00, -1.01824796e+00, -4.26756769e-01,
        -1.96476758e+00, -1.68775117e+00,  4.95967776e-01,  9.07250404e-01,
         1.89749503e+00, -4.57939684e-01, -7.37311244e-01,  4.26832378e-01,
        -1.75686312e+00, -4.77838628e-02, -5.66699266e-01, -1.97585583e+00,
        -1.46145618e+00, -1.07752049e+00, -1.47796547e+00, -1.51955295e+00,
        -1.40520287e+00, -1.60371172e+00, -2.32787681e+00, -7.54710615e-01,
        -2.68198395e+00, -1.51650250e+00, -1.38021255e+00, -9.32763517e-01,
        -1.46200740e+00, -9.22700644e-01, -1.60087895e+00, -1.64942575e+00,
         1.86147779e-01,  1.89304471e-01,  3.41705352e-01,  3.60602021e-01,
        -7.55064309e-01,  8.50327432e-01,  2.45817825e-01, -4.13083792e-01,
        -1.27817905e+00, -4.34254371e-02, -7.69699141e-02,  1.25616059e-01,
         4.19521898e-01, -1.87266439e-01,  2.66183943e-01, -9.52816665e-01,
        -4.74003136e-01, -1.97071612e-01, -6.53778166e-02, -6.35206938e-01,
        -4.42175001e-01,  6.47864103e-01,  1.77227482e-01, -5.15136182e-01,
         6.84929848e-01, -4.57543463e-01,  1.27930075e-01,  6.30319640e-02,
        -2.30270103e-01, -9.39820290e-01, -1.55007696e+00, -8.51888180e-01,
        -1.50846672e+00,  3.13928127e-01, -9.50734735e-01, -1.03791788e-01,
         2.65787542e-01, -2.45647144e+00, -8.91359925e-01,  6.73707545e-01,
        -2.14307380e+00, -1.04467988e+00, -1.02684304e-01,  3.31318855e-01,
        -6.23410404e-01, -1.06226361e+00,  7.47597590e-02, -3.30669850e-01,
        -3.23874474e-01,  1.46215725e+00, -1.21847534e+00, -8.16180468e-01,
        -1.99919999e+00,  3.26507282e+00, -1.14271975e+00,  6.02692664e-01,
         2.42405057e-01,  1.06643271e+00,  4.85423893e-01, -2.47844315e+00,
         1.55788064e+00,  2.49826312e-01,  3.14149356e+00,  1.84275877e+00,
         2.77735174e-01,  3.19231063e-01,  2.60209978e-01, -1.00986516e+00,
        -9.73395467e-01, -5.88938713e-01,  1.93977225e+00, -6.82014883e-01,
        -5.45128584e-01, -4.31038588e-02, -6.76619470e-01, -4.70674008e-01,
         7.97681928e-01,  4.92911302e-02,  1.21934772e+00,  1.19446933e+00,
        -1.24518108e+00, -5.00004947e-01,  1.76779354e+00,  4.67737913e-01,
        -3.38576883e-01,  1.29800534e+00, -4.89412934e-01,  1.75361180e+00,
        -9.36017931e-01, -9.39022839e-01,  3.10777450e+00, -7.10232735e-01,
        -4.38937724e-01, -9.81047750e-01, -7.55628288e-01,  1.72766817e+00,
         9.56957787e-02,  4.62914854e-02, -1.98031187e+00,  1.25940591e-01,
         3.34512204e-01,  8.62819731e-01, -5.36523223e-01,  1.74017861e-01,
        -1.56122136e+00,  2.57970244e-02,  2.58315611e+00, -5.58404446e-01,
         1.17207551e+00,  1.70016885e+00, -8.50582123e-01, -2.67633915e+00,
        -4.77744669e-01,  4.11461741e-01,  1.35405779e+00, -1.31630325e+00,
        -1.34003532e+00,  1.51645672e+00, -5.56145370e-01,  6.66624129e-01,
        -2.17324400e+00, -2.57445723e-01, -1.17265187e-01, -1.20778513e+00,
         2.13998914e+00,  1.38908434e+00,  9.80252862e-01, -1.42426050e+00,
        -1.11312997e+00,  1.39090204e+00,  1.56099260e-01,  2.30941010e+00,
         2.88482457e-01,  5.23311734e-01,  1.06294048e+00, -4.66281801e-01,
         2.79931545e-01,  8.29604566e-01,  1.23405695e+00,  8.02260041e-02,
         3.36677372e-01, -2.06207901e-01, -8.96754622e-01,  2.70046520e+00,
        -2.64361596e+00,  1.52504623e-01, -1.05122030e+00,  5.74007869e-01,
         1.97422728e-01,  6.59949630e-02, -1.50621593e+00,  1.75588560e+00,
         1.12157893e+00, -3.32238317e+00, -9.81621206e-01, -1.39989579e+00,
         1.12904584e+00, -6.13857210e-01, -6.88570142e-01, -5.91169298e-01,
        -1.56143284e+00,  3.65445703e-01, -3.02090645e-01, -4.93524849e-01,
        -7.76826203e-01, -4.53153625e-03, -1.65144396e+00, -4.06756729e-01,
        -5.83768129e-01, -7.55558848e-01, -1.75717682e-01,  1.10844505e+00,
        -3.45453531e-01, -6.17138386e-01,  2.35751128e+00,  8.81596565e-01,
        -4.12045032e-01,  3.86154264e-01,  2.70760369e+00, -1.74407911e+00,
        -1.83175170e+00, -8.52660060e-01, -6.60943747e-01,  2.31359649e+00,
         3.93527210e-01, -1.24021661e+00,  1.93156695e+00, -4.78446007e-01,
        -1.27838552e+00,  9.95992720e-01, -2.39655495e-01, -2.25202131e+00,
         5.64260364e-01,  2.72000742e+00, -9.89241838e-01, -3.48221034e-01,
         5.13067782e-01,  1.75025821e+00,  1.55770496e-01, -1.46322763e+00,
         5.23803759e+00,  3.09473574e-01,  8.82402897e-01,  3.12402874e-01,
        -1.54746282e+00, -8.29848289e-01,  1.47631800e+00,  1.55723619e+00,
        -5.97830117e-01, -9.51198041e-02, -1.04947853e+00,  6.43174529e-01,
        -1.53216094e-01, -2.15583754e+00, -3.38459224e-01, -1.06459248e+00,
         9.40854430e-01, -1.59125245e+00,  6.68482661e-01, -1.53111458e+00,
        -2.15656519e+00,  1.03839147e+00, -4.50959295e-01, -2.78868586e-01,
        -5.83862364e-01, -1.11824262e+00, -3.03610992e+00,  3.37548345e-01,
         1.77203071e+00,  8.98700356e-01, -7.65370548e-01,  2.03301811e+00,
         1.15766394e+00,  3.17364365e-01,  1.07910562e+00,  3.86637831e+00,
         7.48879671e-01,  8.47339034e-01, -1.80904716e-01, -1.59248126e+00,
         2.34215689e+00,  3.10334504e-01,  6.23992443e-01,  2.13044190e+00,
         2.54393196e+00,  7.55025521e-02,  1.30681503e+00, -2.22111464e+00,
         2.07497931e+00,  2.22763348e+00,  8.79835546e-01, -4.91621315e-01,
         9.46174681e-01, -1.73360050e+00,  4.91519928e-01,  7.03600720e-02,
        -1.35750735e+00,  2.69476801e-01, -4.67899203e-01,  1.01359200e+00,
         2.28441525e+00, -1.86886549e-01,  2.35656810e+00,  2.76373243e+00,
         1.81112123e+00, -1.69073254e-01,  1.56827152e+00,  3.13773918e+00,
        -1.11891568e+00, -1.64958572e+00,  2.27304101e+00,  5.77758029e-02,
        -1.72053730e+00,  1.63250983e+00, -2.25012265e-02,  5.61503053e-01,
         4.34640789e+00,  1.60252774e+00, -2.34870028e+00,  6.34990335e-01,
         1.66679227e+00, -1.18293792e-01, -1.26045382e+00, -9.22355473e-01,
        -8.95732999e-01,  2.55025327e-01, -1.21802914e+00, -2.08332628e-01,
         2.83808374e+00, -1.95969534e+00, -3.93635094e-01,  9.07971263e-01,
         1.75725555e+00, -1.74104738e+00,  2.16043973e+00,  3.69499063e+00,
        -1.09412467e+00,  1.00402385e-01, -1.21546936e+00,  5.98397255e-02,
        -9.66097593e-01,  1.81250036e+00, -1.13854043e-01, -2.66465265e-02,
        -1.18924215e-01, -2.10309792e+00,  1.98272276e+00, -6.39007211e-01,
         2.56798506e+00, -7.23989964e-01,  2.59484500e-01,  2.29007192e-02,
        -1.22925973e+00,  2.12356162e+00, -3.88479143e-01, -1.57775462e+00,
        -1.20215416e+00,  1.38942099e+00,  6.54301584e-01, -3.64065021e-01,
        -5.41287065e-01,  2.56279969e+00,  6.07887767e-02,  3.28886837e-01,
         1.79431963e+00,  1.42696953e+00, -7.26534128e-01,  1.14020097e+00,
        -1.45924538e-01,  1.38673663e+00,  2.44529113e-01, -2.56287694e+00,
         2.78849530e+00, -5.55594228e-02, -3.72445750e+00,  2.53530651e-01,
         9.87501562e-01,  8.06839764e-01, -1.56084669e+00,  1.06918061e+00,
         1.35659623e+00, -8.16370547e-01, -1.33615899e+00,  6.01538479e-01,
         2.39626980e+00,  9.45804179e-01,  5.35076976e-01, -1.58745694e+00,
         1.12279284e+00, -1.64451241e+00, -1.39211130e+00,  1.03537261e+00,
         6.47785246e-01,  9.46636975e-01,  2.63309449e-01,  1.05117500e+00,
         1.33398366e+00,  1.01029694e+00,  1.11059749e+00, -6.94177151e-01,
        -2.35099375e-01, -2.05772591e+00,  4.58792895e-02,  4.99845706e-02,
         5.82606554e-01,  3.87659073e-01,  2.23381352e+00, -1.15780540e-01,
        -1.92731035e+00,  6.44984126e-01, -2.97334433e-01, -5.01143575e-01,
        -3.76434699e-02,  2.16408178e-01, -1.75252378e+00,  2.47490454e+00,
         1.28088400e-01,  1.32840848e+00, -1.24689937e+00,  5.88190630e-02,
        -1.66872144e-01, -1.19080566e-01,  1.34797484e-01, -1.83893788e+00,
        -3.52743119e-01,  1.72655594e+00, -3.79405856e-01,  9.39504504e-02,
         2.20357037e+00,  1.03739238e+00,  1.49530506e+00,  8.77245009e-01,
         1.36626303e+00,  1.72576499e+00, -1.72128826e-01, -8.99238884e-01,
         6.64279163e-01,  3.60890961e+00,  1.66417503e+00, -1.14026320e+00,
        -2.06998020e-01, -1.19057059e+00, -1.81249350e-01,  7.46575475e-01,
         1.95288014e+00,  2.30527902e+00, -2.37074518e+00,  1.77604795e+00,
         1.14893723e+00, -2.04740301e-01,  9.52912569e-01,  1.50349247e+00,
        -1.25383222e+00,  2.02964234e+00, -1.07258523e+00,  2.13111520e+00,
         2.33834195e+00,  7.98533797e-01, -1.13250995e+00, -1.23762929e+00,
         4.48101878e-01,  1.50474787e+00,  1.00599325e+00, -1.10830843e+00,
        -6.45316005e-01,  2.51475006e-01,  3.03223944e+00,  2.24364781e+00,
         2.99801993e+00,  4.60867614e-01, -4.94157344e-01,  2.42920667e-01,
        -1.98428941e+00,  3.08670115e+00, -6.36575699e-01,  3.52570275e-03,
         1.50894856e+00,  1.55923918e-01,  3.36433554e+00,  8.12387049e-01,
         8.43362451e-01, -3.44044149e-01,  2.09315157e+00,  2.20582485e+00,
        -1.15125608e+00, -1.82810664e+00, -4.42248732e-01,  2.04728931e-01,
         1.78546309e+00, -2.50315726e-01, -3.47849190e-01,  9.08152640e-01,
        -1.93061042e+00, -3.24728161e-01,  1.16361046e+00,  2.17824030e+00,
         1.32981324e+00,  1.83810043e+00, -1.71305299e-01,  1.37789071e+00,
         7.38618612e-01, -7.74463892e-01,  2.42471814e+00, -4.54299092e-01,
        -1.62727094e+00, -1.07275927e+00, -6.72545671e-01,  2.71398947e-02,
         1.32246111e-02, -1.33651948e+00,  1.79865825e+00,  4.78874356e-01,
         2.66982031e+00, -1.89290392e+00, -7.62743354e-01,  7.83144951e-01,
        -1.89204884e+00, -3.94546658e-01,  8.26250196e-01, -1.33197320e+00,
        -3.06131303e-01, -2.62287825e-01,  3.78508300e-01, -6.61196172e-01,
         1.51097739e+00, -8.10962021e-01, -8.67349923e-01, -4.63263929e-01,
         3.81706977e+00,  2.59459066e+00,  1.71344399e+00, -1.13000679e+00,
         1.35157692e+00, -6.14095211e-01, -4.66984689e-01,  3.88485646e+00,
         1.29525101e+00, -1.64658105e+00,  9.45631087e-01,  1.58954096e+00,
        -2.85008144e+00, -9.50893998e-01, -7.28895366e-01, -4.47490476e-02,
        -9.54553485e-01,  1.09772968e+00, -6.47601560e-02, -1.75243378e+00,
        -1.31231213e+00, -2.55316210e+00, -1.79534554e+00, -2.99659342e-01,
         1.19760656e+00, -5.42944610e-01, -6.33942306e-01, -1.50624849e-02,
         1.28765559e+00, -1.02719867e+00, -2.08345103e+00,  3.95047098e-01,
         8.35405707e-01,  6.32183373e-01, -7.76729524e-01,  4.00509208e-01,
        -9.13370028e-02, -2.79859118e-02,  9.42721784e-01,  9.64949727e-01,
        -1.64728910e-01,  3.06151342e+00, -1.89818949e-01, -6.64222598e-01,
        -8.57823491e-01,  1.25709325e-01, -8.37028086e-01,  1.57229632e-01,
         3.98828411e+00,  1.46867061e+00,  2.00377560e+00, -4.18668836e-01,
         1.32720268e+00,  1.71595037e+00,  8.52003992e-01,  4.14879650e-01,
        -4.32215750e-01,  3.42986546e-02,  1.54921782e+00,  3.45330000e-01,
         7.12754488e+00,  3.99184418e+00,  1.75873578e+00, -4.87126559e-01,
         3.32775146e-01,  2.06032321e-01,  7.73004055e-01,  2.40703583e+00,
        -1.26828849e+00, -1.85963547e+00, -4.46840972e-02, -2.88107085e+00,
         6.69084311e-01, -1.26498079e+00,  1.47273596e-02,  5.50179601e-01,
         9.78845000e-01,  1.72886980e+00, -6.03771687e-01, -6.77271724e-01,
        -2.50802255e+00,  1.03195524e+00, -9.94172871e-01, -1.55095804e+00,
        -1.64927053e+00, -2.35127807e-01, -9.05136764e-01, -1.59768856e+00,
        -9.20548439e-01, -2.62235689e+00, -1.64357984e+00, -8.14379454e-01,
        -1.63586879e+00, -1.43700957e+00, -7.74150610e-01, -1.27994195e-01,
        -6.12301469e-01, -3.92224818e-01, -2.02110156e-01, -8.75839815e-02,
        -2.64193368e+00, -3.80857706e-01, -1.61330462e+00, -1.48807049e+00,
         1.03894746e+00,  9.89029527e-01, -4.88213710e-02, -3.22298706e-01,
         2.96029262e-02, -3.07583779e-01, -1.54861003e-01, -1.33365178e+00,
        -7.05767274e-01,  1.75107241e-01, -1.28989136e+00, -1.49500751e+00,
        -1.48085737e+00, -1.53481007e+00, -1.16544712e+00, -1.45755768e+00,
        -1.67331028e+00, -2.09905338e+00,  8.77888381e-01, -4.28643525e-01,
         4.40978914e-01, -7.34087080e-02, -1.68885708e+00,  1.81583512e+00,
        -1.26157391e+00, -1.69027901e+00,  1.52493262e+00, -2.46071726e-01,
        -1.25623930e+00,  1.42294973e-01, -2.44693309e-01, -2.00505066e+00,
         2.05247119e-01, -2.31814861e-01, -1.06841266e+00, -1.28861165e+00,
        -7.04104424e-01,  2.31526315e-01, -7.87670195e-01, -1.51023299e-01,
        -2.95098126e-01,  8.18975806e-01, -8.10731888e-01, -1.34792507e+00,
        -1.91359341e+00, -2.22044253e+00, -1.85316348e+00, -1.09079576e+00,
        -1.00829339e+00, -2.13493443e+00,  1.78494722e-01,  9.84067976e-01],
       device='cuda:0')
Clean RHS: tensor([[1.56141961]], device='cuda:0')
Split layers:
Nonlinear functions:
   BoundRelu(name=/66, inputs=[/input], perturbed=True)
   BoundRelu(name=/68, inputs=[/input-4], perturbed=True)
   BoundRelu(name=/71, inputs=[/input-12], perturbed=True)
   BoundRelu(name=/73, inputs=[/input-16], perturbed=True)
   BoundRelu(name=/76, inputs=[/input-24], perturbed=True)
   BoundRelu(name=/78, inputs=[/input-28], perturbed=True)
   BoundRelu(name=/80, inputs=[/input-32], perturbed=True)
   BoundRelu(name=/83, inputs=[/input-40], perturbed=True)
   BoundRelu(name=/85, inputs=[/input-44], perturbed=True)
   BoundRelu(name=/87, inputs=[/input-48], perturbed=True)
   BoundRelu(name=/90, inputs=[/input-56], perturbed=True)
   BoundRelu(name=/92, inputs=[/input-60], perturbed=True)
   BoundRelu(name=/94, inputs=[/input-64], perturbed=True)
   BoundRelu(name=/98, inputs=[/input-68], perturbed=True)
   BoundRelu(name=/101, inputs=[/input-72], perturbed=True)
   BoundRelu(name=/input-8/conv_1_relu, inputs=[/input-8/conv_1], perturbed=True)
   BoundRelu(name=/input-8/conv_3_relu, inputs=[/input-8/conv_3], perturbed=True)
   BoundRelu(name=/input-20/conv_1_relu, inputs=[/input-20/conv_1], perturbed=True)
   BoundRelu(name=/input-20/conv_3_relu, inputs=[/input-20/conv_3], perturbed=True)
   BoundRelu(name=/input-36/conv_1_relu, inputs=[/input-36/conv_1], perturbed=True)
   BoundRelu(name=/input-36/conv_3_relu, inputs=[/input-36/conv_3], perturbed=True)
   BoundRelu(name=/input-52/conv_1_relu, inputs=[/input-52/conv_1], perturbed=True)
   BoundRelu(name=/input-52/conv_3_relu, inputs=[/input-52/conv_3], perturbed=True)
   BoundRelu(name=/95/conv_1_relu, inputs=[/95/conv_1], perturbed=True)
   BoundRelu(name=/95/conv_3_relu, inputs=[/95/conv_3], perturbed=True)
Batched CROWN: node BoundConv(name=/input-4, inputs=[/66, /35, /36], perturbed=True), unstable size 61274
Batched CROWN: node BoundConv(name=/input-8/conv_1, inputs=[/68, /input-8/conv_1_w], perturbed=True), unstable size 73679
Batched CROWN: node BoundConv(name=/input-8/conv_3, inputs=[/input-8/add_1_2, /input-8/conv_3_w], perturbed=True), unstable size 25189
Batched CROWN: node BoundConv(name=/input-12, inputs=[/input-8/add_3_4, /37, /38], perturbed=True), unstable size 556514
Batched CROWN: node BoundConv(name=/input-16, inputs=[/71, /39, /40], perturbed=True), unstable size 1589195
Batched CROWN: node BoundConv(name=/input-20/conv_1, inputs=[/73, /input-20/conv_1_w], perturbed=True), unstable size 31973
Batched CROWN: node BoundConv(name=/input-20/conv_3, inputs=[/input-20/add_1_2, /input-20/conv_3_w], perturbed=True), unstable size 14191
Batched CROWN: node BoundConv(name=/input-24, inputs=[/input-20/add_3_4, /41, /42], perturbed=True), unstable size 392387
Batched CROWN: node BoundConv(name=/input-28, inputs=[/76, /43, /44], perturbed=True), unstable size 797104
Batched CROWN: node BoundConv(name=/input-32, inputs=[/78, /45, /46], perturbed=True), unstable size 187288
Batched CROWN: node BoundConv(name=/input-36/conv_1, inputs=[/80, /input-36/conv_1_w], perturbed=True), unstable size 39262
Batched CROWN: node BoundConv(name=/input-36/conv_3, inputs=[/input-36/add_1_2, /input-36/conv_3_w], perturbed=True), unstable size 21320
Batched CROWN: node BoundConv(name=/input-40, inputs=[/input-36/add_3_4, /47, /48], perturbed=True), unstable size 316457
Batched CROWN: node BoundConv(name=/input-44, inputs=[/83, /49, /50], perturbed=True), unstable size 301351
Batched CROWN: node BoundConv(name=/input-48, inputs=[/85, /51, /52], perturbed=True), unstable size 194276
Batched CROWN: node BoundConv(name=/input-52/conv_1, inputs=[/87, /input-52/conv_1_w], perturbed=True), unstable size 7866
Batched CROWN: node BoundConv(name=/input-52/conv_3, inputs=[/input-52/add_1_2, /input-52/conv_3_w], perturbed=True), unstable size 5281
Batched CROWN: node BoundConv(name=/input-56, inputs=[/input-52/add_3_4, /53, /54], perturbed=True), unstable size 97052
Batched CROWN: node BoundConv(name=/input-60, inputs=[/90, /55, /56], perturbed=True), unstable size 100337
Batched CROWN: node BoundConv(name=/input-64, inputs=[/92, /57, /58], perturbed=True), unstable size 100352
Batched CROWN: node BoundConv(name=/95/conv_1, inputs=[/94, /95/conv_1_w], perturbed=True), unstable size 49934
Batched CROWN: node BoundConv(name=/95/conv_3, inputs=[/95/add_1_2, /95/conv_3_w], perturbed=True), unstable size 25071
Batched CROWN: node BoundLinear(name=/input-68, inputs=[/96, /59, /60], perturbed=True), unstable size 4096
Batched CROWN: node BoundLinear(name=/input-72, inputs=[/99, /61, /62], perturbed=True), unstable size 4096
initial crown bounds: tensor([[-3000613.25000000]], device='cuda:0')
Number of class (without rhs): 1 ; Worst class: (+ rhs) -3000613.25
Iteration 1
Adv attack time: 1.5283s
Batch size: 1
Current pickout batch: 1, total pickout batch: 1
Batched CROWN: node BoundConv(name=/input-4, inputs=[/66, /35, /36], perturbed=True), unstable size 61274
Batched CROWN: node BoundConv(name=/input-8/conv_1, inputs=[/68, /input-8/conv_1_w], perturbed=True), unstable size 73679
Batched CROWN: node BoundConv(name=/input-8/conv_3, inputs=[/input-8/add_1_2, /input-8/conv_3_w], perturbed=True), unstable size 25189
Batched CROWN: node BoundConv(name=/input-12, inputs=[/input-8/add_3_4, /37, /38], perturbed=True), unstable size 556514
Batched CROWN: node BoundConv(name=/input-16, inputs=[/71, /39, /40], perturbed=True), unstable size 1589193
Batched CROWN: node BoundConv(name=/input-20/conv_1, inputs=[/73, /input-20/conv_1_w], perturbed=True), unstable size 31974
Batched CROWN: node BoundConv(name=/input-20/conv_3, inputs=[/input-20/add_1_2, /input-20/conv_3_w], perturbed=True), unstable size 14191
Batched CROWN: node BoundConv(name=/input-24, inputs=[/input-20/add_3_4, /41, /42], perturbed=True), unstable size 392387
Batched CROWN: node BoundConv(name=/input-28, inputs=[/76, /43, /44], perturbed=True), unstable size 797104
Batched CROWN: node BoundConv(name=/input-32, inputs=[/78, /45, /46], perturbed=True), unstable size 187287
Batched CROWN: node BoundConv(name=/input-36/conv_1, inputs=[/80, /input-36/conv_1_w], perturbed=True), unstable size 39261
Batched CROWN: node BoundConv(name=/input-36/conv_3, inputs=[/input-36/add_1_2, /input-36/conv_3_w], perturbed=True), unstable size 21321
Batched CROWN: node BoundConv(name=/input-40, inputs=[/input-36/add_3_4, /47, /48], perturbed=True), unstable size 316466
Batched CROWN: node BoundConv(name=/input-44, inputs=[/83, /49, /50], perturbed=True), unstable size 301329
Batched CROWN: node BoundConv(name=/input-48, inputs=[/85, /51, /52], perturbed=True), unstable size 194319
Batched CROWN: node BoundConv(name=/input-52/conv_1, inputs=[/87, /input-52/conv_1_w], perturbed=True), unstable size 7867
Batched CROWN: node BoundConv(name=/input-52/conv_3, inputs=[/input-52/add_1_2, /input-52/conv_3_w], perturbed=True), unstable size 5281
Batched CROWN: node BoundConv(name=/input-56, inputs=[/input-52/add_3_4, /53, /54], perturbed=True), unstable size 97047
Batched CROWN: node BoundConv(name=/input-60, inputs=[/90, /55, /56], perturbed=True), unstable size 100337
Batched CROWN: node BoundConv(name=/input-64, inputs=[/92, /57, /58], perturbed=True), unstable size 100352
