----- SLURM_JOB_ID=4505339
SLURM_JOB_NODELIST=d3233
SLURM_JOB_GPUS=1
SLURM_GPUS=<unset>
SLURM_STEP_GPUS=<unset>
CUDA_VISIBLE_DEVICES=0
SLURM_NTASKS=1
SLURM_CPUS_PER_TASK=4
SHELL=/bin/bash
PATH=/shared/EL9/explorer/cuda/12.8.0/bin:/shared/EL9/explorer/code-server/4.91.1/code-server-4.91.1-linux-amd64/lib/vscode/bin/remote-cli:/home/z.dehghanipour/.conda/envs/ab-crown-v1/bin:/shared/EL9/explorer/anaconda3/2024.06/condabin:/usr/share/Modules/bin:/usr/local/bin:/usr/bin:/usr/local/sbin:/usr/sbin:/home/z.dehghanipour/.local/bin:/home/z.dehghanipour/bin:/home/z.dehghanipour/.local/bin:/home/z.dehghanipour/bin
========== ENV CHECK ==========
/home/z.dehghanipour/.conda/envs/ab-crown-v1/bin/python
Python 3.11.9
PYTHON: /home/z.dehghanipour/.conda/envs/ab-crown-v1/bin/python
torch: 2.3.1
torch.version.cuda: 12.1
cuda available: True
CUDA_VISIBLE_DEVICES: 0
device[0]: NVIDIA A100 80GB PCIe
capability[0]: (8, 0)
matmul ok: 7161.16748046875
Sat Feb 21 18:54:19 2026       
+---------------------------------------------------------------------------------------+
| NVIDIA-SMI 545.23.08              Driver Version: 545.23.08    CUDA Version: 12.3     |
|-----------------------------------------+----------------------+----------------------+
| GPU  Name                 Persistence-M | Bus-Id        Disp.A | Volatile Uncorr. ECC |
| Fan  Temp   Perf          Pwr:Usage/Cap |         Memory-Usage | GPU-Util  Compute M. |
|                                         |                      |               MIG M. |
|=========================================+======================+======================|
|   0  NVIDIA A100 80GB PCIe          On  | 00000000:40:00.0 Off |                    0 |
| N/A   41C    P0              78W / 300W |      4MiB / 81920MiB |      0%      Default |
|                                         |                      |             Disabled |
+-----------------------------------------+----------------------+----------------------+
                                                                                         
+---------------------------------------------------------------------------------------+
| Processes:                                                                            |
|  GPU   GI   CI        PID   Type   Process name                            GPU Memory |
|        ID   ID                                                             Usage      |
|=======================================================================================|
|  No running processes found                                                           |
+---------------------------------------------------------------------------------------+
================================
========== QUICK GPU CHECK ==========
Sat Feb 21 18:54:19 2026       
+---------------------------------------------------------------------------------------+
| NVIDIA-SMI 545.23.08              Driver Version: 545.23.08    CUDA Version: 12.3     |
|-----------------------------------------+----------------------+----------------------+
| GPU  Name                 Persistence-M | Bus-Id        Disp.A | Volatile Uncorr. ECC |
| Fan  Temp   Perf          Pwr:Usage/Cap |         Memory-Usage | GPU-Util  Compute M. |
|                                         |                      |               MIG M. |
|=========================================+======================+======================|
|   0  NVIDIA A100 80GB PCIe          On  | 00000000:40:00.0 Off |                    0 |
| N/A   41C    P0              81W / 300W |      4MiB / 81920MiB |      7%      Default |
|                                         |                      |             Disabled |
+-----------------------------------------+----------------------+----------------------+
                                                                                         
+---------------------------------------------------------------------------------------+
| Processes:                                                                            |
|  GPU   GI   CI        PID   Type   Process name                            GPU Memory |
|        ID   ID                                                             Usage      |
|=======================================================================================|
|  No running processes found                                                           |
+---------------------------------------------------------------------------------------+
=====================================
[rank 0/1] host=d3233 CUDA_VISIBLE_DEVICES=0
[rank 0] === Checking instance ID 501 ===
[rank 0] >>> ID 501 already done (results.csv / parts) — skipping
[rank 0] === Checking instance ID 502 ===
[rank 0] >>> ID 502 already done (results.csv / parts) — skipping
[rank 0] === Checking instance ID 503 ===
[rank 0] >>> ID 503 already done (results.csv / parts) — skipping
[rank 0] === Checking instance ID 504 ===
[rank 0] >>> ID 504 already done (results.csv / parts) — skipping
[rank 0] === Checking instance ID 505 ===
[rank 0] >>> ID 505 already done (results.csv / parts) — skipping
[rank 0] === Checking instance ID 506 ===
[rank 0] >>> ID 506 already done (results.csv / parts) — skipping
[rank 0] === Checking instance ID 507 ===
[rank 0] >>> ID 507 already done (results.csv / parts) — skipping
[rank 0] === Checking instance ID 508 ===
[rank 0] >>> ID 508 already done (results.csv / parts) — skipping
[rank 0] === Checking instance ID 509 ===
[rank 0] >>> ID 509 already done (results.csv / parts) — skipping
[rank 0] === Checking instance ID 510 ===
[rank 0] >>> ID 510 already done (results.csv / parts) — skipping
[rank 0] === Checking instance ID 511 ===
[rank 0] >>> ID 511 already done (results.csv / parts) — skipping
[rank 0] === Checking instance ID 512 ===
[rank 0] >>> ID 512 already done (results.csv / parts) — skipping
[rank 0] === Checking instance ID 513 ===
[rank 0] >>> ID 513 already done (results.csv / parts) — skipping
[rank 0] === Checking instance ID 514 ===
[rank 0] >>> ID 514 already done (results.csv / parts) — skipping
[rank 0] === Checking instance ID 515 ===
[rank 0] >>> ID 515 already done (results.csv / parts) — skipping
[rank 0] === Checking instance ID 516 ===
[rank 0] >>> ID 516 already done (results.csv / parts) — skipping
[rank 0] === Checking instance ID 517 ===
[rank 0] >>> ID 517 already done (results.csv / parts) — skipping
[rank 0] === Checking instance ID 518 ===
[rank 0] >>> ID 518 already done (results.csv / parts) — skipping
[rank 0] === Checking instance ID 519 ===
[rank 0] >>> ID 519 already done (results.csv / parts) — skipping
[rank 0] === Checking instance ID 520 ===
[rank 0] >>> ID 520 already done (results.csv / parts) — skipping
[rank 0] === Checking instance ID 521 ===
[rank 0] >>> ID 521 already done (results.csv / parts) — skipping
[rank 0] === Checking instance ID 522 ===
[rank 0] >>> ID 522 already done (results.csv / parts) — skipping
[rank 0] === Checking instance ID 523 ===
[rank 0] >>> ID 523 already done (results.csv / parts) — skipping
[rank 0] === Checking instance ID 524 ===
[rank 0] >>> ID 524 already done (results.csv / parts) — skipping
[rank 0] === Checking instance ID 525 ===
[rank 0] >>> ID 525 already done (results.csv / parts) — skipping
[rank 0] === Checking instance ID 526 ===
[rank 0] >>> ID 526 already done (results.csv / parts) — skipping
[rank 0] === Checking instance ID 527 ===
[rank 0] >>> ID 527 already done (results.csv / parts) — skipping
[rank 0] === Checking instance ID 528 ===
[rank 0] >>> ID 528 already done (results.csv / parts) — skipping
[rank 0] === Checking instance ID 529 ===
[rank 0] >>> ID 529 already done (results.csv / parts) — skipping
[rank 0] === Checking instance ID 530 ===
[rank 0] >>> ID 530 already done (results.csv / parts) — skipping
[rank 0] === Checking instance ID 531 ===
[rank 0] >>> ID 531 already done (results.csv / parts) — skipping
[rank 0] === Checking instance ID 532 ===
[rank 0] >>> ID 532 already done (results.csv / parts) — skipping
[rank 0] === Checking instance ID 533 ===
[rank 0] >>> ID 533 already done (results.csv / parts) — skipping
[rank 0] === Checking instance ID 534 ===
[rank 0] >>> ID 534 already done (results.csv / parts) — skipping
[rank 0] === Checking instance ID 535 ===
[rank 0] >>> ID 535 already done (results.csv / parts) — skipping
[rank 0] === Checking instance ID 536 ===
[rank 0] >>> ID 536 already done (results.csv / parts) — skipping
[rank 0] === Checking instance ID 537 ===
[rank 0] >>> ID 537 already done (results.csv / parts) — skipping
[rank 0] === Checking instance ID 538 ===
[rank 0] >>> ID 538 already done (results.csv / parts) — skipping
[rank 0] === Checking instance ID 539 ===
[rank 0] >>> ID 539 already done (results.csv / parts) — skipping
[rank 0] === Checking instance ID 540 ===
[rank 0] >>> ID 540 already done (results.csv / parts) — skipping
[rank 0] === Checking instance ID 541 ===
[rank 0] >>> ID 541 already done (results.csv / parts) — skipping
[rank 0] === Checking instance ID 542 ===
[rank 0] >>> ID 542 already done (results.csv / parts) — skipping
[rank 0] === Checking instance ID 543 ===
[rank 0] >>> ID 543 already done (results.csv / parts) — skipping
[rank 0] === Checking instance ID 544 ===
[rank 0] >>> ID 544 already done (results.csv / parts) — skipping
[rank 0] === Checking instance ID 545 ===
[rank 0] >>> ID 545 already done (results.csv / parts) — skipping
[rank 0] === Checking instance ID 546 ===
[rank 0] >>> ID 546 already done (results.csv / parts) — skipping
[rank 0] === Checking instance ID 547 ===
[rank 0] >>> ID 547 already done (results.csv / parts) — skipping
[rank 0] === Checking instance ID 548 ===
[rank 0] >>> ID 548 already done (results.csv / parts) — skipping
[rank 0] === Checking instance ID 549 ===
[rank 0] >>> ID 549 already done (results.csv / parts) — skipping
[rank 0] === Checking instance ID 550 ===
[rank 0] >>> ID 550 already done (results.csv / parts) — skipping
[rank 0] === Checking instance ID 551 ===
[rank 0] >>> ID 551 already done (results.csv / parts) — skipping
[rank 0] === Checking instance ID 552 ===
[rank 0] >>> ID 552 already done (results.csv / parts) — skipping
[rank 0] === Checking instance ID 553 ===
[rank 0] >>> ID 553 already done (results.csv / parts) — skipping
[rank 0] === Checking instance ID 554 ===
[rank 0] >>> ID 554 already done (results.csv / parts) — skipping
[rank 0] === Checking instance ID 555 ===
[rank 0] >>> ID 555 already done (results.csv / parts) — skipping
[rank 0] === Checking instance ID 556 ===
[rank 0] >>> ID 556 already done (results.csv / parts) — skipping
[rank 0] === Checking instance ID 557 ===
[rank 0] >>> ID 557 already done (results.csv / parts) — skipping
[rank 0] === Checking instance ID 558 ===
[rank 0] >>> ID 558 already done (results.csv / parts) — skipping
[rank 0] === Checking instance ID 559 ===
[rank 0] >>> ID 559 already done (results.csv / parts) — skipping
[rank 0] === Checking instance ID 560 ===
[rank 0] >>> ID 560 already done (results.csv / parts) — skipping
[rank 0] === Checking instance ID 561 ===
[rank 0] >>> ID 561 already done (results.csv / parts) — skipping
[rank 0] === Checking instance ID 562 ===
[rank 0] >>> ID 562 already done (results.csv / parts) — skipping
[rank 0] === Checking instance ID 563 ===
[rank 0] >>> ID 563 already done (results.csv / parts) — skipping
[rank 0] === Checking instance ID 564 ===
[rank 0] >>> ID 564 already done (results.csv / parts) — skipping
[rank 0] === Checking instance ID 565 ===
[rank 0] >>> ID 565 already done (results.csv / parts) — skipping
[rank 0] === Checking instance ID 566 ===
[rank 0] >>> ID 566 already done (results.csv / parts) — skipping
[rank 0] === Checking instance ID 567 ===
[rank 0] >>> ID 567 already done (results.csv / parts) — skipping
[rank 0] === Checking instance ID 568 ===
[rank 0] >>> ID 568 already done (results.csv / parts) — skipping
[rank 0] === Checking instance ID 569 ===
[rank 0] >>> ID 569 already done (results.csv / parts) — skipping
[rank 0] === Checking instance ID 570 ===
[rank 0] >>> ID 570 already done (results.csv / parts) — skipping
[rank 0] === Checking instance ID 571 ===
[rank 0] >>> ID 571 already done (results.csv / parts) — skipping
[rank 0] === Checking instance ID 572 ===
[rank 0] >>> ID 572 already done (results.csv / parts) — skipping
[rank 0] === Checking instance ID 573 ===
[rank 0] >>> ID 573 already done (results.csv / parts) — skipping
[rank 0] === Checking instance ID 574 ===
[rank 0] >>> ID 574 already done (results.csv / parts) — skipping
[rank 0] === Checking instance ID 575 ===
[rank 0] >>> ID 575 already done (results.csv / parts) — skipping
[rank 0] === Checking instance ID 576 ===
[rank 0] >>> ID 576 already done (results.csv / parts) — skipping
[rank 0] === Checking instance ID 577 ===
[rank 0] >>> ID 577 already done (results.csv / parts) — skipping
[rank 0] === Checking instance ID 578 ===
[rank 0] >>> ID 578 already done (results.csv / parts) — skipping
[rank 0] === Checking instance ID 579 ===
[rank 0] >>> ID 579 already done (results.csv / parts) — skipping
[rank 0] === Checking instance ID 580 ===
[rank 0] >>> ID 580 already done (results.csv / parts) — skipping
[rank 0] === Checking instance ID 581 ===
[rank 0] >>> ID 581 already done (results.csv / parts) — skipping
[rank 0] === Checking instance ID 582 ===
[rank 0] >>> ID 582 already done (results.csv / parts) — skipping
[rank 0] === Checking instance ID 583 ===
[rank 0] >>> ID 583 already done (results.csv / parts) — skipping
[rank 0] === Checking instance ID 584 ===
[rank 0] >>> ID 584 already done (results.csv / parts) — skipping
[rank 0] === Checking instance ID 585 ===
[rank 0] >>> ID 585 already done (results.csv / parts) — skipping
[rank 0] === Checking instance ID 586 ===
[rank 0] >>> ID 586 already done (results.csv / parts) — skipping
[rank 0] === Checking instance ID 587 ===
[rank 0] >>> ID 587 already done (results.csv / parts) — skipping
[rank 0] === Checking instance ID 588 ===
[rank 0] >>> Running ID=588 onnx=onnx/vgg16-7.onnx
Configurations:

general:
  device: cuda
  seed: 100
  conv_mode: patches
  deterministic: false
  double_fp: false
  loss_reduction_func: max
  sparse_alpha: true
  sparse_interm: true
  save_adv_example: false
  verify_onnxruntime_output: false
  eval_adv_example: false
  show_adv_example: false
  precompile_jit: false
  prepare_only: false
  complete_verifier: bab
  enable_incomplete_verification: false
  csv_name: instances.csv
  results_file: results/vggnet16_all_p_3/result_588.rank0.txt
  root_path: ../../vnncomp2023_benchmarks/benchmarks/vggnet16
  deterministic_opt: false
  graph_optimizer: 'Customized("custom_graph_optimizer", "maxpool_to_relu")'
  buffer_has_batchdim: false
  save_output: false
  output_file: out.pkl
  return_optimized_model: false
  output_additional_stats: true
  instance_id: 588
  dataset_output_dir: dataset
  min_stable_neurons_ratio_threshold: 0.0
model:
  name: null
  path: null
  onnx_path: /projects/air/dlverifier/vggnet16_all/onnx/vgg16-7.onnx
  onnx_path_prefix: ''
  cache_onnx_conversion: true
  debug_onnx: false
  onnx_quirks: null
  input_shape: null
  onnx_loader: default_onnx_and_vnnlib_loader
  onnx_optimization_flags: []
  onnx_vnnlib_joint_optimization_flags: none
  check_optimized: false
  flatten_final_output: false
  optimize_graph: null
  with_jacobian: false
data:
  start: 0
  end: 10000
  select_instance: null
  num_outputs: 1000
  mean: 0.0
  std: 1.0
  pkl_path: null
  dataset: null
  data_filter_path: null
  data_idx_file: null
specification:
  type: lp
  robustness_type: verified-acc
  norm: .inf
  epsilon: null
  epsilon_min: 0.0
  vnnlib_path: /projects/air/dlverifier/vggnet16_all/vnnlib/n01980166_fiddler_crab_fix_nonmask_seg0_k50176_eps_0.0003.vnnlib
  vnnlib_path_prefix: ''
  rhs_offset: null
solver:
  batch_size: 1
  auto_enlarge_batch_size: false
  min_batch_size_ratio: 0.1
  use_float64_in_last_iteration: false
  early_stop_patience: 10
  start_save_best: 0.5
  bound_prop_method: forward+backward
  init_bound_prop_method: same
  prune_after_crown: false
  optimize_disjuncts_separately: false
  crown:
    batch_size: 16
    max_crown_size: 1000000000
    relu_option: adaptive
  alpha-crown:
    alpha: true
    lr_alpha: 0.1
    iteration: 100
    share_alphas: false
    lr_decay: 0.98
    full_conv_alpha: true
    max_coeff_mul: .inf
    matmul_share_alphas: false
    disable_optimization: []
    max_time: 1.0
  invprop:
    apply_output_constraints_to: []
    tighten_input_bounds: false
    best_of_oc_and_no_oc: false
    directly_optimize: []
    oc_lr: 0.1
    share_gammas: false
  beta-crown:
    lr_alpha: 0.01
    lr_beta: 0.05
    lr_decay: 0.98
    optimizer: adam
    iteration: 10
    beta: true
    beta_warmup: true
    enable_opt_interm_bounds: false
    all_node_split_LP: false
  forward:
    refine: false
    dynamic: true
    max_dim: 100
    reset_threshold: 1.0
  intermediate_refinement:
    enabled: false
    batch_size: 10
    opt_coeffs: false
    opt_bias: false
    lr: 0.05
    layers: [-1]
    max_domains: 1000
  multi_class:
    label_batch_size: 32
    skip_with_refined_bound: true
  mip:
    unstable_neuron_threshold: 0
    parallel_solvers: null
    solver_threads: 1
    refine_neuron_timeout: 15
    refine_neuron_time_percentage: 0.8
    early_stop: true
    adv_warmup: true
    mip_solver: gurobi
    skip_unsafe: false
    topk_filter: 1.0
    sliding_window: -1
    extra_constraint: false
    refine_neuron_timeout_increasement: 0
    timeout_neuron_percentage: 0.3
    remaining_timeout_threshold: 1
    remove_unstable_neurons: true
    lp_solver: false
bab:
  initial_max_domains: 1
  backing_up_max_domain: null
  max_domains: .inf
  decision_thresh: 0
  timeout: 1200.0
  timeout_scale: 1
  max_iterations: -1
  override_timeout: null
  get_upper_bound: false
  pruning_in_iteration: true
  pruning_in_iteration_ratio: 0.2
  sort_targets: false
  batched_domain_list: true
  optimized_interm: ''
  interm_transfer: true
  recompute_interm: false
  sort_domain_interval: -1
  vanilla_crown: false
  tree_traversal: depth_first
  cut:
    enabled: false
    cuts_path: /tmp/abcrown_cuts
    implication: false
    bab_cut: false
    lp_cut: false
    method: null
    lr: 0.01
    lr_decay: 1.0
    iteration: 100
    bab_iteration: -1
    early_stop_patience: -1
    lr_beta: 0.02
    number_cuts: 50
    topk_cuts_in_filter: 1000
    batch_size_primal: 100
    max_num: 1000000000
    patches_cut: false
    cplex_cuts: false
    cplex_cuts_wait: 0
    cplex_cuts_revpickup: true
    cut_reference_bounds: true
    fix_intermediate_bounds: false
    _tmp_cuts: null
    fixed_cuts: false
    add_implied_cuts: false
    add_input_cuts: false
    biccos:
      enabled: false
      constraint_strengthening: true
      recursively_strengthening: false
      drop_ratio: 0.5
      verified_bonus: 0.3
      max_infer_iter: 20
      heuristic: neuron_influence_score
      save_biccos_cuts: false
      multi_tree_branching:
        enabled: false
        restore_best_tree: false
        keep_n_best_domains: 1
        k_splits: 1
        iterations: 1
  branching:
    method: sb
    candidates: 3
    reduceop: min
    enable_intermediate_bound_opt: false
    branching_input_and_activation: false
    branching_input_and_activation_order: [input, relu]
    branching_input_iterations: 30
    branching_relu_iterations: 50
    gnn_path: ''
    neural_heuristic:
      model_path: ''
    rl:
      experiment: general
      eval: false
      extras: []
      logging:
        color: true
        debug: true
        file: rl-experiment.log
      pnet:
        gH: 64
        tH: 64
        nheads: 64
        nlayers: 64
        useDynamicGraph: true
        bidirectional: false
        GAT: true
      training:
        gamma: 0.99
        lr: 0.001
        batchSize: 8
        loop: 8
        totalEpochs: 10
        updatePolicyFrequency: 10
        updateTargetFrequency: 10
        buffer: buffer.pkl
        preparedBuffer: 'False'
        TestingPreparedBuffer: false
        scriptTraining: false
        policynet: policy-checkpoint.pt
        targetnet: target-checkpoint.pt
        datasetShuffle: true
        targetedData: all
        splitRatio: 0.8
        maxInstances: -1
        trainingMode: full
        reward:
          norm: null
          bonus: 10.0
          penalty: -1.0
      egreedy:
        epsilon: 0.1
        epsilonDecay: 0.1
        minEpsilon: 0.1
        ePath: epsilon.pt
        enabled: true
      expert:
        useExpertUntilEpisode: 0.1
        enabled: true
        learnToImitateExpertEpochs: 10
    nonlinear_split:
      method: shortcut
      branching_point_method: uniform
      num_branches: 2
      filter: false
      filter_beta: false
      filter_clamp: false
      filter_batch_size: 10000
      filter_iterations: 25
      relu_only: false
      loose_tanh_threshold: null
      dynamic_bbps: false
      dynamic_options: [uniform, three_left, three_right]
      branching_point_node: ''
      branching_point_db: []
    input_split:
      enable_clip_domains: false
      split_hint: null
      reorder_bab: false
      enable: true
      enhanced_bound_prop_method: alpha-crown
      enhanced_branching_method: naive
      enhanced_bound_patience: 100000000.0
      attack_patience: 100000000.0
      adv_check: 0
      split_partitions: 2
      sb_margin_weight: 1.0
      sb_sum: false
      sb_primary_spec: null
      bf_backup_thresh: -1
      bf_rhs_offset: 0
      bf_iters: 1000000000.0
      bf_batch_size: 100000
      bf_zero_crossing_score: false
      touch_zero_score: 0
      ibp_enhancement: false
      catch_assertion: false
      compare_with_old_bounds: false
      update_rhs_with_attack: false
      sb_coeff_thresh: 0.001
      sort_index: null
      sort_descending: true
      show_progress: false
      presplit_domains: null
      skip_getting_worst_domain: false
  attack:
    enabled: false
    beam_candidates: 8
    beam_depth: 7
    max_dive_fix_ratio: 0.8
    min_local_free_ratio: 0.2
    mip_start_iteration: 5
    mip_timeout: 30.0
    adv_pool_threshold: null
    refined_mip_attacker: false
    refined_batch_size: null
attack:
  pgd_order: input_bab
  pgd_steps: 100
  pgd_restarts: 30
  pgd_batch_size: 100000000
  pgd_early_stop: true
  pgd_lr_decay: 0.99
  pgd_alpha: auto
  pgd_alpha_scale: false
  pgd_loss_mode: null
  pgd_restart_when_stuck: false
  enable_mip_attack: false
  adv_saver: default_adv_saver
  adv_verifier: default_adv_verifier
  early_stop_condition: default_early_stop_condition
  adv_example_finalizer: default_adv_example_finalizer
  pgd_loss: default_pgd_loss
  cex_path: ./test_cex.txt
  attack_mode: PGD
  attack_tolerance: 0.0
  attack_func: attack_with_general_specs
  gama_lambda: 10.0
  gama_decay: 0.9
  check_clean: true
  input_split:
    pgd_steps: 100
    pgd_restarts: 30
    pgd_alpha: auto
  input_split_enhanced:
    pgd_steps: 200
    pgd_restarts: 500000
    pgd_alpha: auto
  input_split_check_adv:
    enabled: auto
    pgd_steps: 5
    pgd_restarts: 5
    pgd_alpha: auto
    max_num_domains: 10
debug:
  sanity_check: Full+Graph
  view_model: false
  lp_test: null
  rescale_vnnlib_ptb: null
  test_optimized_bounds: false
  test_optimized_bounds_after_n_iterations: 0
  print_verbose_decisions: false

Experiments at Sat Feb 21 18:54:46 2026 on d3233
Internal results will be saved to results/vggnet16_all_p_3/result_588.rank0.txt.

[ZRL] %%%%%%%%%%%%%%%%%%%%%%%%%%%%%%%%%%% idx: 0, vnnlib ID: 0 %%%%%%%%%%%%%%%%%%%%%%%%%%%%%%%%%%%
Using onnx /projects/air/dlverifier/vggnet16_all/onnx/vgg16-7.onnx
Using vnnlib /projects/air/dlverifier/vggnet16_all/vnnlib/n01980166_fiddler_crab_fix_nonmask_seg0_k50176_eps_0.0003.vnnlib
Precompiled vnnlib file found at /projects/air/dlverifier/vggnet16_all/vnnlib/n01980166_fiddler_crab_fix_nonmask_seg0_k50176_eps_0.0003.vnnlib.compiled
Loading cached onnx model from /projects/air/dlverifier/vggnet16_all/onnx/vgg16-7.onnx.cached
Cannot read cached onnx file. Regenerating...
Loading onnx /projects/air/dlverifier/vggnet16_all/onnx/vgg16-7.onnx with quirks {}
Finished onnx model loading in 43.0718 seconds
Number of perturbed inputs: 123729
WARNING: prioritizing attack due to too many perturbed pixels on VGG
Setting arguments.Config["attack"]["pgd_order"] to "before"
Setting bound_prop_method to crown
Attack parameters: initialization=uniform, steps=100, restarts=30, alpha=7.500126957893372e-05, initialization=uniform, GAMA=False
Model output of first 5 examples:
 tensor([[-1.99970707e-01,  2.47446465e+00, -1.09179330e+00, -1.75684369e+00,
         -1.28060734e+00,  1.83755621e-01, -2.50800997e-01, -7.08300948e-01,
         -2.89750874e-01, -7.24795341e-01, -3.72801751e-01,  3.31623018e-01,
          7.64682889e-01, -2.33052403e-01,  4.61888015e-01,  1.10544920e+00,
         -2.79935509e-01, -5.95305145e-01, -3.19034576e-01, -4.36326414e-01,
         -1.44218272e-02,  3.31769526e-01,  4.20952201e-01, -4.04767126e-01,
          1.16819024e-01, -8.11400712e-01,  2.11826801e-01, -7.72095680e-01,
         -8.09869051e-01,  6.42282844e-01, -3.68814915e-01,  4.77023035e-01,
         -4.64502722e-01, -8.72315168e-01, -1.24091434e+00,  1.69396520e-01,
          1.48621166e+00, -6.17722750e-01, -5.33300042e-01, -6.06542408e-01,
          1.84127420e-01, -1.20676577e+00, -1.38327277e+00, -4.73220289e-01,
         -8.72486293e-01, -6.76429927e-01,  2.71177620e-01, -9.90350783e-01,
         -1.15515149e+00,  3.18684876e-01,  1.03654563e+00, -1.57983303e+00,
         -4.77663457e-01, -2.59561893e-02, -6.74069583e-01, -5.55050194e-01,
         -2.76884019e-01, -1.34176707e+00,  3.61058086e-01,  2.10583895e-01,
          2.47163653e-01, -6.98847830e-01, -7.88928747e-01,  2.76868224e-01,
         -2.48653293e-01, -9.80766714e-01, -9.27614152e-01, -5.26269078e-01,
         -1.43929911e+00, -2.05420136e+00,  1.42661825e-01, -4.55353558e-02,
          1.52842045e-01,  9.96909142e-01,  9.78329897e-01,  6.76052511e-01,
          3.88940483e-01,  1.52194762e+00,  6.44800901e-01,  1.01438677e+00,
          9.66706038e-01, -1.64086020e+00,  5.36918044e-02, -5.39450765e-01,
         -1.03090093e-01, -2.15519831e-01, -5.72901249e-01,  4.92443927e-02,
          1.14862418e+00, -5.54645777e-01,  5.71102679e-01,  1.98523343e-01,
          4.97506857e-01,  1.02142775e+00,  1.13786900e+00, -7.91585922e-01,
          1.51508677e+00,  1.16888881e-01,  4.10168082e-01, -1.76920444e-01,
          9.10878897e-01, -9.41949248e-01, -1.55616868e+00,  1.19226682e+00,
         -6.74563706e-01, -1.60490227e+00, -3.45137358e-01,  2.15152185e-02,
         -8.74835998e-02, -1.01499808e+00,  3.27445939e-02,  9.25975025e-01,
         -1.85990363e-01,  7.54545867e-01,  5.05592406e-01, -5.03773391e-01,
         -8.48908901e-01,  5.42406328e-02, -4.09210205e-01, -1.13163471e+00,
         -9.33762908e-01, -8.82579744e-01, -8.57745409e-01, -1.71340501e+00,
         -7.85233259e-01, -1.18942809e+00,  8.57048690e-01,  8.83786753e-02,
          8.56606662e-01,  1.36689973e+00,  1.33604968e+00,  2.65598804e-01,
          1.32180572e+00,  8.07465613e-01,  5.05624473e-01,  8.31106782e-01,
          2.36989051e-01,  5.24044871e-01, -5.68755805e-01, -1.42028117e+00,
         -1.47581792e+00,  6.01392031e-01, -4.78236973e-02, -5.02364755e-01,
         -5.27276456e-01, -7.04567969e-01, -2.15174747e+00, -2.65074342e-01,
         -5.10019898e-01, -7.20774353e-01, -1.16856527e+00,  5.16244173e-01,
         -4.59570527e-01,  2.93655485e-01,  1.76059917e-01, -4.51611653e-02,
         -2.33628497e-01,  2.83770829e-01, -8.12044263e-01, -4.73291606e-01,
         -5.48093319e-01, -1.05445787e-01,  3.97316396e-01,  1.46378294e-01,
         -6.97912097e-01, -3.19785655e-01, -8.33039701e-01, -7.87632585e-01,
          1.68699116e-01, -4.70501870e-01, -5.35659850e-01, -7.28749514e-01,
         -1.11081707e+00, -5.80729663e-01, -8.91690493e-01, -4.70257342e-01,
         -1.38449025e+00, -4.42296237e-01, -3.55684072e-01, -1.32127297e+00,
         -1.28055990e+00, -4.42932785e-01,  3.52130234e-01, -2.18903124e-01,
          6.45620823e-01,  5.24703264e-01,  5.96134782e-01,  7.91167378e-01,
         -5.02879560e-01, -1.46676283e-02, -7.53825903e-01,  1.12531078e+00,
         -6.81946054e-03,  3.36476900e-02, -3.15837950e-01,  2.90235519e-01,
         -1.95053875e-01, -8.02279651e-01, -1.09170675e+00,  4.58344132e-01,
          9.39994752e-02, -1.05132740e-02,  6.10873587e-02,  1.27854443e+00,
          5.51229358e-01, -5.07999897e-01, -5.42995512e-01,  9.13616419e-02,
         -3.21556807e-01, -2.07757235e-01, -1.69029939e+00, -3.09914304e-03,
          1.55799501e-02,  2.82607347e-01, -1.22248270e-01, -7.45673105e-03,
         -1.06266126e-01,  7.52067566e-03, -2.08238676e-01,  7.08571300e-02,
          3.89801770e-01,  3.55086535e-01, -3.89133900e-01,  2.00147331e-01,
          4.07753736e-01, -7.90472746e-01,  1.23956976e-02, -7.23630726e-01,
         -6.61207259e-01,  3.99436206e-01, -5.98541379e-01,  8.77320543e-02,
         -4.30130005e-01,  9.34515074e-02, -4.68278304e-02, -4.78300937e-02,
         -8.73704851e-01, -1.69827640e-01, -7.21974194e-01,  1.86669484e-01,
         -3.69798481e-01, -5.52650630e-01,  1.56799674e-01, -9.19911623e-01,
         -9.16043147e-02,  1.74531028e-01, -1.26905167e+00, -1.22923419e-01,
         -2.50194877e-01, -3.03011052e-02, -3.56923938e-01, -8.08929145e-01,
          8.50062847e-01, -2.03361392e-01,  6.68130457e-01, -6.80900574e-01,
         -6.17458045e-01,  1.22035600e-01, -2.11264461e-01,  1.23584700e+00,
          1.17502391e+00, -2.34128758e-01, -1.60787955e-01,  7.38411546e-02,
         -1.33582324e-01,  7.74920344e-01, -3.21468800e-01, -1.40577063e-01,
         -1.61444497e+00,  7.77879179e-01,  1.07416585e-01,  1.47365284e+00,
          5.60265005e-01,  7.87338376e-01,  5.54217398e-01,  8.02770853e-02,
          8.77521113e-02,  1.60437286e+00,  4.89502370e-01,  6.01131797e-01,
          8.89321864e-01,  1.39029992e+00,  1.61813974e+00,  2.45166516e+00,
          1.64785361e+00,  8.57049823e-01,  1.20887116e-01,  8.53568554e-01,
          1.57424957e-01, -6.21989131e-01,  1.79824382e-01,  2.94107258e-01,
          4.54425216e-01,  2.10641950e-01, -1.15671977e-01, -6.42824471e-02,
          1.48654714e-01, -2.34731033e-01, -9.99075115e-01, -2.21756101e-01,
         -1.70345151e+00,  4.10269350e-02, -1.49118662e-01, -5.74269235e-01,
         -5.66403389e-01, -1.44025779e+00,  1.99907079e-01, -3.24873626e-01,
          4.59473468e-02,  1.27866015e-01,  9.31861579e-01,  4.54448491e-01,
         -3.32810521e-01,  1.23880529e+00,  9.65314209e-01,  2.39875913e-01,
         -2.59065479e-01, -9.04839933e-01,  3.19715351e-01,  5.45683563e-01,
         -1.05933160e-01, -1.48724103e+00, -1.33626556e+00, -6.56569600e-01,
         -1.43237329e+00, -1.33499289e+00, -1.30970705e+00, -8.19789469e-01,
         -9.13732231e-01, -9.27541256e-01,  1.29020542e-01,  9.70187724e-01,
          1.74291849e+00,  7.11580157e-01, -2.02445328e-01, -1.44928724e-01,
         -1.38221931e+00,  1.95282137e+00,  4.22185883e-02, -1.05157554e+00,
         -4.83649701e-01, -1.61123611e-02, -4.43899632e-01, -9.24481630e-01,
          2.75458843e-01, -1.10445440e+00, -8.04666102e-01, -3.93550918e-02,
         -2.14162064e+00, -1.59074271e+00, -2.02851582e+00, -1.36432874e+00,
         -3.41740280e-01, -1.07874107e+00, -1.28705418e+00, -1.16545367e+00,
          3.75950724e-01,  6.15289271e-01,  1.87813878e-01,  6.24959767e-02,
          3.98841828e-01,  3.45540047e-01,  4.34588075e-01, -3.41438860e-01,
         -8.73435080e-01,  2.84769535e-01, -3.75502080e-01, -3.06482166e-01,
          4.13123295e-02, -5.72232962e-01,  1.07303590e-01, -6.54011130e-01,
         -5.48509598e-01,  1.77797690e-01,  1.37912780e-01, -7.71375895e-01,
          4.68094260e-01,  3.74754012e-01,  8.56804729e-01, -2.77961969e-01,
          7.26769805e-01,  6.70953766e-02,  3.07417482e-01, -6.73576534e-01,
          3.64757180e-01, -4.09546435e-01, -8.15868258e-01, -8.72943550e-02,
         -1.08796036e+00, -9.27854031e-02, -1.29699039e+00, -1.90631717e-01,
         -2.73175895e-01, -1.10887384e+00, -9.97507811e-01,  1.15868337e-01,
         -1.03948855e+00, -7.59849429e-01, -3.16740453e-01,  3.22244972e-01,
         -5.49743474e-01,  3.59748721e-01,  5.77074364e-02, -1.64136600e+00,
         -4.85895276e-01,  8.16347599e-01,  8.46283436e-02,  3.35718423e-01,
         -1.01687920e+00,  1.90382481e+00, -6.49217129e-01,  7.28213131e-01,
          1.78170472e-01,  3.75585973e-01,  3.92382383e-01, -4.59983766e-01,
          8.14995050e-01,  1.42861748e+00,  1.23559356e+00,  2.93588609e-01,
          3.75552744e-01,  3.57326150e-01, -9.60886776e-01, -4.36010957e-01,
          5.68721235e-01,  5.20132124e-01,  6.85351431e-01, -6.26246572e-01,
          7.28742182e-02, -9.29343045e-01, -9.44324851e-01, -6.78076446e-01,
         -2.29593620e-01,  7.48775303e-01, -4.08616006e-01,  1.11827159e+00,
          2.03315273e-01, -3.65013570e-01,  7.79334366e-01,  2.82240272e-01,
         -2.04711556e-02,  1.21542120e+00,  6.67581856e-01,  2.96374559e-01,
         -5.35750806e-01, -5.62202036e-01,  1.61802173e+00, -5.08237958e-01,
         -4.20118392e-01,  1.20934212e+00, -1.36345351e+00, -3.63670588e-01,
         -7.88194895e-01,  5.36756456e-01, -8.40723753e-01, -2.21022405e-02,
          3.78687501e-01,  6.59109175e-01, -6.40743673e-01,  2.14842185e-01,
         -1.70948935e+00, -1.41874045e-01,  8.96002233e-01, -1.39795214e-01,
         -6.68860041e-03,  4.77637559e-01, -8.54590535e-01, -1.29975104e+00,
          9.80450630e-01,  6.62033737e-01,  1.64569187e+00, -1.08318007e+00,
          3.92095298e-01, -9.40909266e-01, -1.75222635e+00,  1.41072416e+00,
          1.63273585e+00, -1.06488883e+00, -5.20882249e-01, -6.27969503e-01,
          1.69309604e+00,  5.01009583e-01,  5.27923763e-01, -4.07234818e-01,
         -1.36085689e+00,  7.28661835e-01,  7.76818871e-01,  2.02776170e+00,
         -4.83307332e-01,  3.78251463e-01, -1.57828793e-01, -6.96200371e-01,
         -3.16217452e-01,  7.42295206e-01,  9.03936863e-01,  1.16940546e+00,
         -5.11940956e-01,  9.49316978e-01,  1.33151150e+00,  4.04217809e-01,
         -1.99536312e+00,  1.93907142e-01, -7.01104641e-01,  8.92366767e-02,
          3.81646723e-01,  4.43632156e-03, -1.39117885e+00,  4.27824348e-01,
          1.17033637e+00, -1.04029751e+00, -1.23237169e+00, -3.41242254e-01,
         -4.19166654e-01, -7.74419755e-02, -1.00127280e+00, -3.81246060e-01,
         -1.63131571e+00,  4.54055518e-01,  2.21702531e-01, -9.95592713e-01,
         -5.86412191e-01,  2.00245127e-01, -1.00745535e+00, -3.38963389e-01,
         -5.82392454e-01, -1.66720104e+00,  4.18220073e-01,  1.50392103e+00,
         -4.01120484e-01, -8.81347120e-01,  1.95926619e+00,  9.45665359e-01,
          5.06771982e-01, -4.84918863e-01,  1.30933869e+00, -1.77193499e+00,
         -8.90209317e-01, -1.03790486e+00,  5.60527325e-01,  1.47068238e+00,
         -1.95141166e-01, -9.44968760e-01,  1.25416350e+00, -1.12703681e+00,
         -1.61222622e-01,  3.92947227e-01,  7.75885060e-02, -1.49580574e+00,
          1.51418281e+00,  1.31051862e+00, -1.00663555e+00, -1.15237963e+00,
          1.20533895e+00,  7.13704467e-01, -6.44214094e-01,  5.24771571e-01,
          4.38895750e+00,  2.22739220e+00,  5.21228373e-01,  4.36226904e-01,
         -8.15109253e-01, -1.95835218e-01,  2.93185425e+00,  3.78775835e-01,
          9.48816836e-02,  1.59310389e+00, -3.23695064e-01,  1.68166935e-01,
          3.68685067e-01, -1.23477113e+00, -8.73599350e-02, -9.30213630e-01,
          9.79106069e-01, -9.14946198e-01, -6.19679153e-01, -2.48294547e-01,
         -1.02068174e+00,  9.61439252e-01,  1.07411377e-01,  1.75077057e+00,
          1.73771572e+00,  3.73629779e-01, -1.00673521e+00, -9.23383296e-01,
          4.06371832e-01,  3.88456374e-01, -8.72554839e-01, -1.66445211e-01,
          6.84918106e-01,  5.98565713e-02,  9.04604554e-01,  3.05429983e+00,
         -2.79823154e-01,  3.79970938e-01, -1.11152172e-01, -7.72696853e-01,
          9.60912257e-02, -1.42358696e+00,  1.94384015e+00,  1.22339165e+00,
          4.82749730e-01, -5.42216420e-01,  1.38260090e+00, -1.28759682e+00,
          4.28678215e-01,  1.30839467e+00,  2.40814667e-02,  6.78156555e-01,
          7.79463127e-02,  8.00173134e-02,  3.23884696e-01,  1.21285212e+00,
          1.42974332e-02, -2.75295347e-01,  3.86173755e-01, -6.01727426e-01,
         -2.43448094e-02, -4.36170101e-01,  5.18384755e-01,  2.45018339e+00,
          2.05496645e+00,  9.83426571e-02,  5.55536807e-01,  8.45427439e-02,
         -4.49058563e-01, -6.23658717e-01,  1.05242729e+00,  3.02176684e-01,
         -1.36469936e+00,  7.41836607e-01, -1.00007880e+00, -5.09006083e-01,
          2.27501416e+00,  6.03585579e-02, -1.29681575e+00,  2.79075243e-02,
          5.69317937e-01, -4.75532301e-02, -5.61499223e-02, -4.44188118e-01,
         -1.59538853e+00, -1.02410570e-01,  6.47179876e-03, -4.05757725e-01,
          1.32850266e+00, -1.61421061e+00,  4.77601230e-01,  8.98894370e-02,
          1.02354205e+00, -1.71196485e+00,  1.47096634e+00,  3.21782851e+00,
         -7.35233247e-01, -6.13030791e-01, -3.57958913e-01,  8.33086073e-01,
          2.62241393e-01,  9.18532610e-01, -9.82517660e-01, -2.07001157e-03,
          9.24393237e-01, -1.18096340e+00,  3.49968821e-01, -1.49496877e+00,
          3.16937566e+00, -1.10831909e-01, -1.22720408e+00, -5.88356555e-01,
         -7.61496648e-02,  1.27301276e+00,  9.41348821e-02,  5.03737107e-02,
          3.68699431e-01,  9.21746612e-01, -3.75595272e-01, -9.68639925e-02,
         -1.09471297e+00, -2.26129681e-01, -1.75275907e-01, -1.35763633e+00,
          2.70684995e-02,  1.35751748e+00, -1.50310516e-01,  1.22231971e-02,
         -4.20998245e-01,  1.99376389e-01, -1.30235493e+00, -5.42999148e-01,
          2.25523639e+00, -7.17576623e-01, -1.97330678e+00, -3.77521724e-01,
          9.15284574e-01,  3.75140458e-01, -1.71522692e-01,  3.71399343e-01,
          6.89445615e-01, -4.05213416e-01,  6.95310384e-02, -7.73179978e-02,
          6.30121678e-02,  4.01643902e-01,  3.91597241e-01,  1.43750772e-01,
          1.05415809e+00, -5.54715931e-01, -2.96795428e-01,  8.63088012e-01,
         -8.59773695e-01,  7.18172789e-01, -4.21966106e-01,  8.90761018e-01,
          1.10033393e+00,  4.59621251e-01, -4.45992500e-02, -1.22513151e+00,
          6.82991982e-01, -5.37813067e-01,  6.04541540e-01, -4.90765780e-01,
         -2.40550652e-01,  3.41668695e-01,  8.04058492e-01, -1.11225471e-02,
         -1.43354607e+00,  7.21868575e-01, -1.97692609e+00,  7.76334345e-01,
          3.55852246e-01, -4.71541882e-01, -1.72856712e+00,  7.85891712e-01,
         -2.47445300e-01,  1.51814759e+00, -8.42015147e-01, -2.47813508e-01,
          4.33999836e-01, -7.93364868e-02,  4.77827936e-01, -1.71175587e+00,
         -9.66770768e-01,  1.99911249e+00, -4.39867556e-01, -7.10646510e-02,
          8.84285212e-01,  1.20534647e+00, -2.13616669e-01,  1.62901357e-01,
         -6.79619014e-02,  8.33923578e-01,  4.88780260e-01, -1.60580367e-01,
          5.17018676e-01,  1.95211112e+00,  8.39694262e-01, -1.33141041e+00,
          3.98284137e-01,  6.58107847e-02, -1.75660938e-01,  4.42622811e-01,
          9.88324642e-01,  1.37679946e+00,  4.58261818e-01, -1.62836641e-01,
          8.85578394e-01, -4.20384735e-01,  2.15087414e+00,  2.72633106e-01,
         -1.40802300e+00,  3.32342654e-01, -1.19571066e+00,  5.22925794e-01,
          1.07624269e+00,  3.86615008e-01, -1.15597999e+00,  2.58529752e-01,
          7.00692415e-01, -1.86274678e-01, -7.38030076e-01,  1.80997133e-01,
         -6.66575193e-01,  5.76599777e-01,  2.93682194e+00, -1.29372090e-01,
          8.08849216e-01, -8.74266028e-01, -1.26743412e+00, -1.79498971e-01,
         -4.86095488e-01,  2.81393623e+00, -2.72395045e-01,  5.03543556e-01,
          2.94911563e-02,  5.24340451e-01,  3.48099923e+00, -9.91219506e-02,
          2.80123446e-02,  6.53562427e-01, -2.90105075e-01,  2.85140467e+00,
          7.80375898e-01, -3.92708540e-01,  9.20700654e-02,  2.14393228e-01,
         -2.67981768e-01, -3.82802635e-01, -1.46287894e+00,  1.89317375e-01,
         -1.43906260e+00,  6.72946870e-01,  4.07409668e-01,  1.69781828e+00,
          1.08110619e+00,  3.62363718e-02,  1.23256966e-01,  2.21446824e+00,
         -3.68824005e-01, -6.81010261e-03,  1.97324634e+00,  2.34615850e+00,
         -1.04000652e+00, -1.30077034e-01,  3.76765788e-01, -6.25749409e-01,
         -4.46966588e-02, -1.12936366e+00,  2.84350842e-01,  1.91778183e+00,
          6.41165257e-01, -2.40386292e-01, -5.42470455e-01,  7.08782256e-01,
         -1.06188381e+00, -1.49984038e+00,  3.09765875e-01, -1.41240847e+00,
         -3.26080956e-02,  4.85615075e-01, -4.74611521e-01,  1.32876724e-01,
          8.81919086e-01, -1.15425217e+00, -3.03452432e-01,  8.39938521e-01,
          8.33512127e-01,  1.19953668e+00,  1.31798124e+00, -6.07429385e-01,
          7.75790393e-01, -1.69525355e-01, -2.67752498e-01,  3.48387671e+00,
          4.64022249e-01, -1.03412890e+00,  3.01075006e+00,  1.08886719e-01,
         -2.52456880e+00, -1.64043948e-01, -3.18860970e-02,  7.28960395e-01,
         -2.37813611e-02,  5.71835220e-01,  9.85748112e-01, -1.25953686e+00,
         -6.73698306e-01, -7.57586002e-01, -6.40532851e-01,  4.65413511e-01,
          2.00493383e+00, -7.94808686e-01, -3.52297693e-01, -3.76795292e-01,
          9.84173119e-01, -1.20972104e-01, -1.54378593e+00,  5.11416078e-01,
          1.39724004e+00,  7.90391386e-01, -5.28348088e-01,  1.54881871e+00,
          1.04898870e+00,  4.66220826e-01,  2.89012581e-01,  8.32611322e-01,
          2.93013543e-01,  1.19968724e+00,  4.90908027e-01, -1.44213483e-01,
         -3.40647876e-01,  1.14350855e+00, -1.60115075e+00, -5.59196293e-01,
          2.96666861e+00, -1.71626627e-01,  1.85678053e+00, -1.00390649e+00,
          6.00000322e-01,  6.09270155e-01,  1.08779705e+00,  4.09779668e-01,
         -4.17120159e-02, -1.17351449e+00,  2.73015171e-01,  1.46541798e+00,
          6.23957729e+00,  5.49493551e+00,  4.10356611e-01,  2.04719782e-01,
         -8.30000639e-02,  8.14436018e-01, -5.07702708e-01,  6.32321179e-01,
         -6.74470246e-01, -1.74734807e+00, -6.70906425e-01, -1.82819173e-01,
          1.55763030e+00,  1.12689391e-01, -7.52539784e-02,  2.37277359e-01,
          1.55253911e+00,  1.75804722e+00,  1.42178369e+00, -1.49712384e-01,
         -2.03090286e+00,  1.40176797e+00,  2.71861494e-01, -7.29025900e-01,
         -1.32685041e+00,  3.50677431e-01, -5.99675596e-01, -6.86107278e-01,
         -1.17509890e+00, -1.27948749e+00, -1.05142677e+00, -6.93949938e-01,
         -9.53006625e-01, -7.69129217e-01, -9.35415149e-01, -5.87699533e-01,
         -1.34633482e+00, -9.16153848e-01, -2.50824511e-01, -4.93256927e-01,
         -2.47220898e+00, -1.65741563e-01, -7.52076983e-01,  4.06869829e-01,
          2.39515185e-01,  8.64479244e-01,  1.12116659e+00,  4.84533347e-02,
         -1.10823631e+00, -9.14371908e-02, -1.59471899e-01, -1.18171954e+00,
         -1.50420451e+00, -1.20295040e-01, -2.77080327e-01, -1.35338902e+00,
         -8.34914744e-01, -1.06386721e+00,  2.25153193e-02, -4.97958153e-01,
         -5.94834387e-01, -9.90637541e-01,  1.56494415e+00, -7.12364674e-01,
          5.68463802e-01, -8.83490890e-02, -1.16125262e+00,  2.29523396e+00,
         -1.40159500e+00, -5.38236380e-01,  1.21757543e+00,  1.24615777e+00,
         -1.65159869e+00, -4.55023259e-01, -1.10899970e-01, -1.01507866e+00,
          1.89747202e+00, -4.99408096e-02,  7.58114100e-01, -2.88771003e-01,
         -5.25039017e-01,  9.64372754e-01, -5.51561952e-01,  2.38347232e-01,
         -1.06736672e+00,  7.27884531e-01, -8.37202728e-01, -6.62343025e-01,
          1.33901015e-01, -1.27705097e+00, -1.46300530e+00, -6.30119264e-01,
         -6.25877023e-01, -1.69266415e+00,  2.92171687e-01, -3.39080572e-01]],
       device='cuda:0')
Adv example prediction (first 2 examples and 2 restarts):
 tensor([[[-1.59268007e-01,  2.53616786e+00, -1.09244251e+00, -1.76196051e+00,
          -1.31248510e+00,  2.22700521e-01, -2.54708767e-01, -7.33373761e-01,
          -2.94561327e-01, -7.62671530e-01, -4.33245480e-01,  2.56609052e-01,
           7.17015207e-01, -3.31789464e-01,  3.62032115e-01,  1.06524587e+00,
          -3.74359787e-01, -7.07520127e-01, -4.33952630e-01, -5.19954801e-01,
          -1.04765214e-01,  2.92002052e-01,  3.77571255e-01, -4.60286170e-01,
           1.09626830e-01, -8.56740773e-01,  2.31572270e-01, -7.70212352e-01,
          -8.32092345e-01,  6.51270866e-01, -4.22508568e-01,  4.47205722e-01,
          -4.67839956e-01, -8.25866640e-01, -1.21646726e+00,  1.51548028e-01,
           1.44790089e+00, -6.51529849e-01, -5.15401900e-01, -6.40671790e-01,
           1.19623214e-01, -1.21921372e+00, -1.41451132e+00, -4.99640256e-01,
          -9.02400136e-01, -6.76256120e-01,  1.89099059e-01, -1.00815117e+00,
          -1.18253577e+00,  2.65800536e-01,  9.57367063e-01, -1.57590747e+00,
          -4.92195517e-01, -7.98160210e-02, -7.02188253e-01, -6.06569886e-01,
          -3.16041350e-01, -1.39148021e+00,  3.14154238e-01,  1.34342894e-01,
           2.23135531e-01, -7.52349615e-01, -8.15293133e-01,  2.89108247e-01,
          -2.83380806e-01, -1.00110126e+00, -9.22228754e-01, -5.85436583e-01,
          -1.44965792e+00, -2.05293202e+00,  1.38592348e-01, -8.84242654e-02,
           8.01692680e-02,  9.94876146e-01,  9.39168930e-01,  6.64803088e-01,
           3.95456463e-01,  1.52965391e+00,  6.84143960e-01,  1.03865647e+00,
           9.25425291e-01, -1.70010889e+00,  3.48806381e-04, -5.38110256e-01,
          -1.61213100e-01, -2.85516679e-01, -6.06461763e-01,  9.35309753e-03,
           1.11092782e+00, -6.16592884e-01,  5.51790178e-01,  1.35234654e-01,
           4.24795717e-01,  9.60905313e-01,  1.09549081e+00, -8.56507421e-01,
           1.46704733e+00,  5.73702939e-02,  3.52101117e-01, -2.53765494e-01,
           8.64268541e-01, -9.66565907e-01, -1.55735481e+00,  1.18960500e+00,
          -7.12059200e-01, -1.66619098e+00, -3.08004558e-01,  1.24270633e-01,
          -3.51109356e-02, -9.70161021e-01,  1.12955071e-01,  1.01296985e+00,
          -1.44040048e-01,  7.60257363e-01,  5.03693581e-01, -4.40877050e-01,
          -7.78500974e-01,  8.60408992e-02, -3.99698079e-01, -1.10107422e+00,
          -1.00477326e+00, -8.56240392e-01, -8.67030382e-01, -1.70649028e+00,
          -8.09740663e-01, -1.19471991e+00,  9.39982712e-01,  1.81070790e-02,
           7.61995792e-01,  1.29364097e+00,  1.27897549e+00,  1.54502600e-01,
           1.22022128e+00,  7.32282758e-01,  4.00620759e-01,  7.27495909e-01,
           1.36735618e-01,  4.32615638e-01, -6.35040462e-01, -1.48338425e+00,
          -1.54349732e+00,  5.16764343e-01, -1.31100088e-01, -5.81160784e-01,
          -5.97939432e-01, -7.40095675e-01, -2.22216892e+00, -2.36603558e-01,
          -5.35107553e-01, -6.76232517e-01, -1.13987744e+00,  5.66727161e-01,
          -3.96509498e-01,  3.63125861e-01,  2.63490766e-01,  2.73811780e-02,
          -1.50674686e-01,  3.54986697e-01, -7.82634318e-01, -4.47873920e-01,
          -4.59766358e-01, -5.45006804e-02,  4.50645566e-01,  2.19248548e-01,
          -6.98091030e-01, -2.91405082e-01, -8.33351612e-01, -7.42869914e-01,
           1.98993802e-01, -4.25083548e-01, -4.66824740e-01, -7.65124083e-01,
          -1.13770878e+00, -5.60570240e-01, -8.85488868e-01, -3.33157778e-01,
          -1.33524621e+00, -3.95982772e-01, -3.37128311e-01, -1.29126775e+00,
          -1.28456724e+00, -3.89696419e-01,  4.33384866e-01, -1.71842441e-01,
           7.08948553e-01,  6.30816758e-01,  6.99779391e-01,  9.07492697e-01,
          -4.18243587e-01,  8.97621289e-02, -6.61685944e-01,  1.23117387e+00,
           8.40414912e-02,  1.76701948e-01, -1.72918484e-01,  2.99744934e-01,
          -1.10121883e-01, -7.45721996e-01, -1.01904297e+00,  5.47132611e-01,
           1.91597119e-01,  8.87311026e-02,  1.40339330e-01,  1.34372747e+00,
           6.38204634e-01, -4.92291242e-01, -5.12978435e-01,  1.94794685e-01,
          -2.76020318e-01, -1.76763982e-01, -1.65180767e+00,  5.29532209e-02,
           1.09610900e-01,  3.84146959e-01, -2.56008916e-02,  3.76340933e-02,
           2.66980939e-03,  2.57193372e-02, -1.35428652e-01,  2.06836820e-01,
           5.00562310e-01,  4.18704867e-01, -3.56641769e-01,  2.32023001e-01,
           4.33408767e-01, -7.82125592e-01,  1.36446014e-01, -6.94888115e-01,
          -5.93317688e-01,  4.86254036e-01, -5.44537067e-01,  1.40302747e-01,
          -3.98885429e-01,  1.80167362e-01, -1.82697549e-02,  1.27041684e-02,
          -8.65743577e-01, -1.60289377e-01, -6.97438657e-01,  2.44561926e-01,
          -3.49891305e-01, -5.36518514e-01,  1.77025229e-01, -8.83616328e-01,
           3.46337864e-03,  1.91230297e-01, -1.25580812e+00, -6.67398572e-02,
          -2.46330619e-01, -3.96035872e-02, -3.49304765e-01, -7.92512715e-01,
           9.58877623e-01, -2.07697868e-01,  7.00812697e-01, -6.24650896e-01,
          -5.73087335e-01,  1.75750941e-01, -1.72865510e-01,  1.30543029e+00,
           1.28001058e+00, -1.95424035e-01, -6.60780594e-02,  1.22141033e-01,
          -1.06252357e-01,  8.44292879e-01, -2.46255964e-01, -1.11204565e-01,
          -1.59216619e+00,  7.83465624e-01,  1.13316275e-01,  1.47804439e+00,
           5.40456355e-01,  8.02201271e-01,  5.49147785e-01,  6.51333481e-02,
           1.10812008e-01,  1.58425248e+00,  4.51134562e-01,  6.05705202e-01,
           8.90875518e-01,  1.42803037e+00,  1.68155205e+00,  2.53055429e+00,
           1.65707386e+00,  8.90754938e-01,  1.16436616e-01,  8.45991254e-01,
           1.55753404e-01, -6.35811806e-01,  1.55008137e-01,  3.20820481e-01,
           4.56109464e-01,  1.96684733e-01, -6.68917447e-02, -7.76747465e-02,
           2.04369619e-01, -2.34092832e-01, -1.01839304e+00, -2.01048046e-01,
          -1.72398865e+00,  3.70228291e-02, -1.53078333e-01, -6.18275762e-01,
          -5.69328010e-01, -1.49980772e+00,  1.45078316e-01, -3.71671736e-01,
           1.12845730e-02,  1.19485475e-01,  9.08306897e-01,  4.02889729e-01,
          -3.70447248e-01,  1.20212615e+00,  9.61192429e-01,  2.12407351e-01,
          -2.71800488e-01, -9.14740980e-01,  3.40680301e-01,  5.10648549e-01,
          -1.70523226e-01, -1.49686885e+00, -1.34282231e+00, -6.87755823e-01,
          -1.46825194e+00, -1.34049535e+00, -1.33836377e+00, -7.92302072e-01,
          -8.81336927e-01, -8.62743437e-01,  1.57513440e-01,  9.84288871e-01,
           1.82031751e+00,  7.67668962e-01, -1.68240383e-01, -1.09960288e-01,
          -1.37385678e+00,  1.94763279e+00,  1.12091213e-01, -1.03219688e+00,
          -5.16215861e-01,  1.77289955e-02, -4.54662085e-01, -9.41244006e-01,
           2.53658593e-01, -1.08148408e+00, -8.32944632e-01, -3.51049379e-02,
          -2.16519737e+00, -1.61627769e+00, -2.03569770e+00, -1.36155319e+00,
          -3.95228356e-01, -1.09887147e+00, -1.28052056e+00, -1.12843418e+00,
           4.10719275e-01,  6.34064317e-01,  2.25846753e-01,  1.24748126e-01,
           4.11628515e-01,  3.55796486e-01,  4.50863481e-01, -3.55208695e-01,
          -8.81006420e-01,  3.15430880e-01, -4.10255551e-01, -3.14921409e-01,
           4.07749489e-02, -5.77215552e-01,  8.50082114e-02, -6.28653467e-01,
          -5.62020302e-01,  1.78745657e-01,  1.21611759e-01, -8.07271421e-01,
           4.51888323e-01,  3.87668937e-01,  8.22667897e-01, -2.88358361e-01,
           7.67057836e-01,  2.96263769e-02,  2.82606542e-01, -7.21480429e-01,
           3.58713001e-01, -4.14491594e-01, -8.31139565e-01, -6.24489039e-02,
          -1.12670016e+00, -6.28769696e-02, -1.28429925e+00, -1.89144790e-01,
          -1.90730453e-01, -1.10744882e+00, -9.89952147e-01,  1.29574284e-01,
          -1.02956140e+00, -7.41530061e-01, -3.45892787e-01,  3.07215631e-01,
          -5.58054984e-01,  3.47863883e-01,  5.21838441e-02, -1.67134356e+00,
          -5.05446911e-01,  8.05205643e-01,  5.59449643e-02,  3.67413819e-01,
          -1.04215550e+00,  1.96035540e+00, -6.70379281e-01,  7.14228809e-01,
           1.77561253e-01,  3.22595596e-01,  4.00054693e-01, -4.65619683e-01,
           8.16408634e-01,  1.48022068e+00,  1.22623336e+00,  3.17198902e-01,
           3.68345648e-01,  3.26457411e-01, -9.70200598e-01, -4.79678810e-01,
           5.23737788e-01,  4.95293677e-01,  6.94797993e-01, -6.27995014e-01,
           5.47569059e-02, -9.66310978e-01, -9.35169995e-01, -6.99684381e-01,
          -2.60092556e-01,  7.35353172e-01, -3.81297976e-01,  1.11449325e+00,
           1.88726574e-01, -3.69383126e-01,  7.80983686e-01,  3.21576953e-01,
          -2.46932209e-02,  1.23868847e+00,  6.72826707e-01,  2.94658005e-01,
          -5.63517630e-01, -5.68567693e-01,  1.64750171e+00, -5.56503296e-01,
          -4.96333182e-01,  1.15740824e+00, -1.39395201e+00, -3.45550060e-01,
          -7.83848643e-01,  4.94588792e-01, -9.06286478e-01, -1.11951865e-02,
           3.44230831e-01,  6.31277442e-01, -6.74284339e-01,  2.00853929e-01,
          -1.73829877e+00, -9.42108929e-02,  8.81855845e-01, -1.17368855e-01,
           3.56959775e-02,  4.72677082e-01, -8.90366435e-01, -1.30596292e+00,
           9.77759659e-01,  7.05487788e-01,  1.66580391e+00, -1.12567186e+00,
           3.61887246e-01, -9.68305290e-01, -1.78196990e+00,  1.39337468e+00,
           1.64531589e+00, -1.06355023e+00, -5.49161434e-01, -6.53783023e-01,
           1.71478498e+00,  5.08778036e-01,  5.48484743e-01, -4.31198597e-01,
          -1.37203789e+00,  7.53886878e-01,  7.36008346e-01,  2.06571770e+00,
          -5.09362400e-01,  3.77502501e-01, -1.51438937e-01, -6.98716462e-01,
          -3.28506351e-01,  7.66047060e-01,  8.79328847e-01,  1.12450898e+00,
          -4.73552674e-01,  9.54578519e-01,  1.37163138e+00,  4.06454295e-01,
          -2.03908253e+00,  2.03151062e-01, -7.14179516e-01,  6.70312643e-02,
           3.87656003e-01, -1.96056515e-02, -1.36862195e+00,  4.28014755e-01,
           1.16622055e+00, -1.08534288e+00, -1.24680328e+00, -3.41357112e-01,
          -4.63346571e-01, -9.75501686e-02, -9.73899126e-01, -4.15196896e-01,
          -1.67963529e+00,  4.33839291e-01,  1.68090746e-01, -1.02313745e+00,
          -6.30136073e-01,  1.98511630e-01, -9.97027099e-01, -4.06328589e-01,
          -5.97177386e-01, -1.68914044e+00,  3.48902285e-01,  1.50206196e+00,
          -4.30967122e-01, -8.91329765e-01,  1.96984816e+00,  9.73747790e-01,
           4.30077553e-01, -4.84626800e-01,  1.32926571e+00, -1.82353830e+00,
          -9.51358676e-01, -1.05352509e+00,  5.62218428e-01,  1.50878775e+00,
          -1.94149733e-01, -9.56829667e-01,  1.23834717e+00, -1.16189456e+00,
          -1.25157192e-01,  3.71783078e-01,  7.11811259e-02, -1.48498797e+00,
           1.53921437e+00,  1.32926381e+00, -1.04383361e+00, -1.13614237e+00,
           1.24927270e+00,  7.12260365e-01, -6.35314822e-01,  5.79778433e-01,
           4.46447754e+00,  2.22818732e+00,  4.88565564e-01,  4.39659625e-01,
          -8.52795959e-01, -2.39412948e-01,  2.93925714e+00,  3.71561617e-01,
           4.79754619e-02,  1.55952120e+00, -3.59133542e-01,  2.10517615e-01,
           3.95672947e-01, -1.21831977e+00, -1.14527822e-01, -9.42590773e-01,
           9.61069524e-01, -9.40052330e-01, -6.29867673e-01, -2.71361738e-01,
          -1.03449440e+00,  9.96902525e-01,  9.20289233e-02,  1.68412066e+00,
           1.70133388e+00,  3.83646667e-01, -1.02782321e+00, -9.29580748e-01,
           4.37290192e-01,  4.17021960e-01, -8.97316635e-01, -2.13260338e-01,
           6.98497713e-01,  3.90805006e-02,  9.40468311e-01,  3.08026218e+00,
          -2.64622450e-01,  3.36704642e-01, -1.31933644e-01, -7.54314601e-01,
           6.62411228e-02, -1.41538131e+00,  1.95545483e+00,  1.29012764e+00,
           4.51003283e-01, -5.58370650e-01,  1.38667917e+00, -1.30957234e+00,
           4.00311708e-01,  1.33231509e+00, -3.90740484e-02,  7.02584624e-01,
           7.14438185e-02,  6.53723180e-02,  3.49065989e-01,  1.22422731e+00,
          -2.07553580e-02, -2.90299028e-01,  3.74699116e-01, -5.88213623e-01,
          -3.31947729e-02, -4.77004886e-01,  5.17794609e-01,  2.43453097e+00,
           2.07353258e+00,  9.28993821e-02,  5.11594236e-01,  8.95384029e-02,
          -4.79859620e-01, -5.90579629e-01,  1.08324397e+00,  3.14455420e-01,
          -1.37589407e+00,  7.57508337e-01, -1.02219057e+00, -4.98029858e-01,
           2.29822946e+00,  4.35020216e-02, -1.33293879e+00,  5.81416897e-02,
           6.24499738e-01, -5.23925312e-02, -6.39412627e-02, -4.66501176e-01,
          -1.57953131e+00, -8.27609003e-02, -7.19424859e-02, -3.92616004e-01,
           1.32176971e+00, -1.63063979e+00,  5.22895575e-01,  8.76585245e-02,
           1.00961280e+00, -1.71383977e+00,  1.47420561e+00,  3.30053020e+00,
          -8.12869728e-01, -6.18351400e-01, -3.32575411e-01,  8.50223422e-01,
           2.57897228e-01,  9.28852081e-01, -9.63513315e-01,  3.54894809e-03,
           9.06231999e-01, -1.18324983e+00,  3.55710000e-01, -1.49230134e+00,
           3.18795300e+00, -1.50207728e-01, -1.24447012e+00, -6.02858722e-01,
          -7.72945210e-02,  1.24436128e+00,  5.23424633e-02,  8.53918493e-04,
           3.49373251e-01,  9.18868780e-01, -3.63628417e-01, -6.04064986e-02,
          -1.05862737e+00, -2.74835318e-01, -1.54348597e-01, -1.36900926e+00,
           5.12751974e-02,  1.34321296e+00, -1.42347425e-01, -1.08351279e-02,
          -4.50339705e-01,  2.00928763e-01, -1.31455123e+00, -6.08213186e-01,
           2.32863069e+00, -7.13715315e-01, -1.99435294e+00, -3.68391484e-01,
           9.61179197e-01,  3.31838250e-01, -1.61224768e-01,  3.33151966e-01,
           6.74995899e-01, -4.37537491e-01,  8.90573710e-02, -9.32373106e-02,
           8.38834494e-02,  4.10888106e-01,  3.70914847e-01,  7.13482499e-02,
           9.93436456e-01, -5.47268569e-01, -3.64588380e-01,  8.48882675e-01,
          -8.72622609e-01,  7.39096463e-01, -4.10320550e-01,  8.80695283e-01,
           1.16978514e+00,  4.29491013e-01, -3.42890769e-02, -1.22076571e+00,
           6.20507717e-01, -5.23451209e-01,  5.76848924e-01, -5.40132523e-01,
          -2.28797093e-01,  3.76129508e-01,  8.03782344e-01, -5.47353104e-02,
          -1.47219491e+00,  7.04325497e-01, -1.99306870e+00,  7.86435723e-01,
           3.52492929e-01, -4.72301841e-01, -1.73251641e+00,  7.74578094e-01,
          -2.35886112e-01,  1.51521671e+00, -8.38249326e-01, -2.26721272e-01,
           4.14805412e-01, -7.33736679e-02,  4.65427846e-01, -1.70447206e+00,
          -1.01123118e+00,  2.06500697e+00, -4.82983828e-01, -1.37900531e-01,
           8.98621440e-01,  1.16734052e+00, -2.14912161e-01,  1.60382956e-01,
          -4.16208357e-02,  8.34292710e-01,  5.11930525e-01, -1.88649058e-01,
           5.04115760e-01,  1.95091450e+00,  8.68023038e-01, -1.32040429e+00,
           4.07084048e-01,  8.63775909e-02, -2.00993627e-01,  4.35742080e-01,
           1.03629315e+00,  1.38876069e+00,  4.07624215e-01, -1.94402635e-01,
           8.49462688e-01, -4.65834171e-01,  2.23162699e+00,  2.61933833e-01,
          -1.43343115e+00,  3.38227123e-01, -1.25978601e+00,  5.07530212e-01,
           1.08143651e+00,  3.67566288e-01, -1.21276259e+00,  2.78277516e-01,
           7.03065693e-01, -1.77765444e-01, -7.44168520e-01,  2.03221411e-01,
          -6.93270802e-01,  6.10500813e-01,  2.99019337e+00, -1.66857362e-01,
           7.89521337e-01, -8.66889238e-01, -1.33769131e+00, -1.28028020e-01,
          -5.56083798e-01,  2.76895046e+00, -2.71608561e-01,  4.86178994e-01,
           2.23829672e-02,  5.25588691e-01,  3.48043990e+00, -1.24011405e-01,
           5.23653477e-02,  6.68420851e-01, -3.00548404e-01,  2.81775618e+00,
           8.04658771e-01, -3.60602379e-01,  6.96037933e-02,  2.44995743e-01,
          -2.62756497e-01, -4.06190664e-01, -1.48275745e+00,  1.89989895e-01,
          -1.41674697e+00,  6.76205814e-01,  3.97870779e-01,  1.76265681e+00,
           1.08829868e+00,  2.64802687e-02,  1.16803467e-01,  2.21402407e+00,
          -3.94455314e-01, -3.50364782e-02,  1.97470427e+00,  2.33898830e+00,
          -1.01767075e+00, -1.39861301e-01,  4.08429295e-01, -6.64382458e-01,
          -2.34151259e-02, -1.14749372e+00,  3.02139819e-01,  2.00873137e+00,
           6.83246434e-01, -2.29322031e-01, -5.61335802e-01,  6.90868974e-01,
          -1.07618487e+00, -1.51396286e+00,  2.91619390e-01, -1.43085504e+00,
          -5.97718395e-02,  4.57312882e-01, -4.42892969e-01,  1.18116237e-01,
           8.58723521e-01, -1.15545654e+00, -2.86800265e-01,  8.14736903e-01,
           8.45664740e-01,  1.20980704e+00,  1.29394281e+00, -6.40902579e-01,
           7.93986976e-01, -2.40311399e-01, -2.59896368e-01,  3.55837154e+00,
           5.32868564e-01, -1.10403872e+00,  3.01964068e+00,  1.36887953e-01,
          -2.52032065e+00, -1.51308820e-01, -5.43215536e-02,  7.18420684e-01,
          -5.92881739e-02,  5.71353614e-01,  9.90681827e-01, -1.28865886e+00,
          -6.61116540e-01, -7.78405845e-01, -6.27819538e-01,  5.12831688e-01,
           2.04351926e+00, -8.36515009e-01, -3.81759524e-01, -3.85123789e-01,
           9.32920158e-01, -1.13261692e-01, -1.55069602e+00,  4.99802738e-01,
           1.40579677e+00,  7.72043407e-01, -5.55771112e-01,  1.52345645e+00,
           1.04061627e+00,  4.37308669e-01,  2.53211766e-01,  8.14187527e-01,
           2.73320079e-01,  1.25943398e+00,  5.42187393e-01, -1.62600189e-01,
          -3.38364780e-01,  1.11774755e+00, -1.60894716e+00, -5.82582891e-01,
           2.96712351e+00, -1.21436141e-01,  1.85429609e+00, -1.04476154e+00,
           5.89097261e-01,  6.26296401e-01,  1.08227694e+00,  3.58567804e-01,
          -8.20734650e-02, -1.16770959e+00,  2.64879376e-01,  1.53253305e+00,
           6.25450039e+00,  5.42368650e+00,  4.43180144e-01,  1.68821409e-01,
          -6.88743889e-02,  8.36734474e-01, -5.18783927e-01,  6.64710641e-01,
          -7.06169128e-01, -1.77703941e+00, -6.72911108e-01, -2.34839827e-01,
           1.56062531e+00,  1.36614963e-01, -7.83834383e-02,  2.45518953e-01,
           1.62524366e+00,  1.80794168e+00,  1.40514851e+00, -1.18900783e-01,
          -2.02000093e+00,  1.46497309e+00,  3.10493946e-01, -7.25272119e-01,
          -1.31887865e+00,  3.69058698e-01, -5.66987276e-01, -6.68292105e-01,
          -1.14338756e+00, -1.27345479e+00, -1.03417623e+00, -6.73985362e-01,
          -9.23225462e-01, -7.37352312e-01, -9.03420091e-01, -5.59621215e-01,
          -1.30477190e+00, -8.87041986e-01, -2.07948342e-01, -4.80673611e-01,
          -2.48604369e+00, -1.45190358e-01, -7.62508750e-01,  3.92527580e-01,
           2.60535717e-01,  8.93698573e-01,  1.15062332e+00,  4.37796302e-02,
          -1.08924425e+00, -1.16476931e-01, -2.00243294e-01, -1.19251609e+00,
          -1.53538227e+00, -1.45234317e-01, -2.77363300e-01, -1.35164285e+00,
          -8.24356318e-01, -1.06913352e+00,  8.84390250e-02, -4.72668767e-01,
          -5.54824650e-01, -9.58703995e-01,  1.56281912e+00, -7.32758284e-01,
           5.51129639e-01, -6.32642508e-02, -1.15582395e+00,  2.30993009e+00,
          -1.40543485e+00, -4.68455136e-01,  1.27100706e+00,  1.22610438e+00,
          -1.63867176e+00, -4.74900216e-01, -1.24980286e-01, -1.00050759e+00,
           2.01371694e+00, -9.12275910e-02,  6.94407821e-01, -3.01370829e-01,
          -5.35921931e-01,  8.95139039e-01, -5.91455758e-01,  2.75540680e-01,
          -1.07599044e+00,  7.25158870e-01, -8.10746610e-01, -6.52288675e-01,
           1.59427434e-01, -1.24634707e+00, -1.48528099e+00, -6.27922595e-01,
          -5.93811274e-01, -1.71314979e+00,  3.01531941e-01, -3.73527974e-01]]],
       device='cuda:0')
PGD attack margin (first 2 examples and 10 specs):
 tensor([[[0.09630096]]], device='cuda:0')
number of violation:  0
Attack finished in 8.3854 seconds.
PGD attack failed
verified_status unknown
verified_success False
Total VNNLIB file length: 1, max property batch size: 1, total number of batches: 1

Properties batch 0, size 1
Remaining timeout: 1147.6235270500183
Verifying property 0 with 1 instances.
torch allclose failed: norm 8.889588571037166e-06
Model: BoundedModule(
  (/input-1): BoundInput(name=/input-1, inputs=[], perturbed=True)
  (/33): BoundParams(name=/33, inputs=[], perturbed=False)
  (/34): BoundParams(name=/34, inputs=[], perturbed=False)
  (/35): BoundParams(name=/35, inputs=[], perturbed=False)
  (/36): BoundParams(name=/36, inputs=[], perturbed=False)
  (/37): BoundParams(name=/37, inputs=[], perturbed=False)
  (/38): BoundParams(name=/38, inputs=[], perturbed=False)
  (/39): BoundParams(name=/39, inputs=[], perturbed=False)
  (/40): BoundParams(name=/40, inputs=[], perturbed=False)
  (/41): BoundParams(name=/41, inputs=[], perturbed=False)
  (/42): BoundParams(name=/42, inputs=[], perturbed=False)
  (/43): BoundParams(name=/43, inputs=[], perturbed=False)
  (/44): BoundParams(name=/44, inputs=[], perturbed=False)
  (/45): BoundParams(name=/45, inputs=[], perturbed=False)
  (/46): BoundParams(name=/46, inputs=[], perturbed=False)
  (/47): BoundParams(name=/47, inputs=[], perturbed=False)
  (/48): BoundParams(name=/48, inputs=[], perturbed=False)
  (/49): BoundParams(name=/49, inputs=[], perturbed=False)
  (/50): BoundParams(name=/50, inputs=[], perturbed=False)
  (/51): BoundParams(name=/51, inputs=[], perturbed=False)
  (/52): BoundParams(name=/52, inputs=[], perturbed=False)
  (/53): BoundParams(name=/53, inputs=[], perturbed=False)
  (/54): BoundParams(name=/54, inputs=[], perturbed=False)
  (/55): BoundParams(name=/55, inputs=[], perturbed=False)
  (/56): BoundParams(name=/56, inputs=[], perturbed=False)
  (/57): BoundParams(name=/57, inputs=[], perturbed=False)
  (/58): BoundParams(name=/58, inputs=[], perturbed=False)
  (/59): BoundParams(name=/59, inputs=[], perturbed=False)
  (/60): BoundParams(name=/60, inputs=[], perturbed=False)
  (/61): BoundParams(name=/61, inputs=[], perturbed=False)
  (/62): BoundParams(name=/62, inputs=[], perturbed=False)
  (/63): BoundParams(name=/63, inputs=[], perturbed=False)
  (/64): BoundParams(name=/64, inputs=[], perturbed=False)
  (/input): BoundConv(name=/input, inputs=[/input-1, /33, /34], perturbed=True)
  (/66): BoundRelu(name=/66, inputs=[/input], perturbed=True)
  (/input-4): BoundConv(name=/input-4, inputs=[/66, /35, /36], perturbed=True)
  (/68): BoundRelu(name=/68, inputs=[/input-4], perturbed=True)
  (/input-12): BoundConv(name=/input-12, inputs=[/input-8/add_3_4, /37, /38], perturbed=True)
  (/71): BoundRelu(name=/71, inputs=[/input-12], perturbed=True)
  (/input-16): BoundConv(name=/input-16, inputs=[/71, /39, /40], perturbed=True)
  (/73): BoundRelu(name=/73, inputs=[/input-16], perturbed=True)
  (/input-24): BoundConv(name=/input-24, inputs=[/input-20/add_3_4, /41, /42], perturbed=True)
  (/76): BoundRelu(name=/76, inputs=[/input-24], perturbed=True)
  (/input-28): BoundConv(name=/input-28, inputs=[/76, /43, /44], perturbed=True)
  (/78): BoundRelu(name=/78, inputs=[/input-28], perturbed=True)
  (/input-32): BoundConv(name=/input-32, inputs=[/78, /45, /46], perturbed=True)
  (/80): BoundRelu(name=/80, inputs=[/input-32], perturbed=True)
  (/input-40): BoundConv(name=/input-40, inputs=[/input-36/add_3_4, /47, /48], perturbed=True)
  (/83): BoundRelu(name=/83, inputs=[/input-40], perturbed=True)
  (/input-44): BoundConv(name=/input-44, inputs=[/83, /49, /50], perturbed=True)
  (/85): BoundRelu(name=/85, inputs=[/input-44], perturbed=True)
  (/input-48): BoundConv(name=/input-48, inputs=[/85, /51, /52], perturbed=True)
  (/87): BoundRelu(name=/87, inputs=[/input-48], perturbed=True)
  (/input-56): BoundConv(name=/input-56, inputs=[/input-52/add_3_4, /53, /54], perturbed=True)
  (/90): BoundRelu(name=/90, inputs=[/input-56], perturbed=True)
  (/input-60): BoundConv(name=/input-60, inputs=[/90, /55, /56], perturbed=True)
  (/92): BoundRelu(name=/92, inputs=[/input-60], perturbed=True)
  (/input-64): BoundConv(name=/input-64, inputs=[/92, /57, /58], perturbed=True)
  (/94): BoundRelu(name=/94, inputs=[/input-64], perturbed=True)
  (/96): BoundFlatten(name=/96, inputs=[/95/add_3_4], perturbed=True)
  (/input-68): BoundLinear(name=/input-68, inputs=[/96, /59, /60], perturbed=True)
  (/98): BoundRelu(name=/98, inputs=[/input-68], perturbed=True)
  (/99): BoundFlatten(name=/99, inputs=[/98], perturbed=True)
  (/input-72): BoundLinear(name=/input-72, inputs=[/99, /61, /62], perturbed=True)
  (/101): BoundRelu(name=/101, inputs=[/input-72], perturbed=True)
  (/102): BoundFlatten(name=/102, inputs=[/101], perturbed=True)
  (/103): BoundLinear(name=/103, inputs=[/102, /63, /64], perturbed=True)
  (/input-8/conv_1): BoundConv(name=/input-8/conv_1, inputs=[/68, /input-8/conv_1_w], perturbed=True)
  (/input-8/conv_1_relu): BoundRelu(name=/input-8/conv_1_relu, inputs=[/input-8/conv_1], perturbed=True)
  (/input-8/conv_1_w): BoundParams(name=/input-8/conv_1_w, inputs=[], perturbed=False)
  (/input-8/conv_2): BoundConv(name=/input-8/conv_2, inputs=[/68, /input-8/conv_2_w], perturbed=True)
  (/input-8/conv_2_w): BoundParams(name=/input-8/conv_2_w, inputs=[], perturbed=False)
  (/input-8/conv_3): BoundConv(name=/input-8/conv_3, inputs=[/input-8/add_1_2, /input-8/conv_3_w], perturbed=True)
  (/input-8/conv_3_relu): BoundRelu(name=/input-8/conv_3_relu, inputs=[/input-8/conv_3], perturbed=True)
  (/input-8/conv_3_w): BoundParams(name=/input-8/conv_3_w, inputs=[], perturbed=False)
  (/input-8/conv_4): BoundConv(name=/input-8/conv_4, inputs=[/input-8/add_1_2, /input-8/conv_4_w], perturbed=True)
  (/input-8/conv_4_w): BoundParams(name=/input-8/conv_4_w, inputs=[], perturbed=False)
  (/input-8/add_1_2): BoundAdd(name=/input-8/add_1_2, inputs=[/input-8/conv_1_relu, /input-8/conv_2], perturbed=True)
  (/input-8/add_3_4): BoundAdd(name=/input-8/add_3_4, inputs=[/input-8/conv_3_relu, /input-8/conv_4], perturbed=True)
  (/input-20/conv_1): BoundConv(name=/input-20/conv_1, inputs=[/73, /input-20/conv_1_w], perturbed=True)
  (/input-20/conv_1_relu): BoundRelu(name=/input-20/conv_1_relu, inputs=[/input-20/conv_1], perturbed=True)
  (/input-20/conv_1_w): BoundParams(name=/input-20/conv_1_w, inputs=[], perturbed=False)
  (/input-20/conv_2): BoundConv(name=/input-20/conv_2, inputs=[/73, /input-20/conv_2_w], perturbed=True)
  (/input-20/conv_2_w): BoundParams(name=/input-20/conv_2_w, inputs=[], perturbed=False)
  (/input-20/conv_3): BoundConv(name=/input-20/conv_3, inputs=[/input-20/add_1_2, /input-20/conv_3_w], perturbed=True)
  (/input-20/conv_3_relu): BoundRelu(name=/input-20/conv_3_relu, inputs=[/input-20/conv_3], perturbed=True)
  (/input-20/conv_3_w): BoundParams(name=/input-20/conv_3_w, inputs=[], perturbed=False)
  (/input-20/conv_4): BoundConv(name=/input-20/conv_4, inputs=[/input-20/add_1_2, /input-20/conv_4_w], perturbed=True)
  (/input-20/conv_4_w): BoundParams(name=/input-20/conv_4_w, inputs=[], perturbed=False)
  (/input-20/add_1_2): BoundAdd(name=/input-20/add_1_2, inputs=[/input-20/conv_1_relu, /input-20/conv_2], perturbed=True)
  (/input-20/add_3_4): BoundAdd(name=/input-20/add_3_4, inputs=[/input-20/conv_3_relu, /input-20/conv_4], perturbed=True)
  (/input-36/conv_1): BoundConv(name=/input-36/conv_1, inputs=[/80, /input-36/conv_1_w], perturbed=True)
  (/input-36/conv_1_relu): BoundRelu(name=/input-36/conv_1_relu, inputs=[/input-36/conv_1], perturbed=True)
  (/input-36/conv_1_w): BoundParams(name=/input-36/conv_1_w, inputs=[], perturbed=False)
  (/input-36/conv_2): BoundConv(name=/input-36/conv_2, inputs=[/80, /input-36/conv_2_w], perturbed=True)
  (/input-36/conv_2_w): BoundParams(name=/input-36/conv_2_w, inputs=[], perturbed=False)
  (/input-36/conv_3): BoundConv(name=/input-36/conv_3, inputs=[/input-36/add_1_2, /input-36/conv_3_w], perturbed=True)
  (/input-36/conv_3_relu): BoundRelu(name=/input-36/conv_3_relu, inputs=[/input-36/conv_3], perturbed=True)
  (/input-36/conv_3_w): BoundParams(name=/input-36/conv_3_w, inputs=[], perturbed=False)
  (/input-36/conv_4): BoundConv(name=/input-36/conv_4, inputs=[/input-36/add_1_2, /input-36/conv_4_w], perturbed=True)
  (/input-36/conv_4_w): BoundParams(name=/input-36/conv_4_w, inputs=[], perturbed=False)
  (/input-36/add_1_2): BoundAdd(name=/input-36/add_1_2, inputs=[/input-36/conv_1_relu, /input-36/conv_2], perturbed=True)
  (/input-36/add_3_4): BoundAdd(name=/input-36/add_3_4, inputs=[/input-36/conv_3_relu, /input-36/conv_4], perturbed=True)
  (/input-52/conv_1): BoundConv(name=/input-52/conv_1, inputs=[/87, /input-52/conv_1_w], perturbed=True)
  (/input-52/conv_1_relu): BoundRelu(name=/input-52/conv_1_relu, inputs=[/input-52/conv_1], perturbed=True)
  (/input-52/conv_1_w): BoundParams(name=/input-52/conv_1_w, inputs=[], perturbed=False)
  (/input-52/conv_2): BoundConv(name=/input-52/conv_2, inputs=[/87, /input-52/conv_2_w], perturbed=True)
  (/input-52/conv_2_w): BoundParams(name=/input-52/conv_2_w, inputs=[], perturbed=False)
  (/input-52/conv_3): BoundConv(name=/input-52/conv_3, inputs=[/input-52/add_1_2, /input-52/conv_3_w], perturbed=True)
  (/input-52/conv_3_relu): BoundRelu(name=/input-52/conv_3_relu, inputs=[/input-52/conv_3], perturbed=True)
  (/input-52/conv_3_w): BoundParams(name=/input-52/conv_3_w, inputs=[], perturbed=False)
  (/input-52/conv_4): BoundConv(name=/input-52/conv_4, inputs=[/input-52/add_1_2, /input-52/conv_4_w], perturbed=True)
  (/input-52/conv_4_w): BoundParams(name=/input-52/conv_4_w, inputs=[], perturbed=False)
  (/input-52/add_1_2): BoundAdd(name=/input-52/add_1_2, inputs=[/input-52/conv_1_relu, /input-52/conv_2], perturbed=True)
  (/input-52/add_3_4): BoundAdd(name=/input-52/add_3_4, inputs=[/input-52/conv_3_relu, /input-52/conv_4], perturbed=True)
  (/95/conv_1): BoundConv(name=/95/conv_1, inputs=[/94, /95/conv_1_w], perturbed=True)
  (/95/conv_1_relu): BoundRelu(name=/95/conv_1_relu, inputs=[/95/conv_1], perturbed=True)
  (/95/conv_1_w): BoundParams(name=/95/conv_1_w, inputs=[], perturbed=False)
  (/95/conv_2): BoundConv(name=/95/conv_2, inputs=[/94, /95/conv_2_w], perturbed=True)
  (/95/conv_2_w): BoundParams(name=/95/conv_2_w, inputs=[], perturbed=False)
  (/95/conv_3): BoundConv(name=/95/conv_3, inputs=[/95/add_1_2, /95/conv_3_w], perturbed=True)
  (/95/conv_3_relu): BoundRelu(name=/95/conv_3_relu, inputs=[/95/conv_3], perturbed=True)
  (/95/conv_3_w): BoundParams(name=/95/conv_3_w, inputs=[], perturbed=False)
  (/95/conv_4): BoundConv(name=/95/conv_4, inputs=[/95/add_1_2, /95/conv_4_w], perturbed=True)
  (/95/conv_4_w): BoundParams(name=/95/conv_4_w, inputs=[], perturbed=False)
  (/95/add_1_2): BoundAdd(name=/95/add_1_2, inputs=[/95/conv_1_relu, /95/conv_2], perturbed=True)
  (/95/add_3_4): BoundAdd(name=/95/add_3_4, inputs=[/95/conv_3_relu, /95/conv_4], perturbed=True)
)
Model prediction is: tensor([-1.99970573e-01,  2.47446465e+00, -1.09179354e+00, -1.75684369e+00,
        -1.28060722e+00,  1.83755413e-01, -2.50801146e-01, -7.08300769e-01,
        -2.89750695e-01, -7.24795282e-01, -3.72802049e-01,  3.31622750e-01,
         7.64682591e-01, -2.33052954e-01,  4.61887628e-01,  1.10544896e+00,
        -2.79935956e-01, -5.95305562e-01, -3.19034934e-01, -4.36326832e-01,
        -1.44219836e-02,  3.31769526e-01,  4.20952678e-01, -4.04767245e-01,
         1.16819412e-01, -8.11400235e-01,  2.11827219e-01, -7.72095323e-01,
        -8.09868693e-01,  6.42283261e-01, -3.68814498e-01,  4.77023274e-01,
        -4.64502126e-01, -8.72314930e-01, -1.24091434e+00,  1.69396549e-01,
         1.48621166e+00, -6.17722809e-01, -5.33299983e-01, -6.06542468e-01,
         1.84127033e-01, -1.20676601e+00, -1.38327301e+00, -4.73220229e-01,
        -8.72486532e-01, -6.76429868e-01,  2.71177262e-01, -9.90350783e-01,
        -1.15515125e+00,  3.18684995e-01,  1.03654575e+00, -1.57983279e+00,
        -4.77663785e-01, -2.59565022e-02, -6.74069703e-01, -5.55050313e-01,
        -2.76884496e-01, -1.34176731e+00,  3.61058027e-01,  2.10583776e-01,
         2.47163892e-01, -6.98847830e-01, -7.88928807e-01,  2.76868075e-01,
        -2.48653233e-01, -9.80766654e-01, -9.27614033e-01, -5.26268959e-01,
        -1.43929887e+00, -2.05420113e+00,  1.42661855e-01, -4.55352068e-02,
         1.52841598e-01,  9.96909142e-01,  9.78329778e-01,  6.76052332e-01,
         3.88940394e-01,  1.52194762e+00,  6.44800782e-01,  1.01438701e+00,
         9.66706157e-01, -1.64086044e+00,  5.36917001e-02, -5.39450467e-01,
        -1.03090048e-01, -2.15520099e-01, -5.72901607e-01,  4.92441170e-02,
         1.14862382e+00, -5.54645896e-01,  5.71102262e-01,  1.98522538e-01,
         4.97506380e-01,  1.02142727e+00,  1.13786852e+00, -7.91586459e-01,
         1.51508653e+00,  1.16888732e-01,  4.10168111e-01, -1.76920384e-01,
         9.10879195e-01, -9.41949129e-01, -1.55616844e+00,  1.19226694e+00,
        -6.74563468e-01, -1.60490239e+00, -3.45137089e-01,  2.15152185e-02,
        -8.74834210e-02, -1.01499820e+00,  3.27449068e-02,  9.25975502e-01,
        -1.85990483e-01,  7.54545629e-01,  5.05592406e-01, -5.03773332e-01,
        -8.48908722e-01,  5.42404950e-02, -4.09210265e-01, -1.13163459e+00,
        -9.33762848e-01, -8.82579625e-01, -8.57745230e-01, -1.71340477e+00,
        -7.85233200e-01, -1.18942833e+00,  8.57049167e-01,  8.83787125e-02,
         8.56606722e-01,  1.36689949e+00,  1.33604980e+00,  2.65598685e-01,
         1.32180583e+00,  8.07465672e-01,  5.05624413e-01,  8.31106901e-01,
         2.36988813e-01,  5.24045050e-01, -5.68755865e-01, -1.42028117e+00,
        -1.47581792e+00,  6.01392031e-01, -4.78234664e-02, -5.02364874e-01,
        -5.27276456e-01, -7.04568028e-01, -2.15174770e+00, -2.65074313e-01,
        -5.10019660e-01, -7.20774174e-01, -1.16856539e+00,  5.16244471e-01,
        -4.59570080e-01,  2.93655694e-01,  1.76060230e-01, -4.51610796e-02,
        -2.33628377e-01,  2.83771068e-01, -8.12043905e-01, -4.73291308e-01,
        -5.48092782e-01, -1.05445683e-01,  3.97316396e-01,  1.46378621e-01,
        -6.97911680e-01, -3.19785386e-01, -8.33039343e-01, -7.87632346e-01,
         1.68699443e-01, -4.70501542e-01, -5.35659313e-01, -7.28749394e-01,
        -1.11081696e+00, -5.80729365e-01, -8.91690135e-01, -4.70256627e-01,
        -1.38448977e+00, -4.42295700e-01, -3.55684012e-01, -1.32127261e+00,
        -1.28055966e+00, -4.42932487e-01,  3.52130502e-01, -2.18902588e-01,
         6.45621181e-01,  5.24703562e-01,  5.96135378e-01,  7.91167855e-01,
        -5.02878904e-01, -1.46670397e-02, -7.53825426e-01,  1.12531126e+00,
        -6.81896880e-03,  3.36483978e-02, -3.15837175e-01,  2.90235817e-01,
        -1.95053279e-01, -8.02279234e-01, -1.09170628e+00,  4.58344668e-01,
         9.40001309e-02, -1.05125736e-02,  6.10879846e-02,  1.27854514e+00,
         5.51229835e-01, -5.07999718e-01, -5.42995214e-01,  9.13621411e-02,
        -3.21556568e-01, -2.07756877e-01, -1.69029868e+00, -3.09883012e-03,
         1.55807771e-02,  2.82607883e-01, -1.22247748e-01, -7.45653734e-03,
        -1.06265604e-01,  7.52102584e-03, -2.08238482e-01,  7.08576962e-02,
         3.89802575e-01,  3.55087042e-01, -3.89133513e-01,  2.00147271e-01,
         4.07753974e-01, -7.90472627e-01,  1.23964427e-02, -7.23630369e-01,
        -6.61206603e-01,  3.99436682e-01, -5.98541141e-01,  8.77323672e-02,
        -4.30129707e-01,  9.34520215e-02, -4.68276814e-02, -4.78297807e-02,
        -8.73704851e-01, -1.69827461e-01, -7.21974015e-01,  1.86669692e-01,
        -3.69798362e-01, -5.52650511e-01,  1.56800002e-01, -9.19911146e-01,
        -9.16041359e-02,  1.74531385e-01, -1.26905131e+00, -1.22923180e-01,
        -2.50194550e-01, -3.03007476e-02, -3.56923610e-01, -8.08928728e-01,
         8.50063384e-01, -2.03361124e-01,  6.68130815e-01, -6.80900216e-01,
        -6.17457807e-01,  1.22035928e-01, -2.11264238e-01,  1.23584700e+00,
         1.17502439e+00, -2.34128401e-01, -1.60787538e-01,  7.38414228e-02,
        -1.33582056e-01,  7.74920583e-01, -3.21468502e-01, -1.40576720e-01,
        -1.61444473e+00,  7.77879655e-01,  1.07417211e-01,  1.47365332e+00,
         5.60265601e-01,  7.87338972e-01,  5.54217756e-01,  8.02775621e-02,
         8.77526402e-02,  1.60437298e+00,  4.89502549e-01,  6.01132095e-01,
         8.89322340e-01,  1.39030015e+00,  1.61813998e+00,  2.45166540e+00,
         1.64785337e+00,  8.57050180e-01,  1.20887600e-01,  8.53569150e-01,
         1.57425463e-01, -6.21988595e-01,  1.79824829e-01,  2.94107795e-01,
         4.54425812e-01,  2.10642412e-01, -1.15671262e-01, -6.42820597e-02,
         1.48655236e-01, -2.34730780e-01, -9.99075234e-01, -2.21756101e-01,
        -1.70345151e+00,  4.10265848e-02, -1.49118766e-01, -5.74269354e-01,
        -5.66403687e-01, -1.44025815e+00,  1.99907020e-01, -3.24873894e-01,
         4.59470004e-02,  1.27865747e-01,  9.31860983e-01,  4.54448372e-01,
        -3.32810700e-01,  1.23880517e+00,  9.65313971e-01,  2.39875600e-01,
        -2.59065300e-01, -9.04840052e-01,  3.19715232e-01,  5.45683146e-01,
        -1.05933659e-01, -1.48724127e+00, -1.33626556e+00, -6.56569839e-01,
        -1.43237364e+00, -1.33499289e+00, -1.30970728e+00, -8.19789112e-01,
        -9.13732111e-01, -9.27540958e-01,  1.29020840e-01,  9.70188200e-01,
         1.74291849e+00,  7.11579859e-01, -2.02445254e-01, -1.44928366e-01,
        -1.38221955e+00,  1.95282185e+00,  4.22183871e-02, -1.05157554e+00,
        -4.83649373e-01, -1.61118694e-02, -4.43899065e-01, -9.24481153e-01,
         2.75458932e-01, -1.10445404e+00, -8.04665983e-01, -3.93546745e-02,
        -2.14162064e+00, -1.59074247e+00, -2.02851534e+00, -1.36432850e+00,
        -3.41740072e-01, -1.07874072e+00, -1.28705394e+00, -1.16545320e+00,
         3.75950873e-01,  6.15289509e-01,  1.87813967e-01,  6.24962151e-02,
         3.98842156e-01,  3.45540226e-01,  4.34588492e-01, -3.41438890e-01,
        -8.73434663e-01,  2.84769595e-01, -3.75501961e-01, -3.06481838e-01,
         4.13123965e-02, -5.72232902e-01,  1.07303515e-01, -6.54011130e-01,
        -5.48509717e-01,  1.77797765e-01,  1.37912631e-01, -7.71376073e-01,
         4.68094289e-01,  3.74754161e-01,  8.56804967e-01, -2.77962059e-01,
         7.26769805e-01,  6.70954213e-02,  3.07417512e-01, -6.73576534e-01,
         3.64757270e-01, -4.09546316e-01, -8.15868318e-01, -8.72946531e-02,
        -1.08796036e+00, -9.27852392e-02, -1.29699016e+00, -1.90631792e-01,
        -2.73175240e-01, -1.10887361e+00, -9.97507811e-01,  1.15868382e-01,
        -1.03948820e+00, -7.59848893e-01, -3.16740751e-01,  3.22244853e-01,
        -5.49743593e-01,  3.59748542e-01,  5.77072278e-02, -1.64136600e+00,
        -4.85895395e-01,  8.16347420e-01,  8.46284926e-02,  3.35718900e-01,
        -1.01687908e+00,  1.90382493e+00, -6.49217367e-01,  7.28212774e-01,
         1.78170562e-01,  3.75586092e-01,  3.92381996e-01, -4.59983706e-01,
         8.14995170e-01,  1.42861724e+00,  1.23559308e+00,  2.93588579e-01,
         3.75552624e-01,  3.57325554e-01, -9.60886836e-01, -4.36011165e-01,
         5.68721294e-01,  5.20131648e-01,  6.85351491e-01, -6.26246929e-01,
         7.28738606e-02, -9.29343104e-01, -9.44324672e-01, -6.78076565e-01,
        -2.29593888e-01,  7.48774827e-01, -4.08615947e-01,  1.11827111e+00,
         2.03315184e-01, -3.65013838e-01,  7.79334247e-01,  2.82240212e-01,
        -2.04709470e-02,  1.21542156e+00,  6.67582035e-01,  2.96374202e-01,
        -5.35750449e-01, -5.62202215e-01,  1.61802149e+00, -5.08238256e-01,
        -4.20118839e-01,  1.20934200e+00, -1.36345375e+00, -3.63670647e-01,
        -7.88195372e-01,  5.36756158e-01, -8.40724051e-01, -2.21023895e-02,
         3.78687382e-01,  6.59108758e-01, -6.40743971e-01,  2.14842051e-01,
        -1.70948958e+00, -1.41874254e-01,  8.96002173e-01, -1.39795572e-01,
        -6.68846630e-03,  4.77637678e-01, -8.54590774e-01, -1.29975092e+00,
         9.80451107e-01,  6.62033498e-01,  1.64569175e+00, -1.08318019e+00,
         3.92095119e-01, -9.40909564e-01, -1.75222659e+00,  1.41072416e+00,
         1.63273656e+00, -1.06488895e+00, -5.20882487e-01, -6.27969682e-01,
         1.69309628e+00,  5.01009643e-01,  5.27923882e-01, -4.07234639e-01,
        -1.36085665e+00,  7.28661776e-01,  7.76818514e-01,  2.02776146e+00,
        -4.83307481e-01,  3.78251284e-01, -1.57829121e-01, -6.96200132e-01,
        -3.16217989e-01,  7.42295086e-01,  9.03936863e-01,  1.16940570e+00,
        -5.11941195e-01,  9.49316740e-01,  1.33151174e+00,  4.04217452e-01,
        -1.99536324e+00,  1.93906963e-01, -7.01104999e-01,  8.92364681e-02,
         3.81646633e-01,  4.43595089e-03, -1.39117920e+00,  4.27824289e-01,
         1.17033613e+00, -1.04029775e+00, -1.23237157e+00, -3.41242492e-01,
        -4.19166774e-01, -7.74417296e-02, -1.00127280e+00, -3.81246239e-01,
        -1.63131571e+00,  4.54055756e-01,  2.21702352e-01, -9.95593011e-01,
        -5.86412489e-01,  2.00244740e-01, -1.00745559e+00, -3.38963330e-01,
        -5.82392871e-01, -1.66720116e+00,  4.18219656e-01,  1.50392091e+00,
        -4.01120752e-01, -8.81347120e-01,  1.95926654e+00,  9.45665479e-01,
         5.06771684e-01, -4.84919012e-01,  1.30933869e+00, -1.77193522e+00,
        -8.90209317e-01, -1.03790414e+00,  5.60526907e-01,  1.47068250e+00,
        -1.95140719e-01, -9.44969058e-01,  1.25416303e+00, -1.12703705e+00,
        -1.61223039e-01,  3.92946780e-01,  7.75883943e-02, -1.49580550e+00,
         1.51418304e+00,  1.31051803e+00, -1.00663602e+00, -1.15238011e+00,
         1.20533860e+00,  7.13703990e-01, -6.44214451e-01,  5.24771750e-01,
         4.38895750e+00,  2.22739244e+00,  5.21228135e-01,  4.36226726e-01,
        -8.15109313e-01, -1.95835024e-01,  2.93185472e+00,  3.78775358e-01,
         9.48816240e-02,  1.59310412e+00, -3.23695064e-01,  1.68166518e-01,
         3.68685067e-01, -1.23477077e+00, -8.73599574e-02, -9.30213511e-01,
         9.79106009e-01, -9.14945960e-01, -6.19679034e-01, -2.48294279e-01,
        -1.02068186e+00,  9.61439192e-01,  1.07411169e-01,  1.75077033e+00,
         1.73771548e+00,  3.73629302e-01, -1.00673521e+00, -9.23383296e-01,
         4.06371534e-01,  3.88456315e-01, -8.72554719e-01, -1.66445658e-01,
         6.84917748e-01,  5.98561391e-02,  9.04604554e-01,  3.05429983e+00,
        -2.79823512e-01,  3.79970759e-01, -1.11152172e-01, -7.72696733e-01,
         9.60909277e-02, -1.42358720e+00,  1.94384015e+00,  1.22339165e+00,
         4.82749611e-01, -5.42216778e-01,  1.38260114e+00, -1.28759634e+00,
         4.28677976e-01,  1.30839443e+00,  2.40811985e-02,  6.78156853e-01,
         7.79462531e-02,  8.00175071e-02,  3.23884755e-01,  1.21285212e+00,
         1.42975077e-02, -2.75295705e-01,  3.86173218e-01, -6.01727545e-01,
        -2.43448839e-02, -4.36170280e-01,  5.18384099e-01,  2.45018315e+00,
         2.05496597e+00,  9.83427465e-02,  5.55536687e-01,  8.45422521e-02,
        -4.49058831e-01, -6.23658717e-01,  1.05242729e+00,  3.02176774e-01,
        -1.36469936e+00,  7.41836369e-01, -1.00007904e+00, -5.09006262e-01,
         2.27501440e+00,  6.03582151e-02, -1.29681599e+00,  2.79073305e-02,
         5.69317460e-01, -4.75534238e-02, -5.61500713e-02, -4.44188327e-01,
        -1.59538829e+00, -1.02410734e-01,  6.47148583e-03, -4.05757785e-01,
         1.32850242e+00, -1.61421084e+00,  4.77601707e-01,  8.98893327e-02,
         1.02354181e+00, -1.71196461e+00,  1.47096658e+00,  3.21782851e+00,
        -7.35233486e-01, -6.13030791e-01, -3.57958555e-01,  8.33085954e-01,
         2.62241542e-01,  9.18532312e-01, -9.82517898e-01, -2.07039900e-03,
         9.24393415e-01, -1.18096340e+00,  3.49968731e-01, -1.49496853e+00,
         3.16937542e+00, -1.10831551e-01, -1.22720456e+00, -5.88356912e-01,
        -7.61495605e-02,  1.27301240e+00,  9.41350162e-02,  5.03739454e-02,
         3.68699431e-01,  9.21746135e-01, -3.75595212e-01, -9.68635455e-02,
        -1.09471262e+00, -2.26130113e-01, -1.75275758e-01, -1.35763693e+00,
         2.70688273e-02,  1.35751688e+00, -1.50310352e-01,  1.22231077e-02,
        -4.20998156e-01,  1.99376538e-01, -1.30235529e+00, -5.42999506e-01,
         2.25523663e+00, -7.17576861e-01, -1.97330654e+00, -3.77521425e-01,
         9.15284276e-01,  3.75140190e-01, -1.71522900e-01,  3.71399194e-01,
         6.89445198e-01, -4.05213684e-01,  6.95315003e-02, -7.73180425e-02,
         6.30120188e-02,  4.01643753e-01,  3.91597599e-01,  1.43750638e-01,
         1.05415821e+00, -5.54716051e-01, -2.96795636e-01,  8.63088012e-01,
        -8.59773695e-01,  7.18172610e-01, -4.21966285e-01,  8.90760958e-01,
         1.10033333e+00,  4.59620953e-01, -4.45997268e-02, -1.22513139e+00,
         6.82991982e-01, -5.37812829e-01,  6.04541600e-01, -4.90766138e-01,
        -2.40550682e-01,  3.41668397e-01,  8.04058015e-01, -1.11228749e-02,
        -1.43354607e+00,  7.21868336e-01, -1.97692680e+00,  7.76334286e-01,
         3.55851829e-01, -4.71541882e-01, -1.72856724e+00,  7.85891473e-01,
        -2.47445688e-01,  1.51814783e+00, -8.42014909e-01, -2.47813672e-01,
         4.33999956e-01, -7.93364272e-02,  4.77827579e-01, -1.71175587e+00,
        -9.66770768e-01,  1.99911249e+00, -4.39868271e-01, -7.10646287e-02,
         8.84284854e-01,  1.20534635e+00, -2.13616699e-01,  1.62901014e-01,
        -6.79625645e-02,  8.33923221e-01,  4.88780022e-01, -1.60580128e-01,
         5.17018616e-01,  1.95211124e+00,  8.39694023e-01, -1.33141065e+00,
         3.98283541e-01,  6.58110529e-02, -1.75661251e-01,  4.42622513e-01,
         9.88324523e-01,  1.37679946e+00,  4.58261877e-01, -1.62836611e-01,
         8.85578215e-01, -4.20384854e-01,  2.15087461e+00,  2.72632927e-01,
        -1.40802300e+00,  3.32342654e-01, -1.19571066e+00,  5.22925496e-01,
         1.07624257e+00,  3.86615038e-01, -1.15598023e+00,  2.58529603e-01,
         7.00692594e-01, -1.86274946e-01, -7.38029957e-01,  1.80997521e-01,
        -6.66575313e-01,  5.76599777e-01,  2.93682194e+00, -1.29372567e-01,
         8.08848977e-01, -8.74266386e-01, -1.26743436e+00, -1.79499343e-01,
        -4.86095130e-01,  2.81393600e+00, -2.72395253e-01,  5.03543615e-01,
         2.94910558e-02,  5.24340391e-01,  3.48099899e+00, -9.91216898e-02,
         2.80124526e-02,  6.53562367e-01, -2.90105313e-01,  2.85140467e+00,
         7.80376375e-01, -3.92708272e-01,  9.20705274e-02,  2.14393646e-01,
        -2.67982036e-01, -3.82802606e-01, -1.46287930e+00,  1.89316720e-01,
        -1.43906283e+00,  6.72946393e-01,  4.07409310e-01,  1.69781864e+00,
         1.08110642e+00,  3.62359919e-02,  1.23256952e-01,  2.21446776e+00,
        -3.68824631e-01, -6.81010261e-03,  1.97324610e+00,  2.34615850e+00,
        -1.04000664e+00, -1.30077004e-01,  3.76765877e-01, -6.25749826e-01,
        -4.46970016e-02, -1.12936354e+00,  2.84350753e-01,  1.91778207e+00,
         6.41164839e-01, -2.40386024e-01, -5.42470336e-01,  7.08782136e-01,
        -1.06188381e+00, -1.49984074e+00,  3.09765577e-01, -1.41240859e+00,
        -3.26083638e-02,  4.85615164e-01, -4.74611521e-01,  1.32876813e-01,
         8.81919265e-01, -1.15425229e+00, -3.03452611e-01,  8.39938939e-01,
         8.33512068e-01,  1.19953668e+00,  1.31798112e+00, -6.07429326e-01,
         7.75790513e-01, -1.69525728e-01, -2.67752767e-01,  3.48387671e+00,
         4.64022547e-01, -1.03412867e+00,  3.01075006e+00,  1.08886801e-01,
        -2.52456880e+00, -1.64043561e-01, -3.18864845e-02,  7.28960097e-01,
        -2.37813164e-02,  5.71835101e-01,  9.85748172e-01, -1.25953650e+00,
        -6.73697948e-01, -7.57585704e-01, -6.40532434e-01,  4.65413898e-01,
         2.00493336e+00, -7.94808924e-01, -3.52297395e-01, -3.76795173e-01,
         9.84173179e-01, -1.20971717e-01, -1.54378569e+00,  5.11416137e-01,
         1.39723957e+00,  7.90391386e-01, -5.28348327e-01,  1.54881835e+00,
         1.04898894e+00,  4.66220617e-01,  2.89012343e-01,  8.32610965e-01,
         2.93013304e-01,  1.19968665e+00,  4.90908086e-01, -1.44213676e-01,
        -3.40647936e-01,  1.14350820e+00, -1.60115075e+00, -5.59196651e-01,
         2.96666813e+00, -1.71627015e-01,  1.85678029e+00, -1.00390685e+00,
         6.00000024e-01,  6.09269917e-01,  1.08779705e+00,  4.09779489e-01,
        -4.17121649e-02, -1.17351425e+00,  2.73015201e-01,  1.46541798e+00,
         6.23957729e+00,  5.49493551e+00,  4.10356194e-01,  2.04719603e-01,
        -8.30005109e-02,  8.14435303e-01, -5.07703185e-01,  6.32321000e-01,
        -6.74470484e-01, -1.74734795e+00, -6.70906544e-01, -1.82819262e-01,
         1.55763054e+00,  1.12689510e-01, -7.52540827e-02,  2.37277806e-01,
         1.55253923e+00,  1.75804734e+00,  1.42178345e+00, -1.49712473e-01,
        -2.03090310e+00,  1.40176761e+00,  2.71861196e-01, -7.29026139e-01,
        -1.32685089e+00,  3.50677222e-01, -5.99675775e-01, -6.86107576e-01,
        -1.17509890e+00, -1.27948749e+00, -1.05142713e+00, -6.93950057e-01,
        -9.53006685e-01, -7.69129276e-01, -9.35415447e-01, -5.87699652e-01,
        -1.34633493e+00, -9.16154146e-01, -2.50824630e-01, -4.93256986e-01,
        -2.47220922e+00, -1.65741950e-01, -7.52077043e-01,  4.06869650e-01,
         2.39515066e-01,  8.64478707e-01,  1.12116623e+00,  4.84533794e-02,
        -1.10823655e+00, -9.14374068e-02, -1.59472108e-01, -1.18171942e+00,
        -1.50420427e+00, -1.20295636e-01, -2.77080327e-01, -1.35338879e+00,
        -8.34914982e-01, -1.06386745e+00,  2.25149766e-02, -4.97958392e-01,
        -5.94834507e-01, -9.90637779e-01,  1.56494379e+00, -7.12365031e-01,
         5.68463624e-01, -8.83491337e-02, -1.16125262e+00,  2.29523349e+00,
        -1.40159476e+00, -5.38236022e-01,  1.21757567e+00,  1.24615800e+00,
        -1.65159857e+00, -4.55023259e-01, -1.10899821e-01, -1.01507854e+00,
         1.89747190e+00, -4.99409214e-02,  7.58113503e-01, -2.88771003e-01,
        -5.25038779e-01,  9.64372516e-01, -5.51561534e-01,  2.38346964e-01,
        -1.06736660e+00,  7.27884114e-01, -8.37202966e-01, -6.62342668e-01,
         1.33900806e-01, -1.27705073e+00, -1.46300566e+00, -6.30119085e-01,
        -6.25876844e-01, -1.69266438e+00,  2.92171478e-01, -3.39080930e-01],
       device='cuda:0')
Clean RHS: tensor([[0.19787174]], device='cuda:0')
Split layers:
Nonlinear functions:
   BoundRelu(name=/66, inputs=[/input], perturbed=True)
   BoundRelu(name=/68, inputs=[/input-4], perturbed=True)
   BoundRelu(name=/71, inputs=[/input-12], perturbed=True)
   BoundRelu(name=/73, inputs=[/input-16], perturbed=True)
   BoundRelu(name=/76, inputs=[/input-24], perturbed=True)
   BoundRelu(name=/78, inputs=[/input-28], perturbed=True)
   BoundRelu(name=/80, inputs=[/input-32], perturbed=True)
   BoundRelu(name=/83, inputs=[/input-40], perturbed=True)
   BoundRelu(name=/85, inputs=[/input-44], perturbed=True)
   BoundRelu(name=/87, inputs=[/input-48], perturbed=True)
   BoundRelu(name=/90, inputs=[/input-56], perturbed=True)
   BoundRelu(name=/92, inputs=[/input-60], perturbed=True)
   BoundRelu(name=/94, inputs=[/input-64], perturbed=True)
   BoundRelu(name=/98, inputs=[/input-68], perturbed=True)
   BoundRelu(name=/101, inputs=[/input-72], perturbed=True)
   BoundRelu(name=/input-8/conv_1_relu, inputs=[/input-8/conv_1], perturbed=True)
   BoundRelu(name=/input-8/conv_3_relu, inputs=[/input-8/conv_3], perturbed=True)
   BoundRelu(name=/input-20/conv_1_relu, inputs=[/input-20/conv_1], perturbed=True)
   BoundRelu(name=/input-20/conv_3_relu, inputs=[/input-20/conv_3], perturbed=True)
   BoundRelu(name=/input-36/conv_1_relu, inputs=[/input-36/conv_1], perturbed=True)
   BoundRelu(name=/input-36/conv_3_relu, inputs=[/input-36/conv_3], perturbed=True)
   BoundRelu(name=/input-52/conv_1_relu, inputs=[/input-52/conv_1], perturbed=True)
   BoundRelu(name=/input-52/conv_3_relu, inputs=[/input-52/conv_3], perturbed=True)
   BoundRelu(name=/95/conv_1_relu, inputs=[/95/conv_1], perturbed=True)
   BoundRelu(name=/95/conv_3_relu, inputs=[/95/conv_3], perturbed=True)
Batched CROWN: node BoundConv(name=/input-4, inputs=[/66, /35, /36], perturbed=True), unstable size 70342
Batched CROWN: node BoundConv(name=/input-8/conv_1, inputs=[/68, /input-8/conv_1_w], perturbed=True), unstable size 126016
Batched CROWN: node BoundConv(name=/input-8/conv_3, inputs=[/input-8/add_1_2, /input-8/conv_3_w], perturbed=True), unstable size 27695
Batched CROWN: node BoundConv(name=/input-12, inputs=[/input-8/add_3_4, /37, /38], perturbed=True), unstable size 477336
Batched CROWN: node BoundConv(name=/input-16, inputs=[/71, /39, /40], perturbed=True), unstable size 1573475
Batched CROWN: node BoundConv(name=/input-20/conv_1, inputs=[/73, /input-20/conv_1_w], perturbed=True), unstable size 27122
Batched CROWN: node BoundConv(name=/input-20/conv_3, inputs=[/input-20/add_1_2, /input-20/conv_3_w], perturbed=True), unstable size 13690
Batched CROWN: node BoundConv(name=/input-24, inputs=[/input-20/add_3_4, /41, /42], perturbed=True), unstable size 388512
Batched CROWN: node BoundConv(name=/input-28, inputs=[/76, /43, /44], perturbed=True), unstable size 796780
Batched CROWN: node BoundConv(name=/input-32, inputs=[/78, /45, /46], perturbed=True), unstable size 187919
Batched CROWN: node BoundConv(name=/input-36/conv_1, inputs=[/80, /input-36/conv_1_w], perturbed=True), unstable size 33706
Batched CROWN: node BoundConv(name=/input-36/conv_3, inputs=[/input-36/add_1_2, /input-36/conv_3_w], perturbed=True), unstable size 20990
Batched CROWN: node BoundConv(name=/input-40, inputs=[/input-36/add_3_4, /47, /48], perturbed=True), unstable size 352464
Batched CROWN: node BoundConv(name=/input-44, inputs=[/83, /49, /50], perturbed=True), unstable size 280623
Batched CROWN: node BoundConv(name=/input-48, inputs=[/85, /51, /52], perturbed=True), unstable size 291196
Batched CROWN: node BoundConv(name=/input-52/conv_1, inputs=[/87, /input-52/conv_1_w], perturbed=True), unstable size 15381
Batched CROWN: node BoundConv(name=/input-52/conv_3, inputs=[/input-52/add_1_2, /input-52/conv_3_w], perturbed=True), unstable size 9663
Batched CROWN: node BoundConv(name=/input-56, inputs=[/input-52/add_3_4, /53, /54], perturbed=True), unstable size 99075
Batched CROWN: node BoundConv(name=/input-60, inputs=[/90, /55, /56], perturbed=True), unstable size 100347
